(lldb) target create "<USER_HOME>/MGL/Khronos_AppleICDs/OpenGL_4.6(Core Profile)/Apple_ICD/../mesa/build-ao46-asahi-arm64/src/asahi/lib/asahi_macos_compute_resource_record_trace"
Current executable set to '<USER_HOME>/MGL/Khronos_AppleICDs/OpenGL_4.6(Core Profile)/mesa/build-ao46-asahi-arm64/src/asahi/lib/asahi_macos_compute_resource_record_trace' (arm64).
(lldb) settings set target.env-vars 'DYLD_INSERT_LIBRARIES=<USER_HOME>/MGL/Khronos_AppleICDs/OpenGL_4.6(Core Profile)/Apple_ICD/../mesa/build-ao46-asahi-arm64/src/asahi/lib/libwrap.dylib' 'AGX_TRACE_UNBUFFERED=1' 'AGX_TRACE_CALL_SHAPES=1' 'AGX_TRACE_NOTIFICATION_PORTS=1' 'AGX_TRACE_ALLOCATION_REQUESTS=1' 'AGX_TRACE_SUBMISSION_DETAILS=1' 'AGX_TRACE_RESOURCE_REFS=1' 'AGX_TRACE_TRAP_AUX=1' 'AGX_TRACE_AUX_ANALYSIS=1' 'AGX_TRACE_AUX_EXTENDED=1'
(lldb) breakpoint set --name IOGPUMetalCommandBufferStorageBeginKernelCommands
Breakpoint 1: no locations (pending).
WARNING:  Unable to resolve breakpoint to any actual locations.
(lldb) breakpoint set --name IOGPUMetalCommandBufferStorageBeginSegment
Breakpoint 2: no locations (pending).
WARNING:  Unable to resolve breakpoint to any actual locations.
(lldb) breakpoint set --name IOGPUMetalCommandBufferStorageGrowKernelCommandBuffer
Breakpoint 3: no locations (pending).
WARNING:  Unable to resolve breakpoint to any actual locations.
(lldb) breakpoint set --name IOGPUMetalCommandBufferStorageEndKernelCommands
Breakpoint 4: no locations (pending).
WARNING:  Unable to resolve breakpoint to any actual locations.
(lldb) breakpoint set --name IOGPUMetalCommandBufferStorageEndSegment
Breakpoint 5: no locations (pending).
WARNING:  Unable to resolve breakpoint to any actual locations.
(lldb) breakpoint set --name IOGPUMetalCommandBufferStorageAllocResourceAtIndex
Breakpoint 6: no locations (pending).
WARNING:  Unable to resolve breakpoint to any actual locations.
(lldb) breakpoint set --name IOGPUMetalCommandBufferStorageAllocSidebandBuffer
Breakpoint 7: no locations (pending).
WARNING:  Unable to resolve breakpoint to any actual locations.
(lldb) breakpoint set --name IOGPUMetalCommandBufferStorageGrowSidebandBuffer
Breakpoint 8: no locations (pending).
WARNING:  Unable to resolve breakpoint to any actual locations.
(lldb) breakpoint set --name IOGPUMetalCommandBufferStorageMergeResidencySetList
Breakpoint 9: no locations (pending).
WARNING:  Unable to resolve breakpoint to any actual locations.
(lldb) breakpoint set --name IOGPUMetalCommandBufferStorageFinalizeResidencySetList
Breakpoint 10: no locations (pending).
WARNING:  Unable to resolve breakpoint to any actual locations.
(lldb) breakpoint set --name IOGPUMetalResidencySetListCreate
Breakpoint 11: no locations (pending).
WARNING:  Unable to resolve breakpoint to any actual locations.
(lldb) breakpoint set --name IOGPUMetalResidencySetListDestroy
Breakpoint 12: no locations (pending).
WARNING:  Unable to resolve breakpoint to any actual locations.
(lldb) breakpoint set --name IOGPUResourceListAddResource
Breakpoint 13: no locations (pending).
WARNING:  Unable to resolve breakpoint to any actual locations.
(lldb) breakpoint set --name IOGPUResourceListMerge
Breakpoint 14: no locations (pending).
WARNING:  Unable to resolve breakpoint to any actual locations.
(lldb) breakpoint set --name IOGPUResourceListMergeLists
Breakpoint 15: no locations (pending).
WARNING:  Unable to resolve breakpoint to any actual locations.
(lldb) breakpoint set --name IOGPUResourceListReset
Breakpoint 16: no locations (pending).
WARNING:  Unable to resolve breakpoint to any actual locations.
(lldb) breakpoint set --name IOGPUResourceGroupUpdateResources
Breakpoint 17: no locations (pending).
WARNING:  Unable to resolve breakpoint to any actual locations.
(lldb) breakpoint set --name IOGPUMetalCommandBufferStorageCreateExt
Breakpoint 18: no locations (pending).
WARNING:  Unable to resolve breakpoint to any actual locations.
(lldb) breakpoint set --name IOGPUCommandQueueSubmitCommandBuffers
Breakpoint 19: no locations (pending).
WARNING:  Unable to resolve breakpoint to any actual locations.
(lldb) breakpoint set --name IOConnectTrap4
Breakpoint 20: where = IOKit`IOConnectTrap4, address = 0x0000000184871d5c
(lldb) breakpoint set --name IOGPUResourceCreate
Breakpoint 21: no locations (pending).
WARNING:  Unable to resolve breakpoint to any actual locations.
(lldb) breakpoint set --name IOGPUResourceGetGPUVirtualAddress
Breakpoint 22: no locations (pending).
WARNING:  Unable to resolve breakpoint to any actual locations.
(lldb) breakpoint set --name IOGPUResourceRelease
Breakpoint 23: no locations (pending).
WARNING:  Unable to resolve breakpoint to any actual locations.
(lldb) breakpoint set --name "-[IOGPUMetalCommandBuffer fillCommandBufferArgs:commandQueue:]"
Breakpoint 24: no locations (pending).
WARNING:  Unable to resolve breakpoint to any actual locations.
(lldb) breakpoint set --name IOGPUMetalResourcePoolCreatePooledResource
Breakpoint 25: no locations (pending).
WARNING:  Unable to resolve breakpoint to any actual locations.
(lldb) breakpoint set --name "-[IOGPUMetalCommandBuffer initWithQueue:retainedReferences:synchronousDebugMode:]"
Breakpoint 26: no locations (pending).
WARNING:  Unable to resolve breakpoint to any actual locations.
(lldb) breakpoint set --name IOGPUMetalCommandBufferStoragePoolCreateStorage
Breakpoint 27: no locations (pending).
WARNING:  Unable to resolve breakpoint to any actual locations.
(lldb) breakpoint set --name "-[IOGPUMetalCommandBuffer beginSegment:]"
Breakpoint 28: no locations (pending).
WARNING:  Unable to resolve breakpoint to any actual locations.
(lldb) command script import '<USER_HOME>/MGL/Khronos_AppleICDs/OpenGL_4.6(Core Profile)/Apple_ICD/scripts/agx_private_winsys_capture.py'
(lldb) breakpoint command add -F agx_private_winsys_capture.capture_begin_kernel_commands 1
(lldb) breakpoint command add -F agx_private_winsys_capture.capture_begin_segment 2
(lldb) breakpoint command add -F agx_private_winsys_capture.capture_grow_kernel_command_buffer 3
(lldb) breakpoint command add -F agx_private_winsys_capture.capture_end_kernel_commands 4
(lldb) breakpoint command add -F agx_private_winsys_capture.capture_end_segment 5
(lldb) breakpoint command add -F agx_private_winsys_capture.capture_alloc_resource_at_index 6
(lldb) breakpoint command add -F agx_private_winsys_capture.capture_alloc_sideband_buffer 7
(lldb) breakpoint command add -F agx_private_winsys_capture.capture_grow_sideband_buffer 8
(lldb) breakpoint command add -F agx_private_winsys_capture.capture_merge_residency_set_list 9
(lldb) breakpoint command add -F agx_private_winsys_capture.capture_finalize_residency_set_list 10
(lldb) breakpoint command add -F agx_private_winsys_capture.capture_residency_set_list_create 11
(lldb) breakpoint command add -F agx_private_winsys_capture.capture_residency_set_list_destroy 12
(lldb) breakpoint command add -F agx_private_winsys_capture.capture_resource_list_add_resource 13
(lldb) breakpoint command add -F agx_private_winsys_capture.capture_resource_list_merge 14
(lldb) breakpoint command add -F agx_private_winsys_capture.capture_resource_list_merge_lists 15
(lldb) breakpoint command add -F agx_private_winsys_capture.capture_resource_list_reset 16
(lldb) breakpoint command add -F agx_private_winsys_capture.capture_resource_group_update 17
(lldb) breakpoint command add -F agx_private_winsys_capture.capture_command_storage_create 18
(lldb) breakpoint command add -F agx_private_winsys_capture.capture_queue_submit 19
(lldb) breakpoint command add -F agx_private_winsys_capture.capture_trap4 20
(lldb) breakpoint command add -F agx_private_winsys_capture.capture_resource_create 21
(lldb) breakpoint command add -F agx_private_winsys_capture.capture_resource_gpu_address 22
(lldb) breakpoint command add -F agx_private_winsys_capture.capture_resource_release 23
(lldb) breakpoint command add -F agx_private_winsys_capture.capture_command_buffer_fill 24
(lldb) breakpoint command add -F agx_private_winsys_capture.capture_resource_pool_create_pooled_resource 25
(lldb) breakpoint command add -F agx_private_winsys_capture.capture_command_buffer_init 26
(lldb) breakpoint command add -F agx_private_winsys_capture.capture_storage_pool_create 27
(lldb) breakpoint command add -F agx_private_winsys_capture.capture_command_buffer_begin_segment 28
(lldb) run
1 location added to breakpoint 1
1 location added to breakpoint 2
1 location added to breakpoint 3
1 location added to breakpoint 4
1 location added to breakpoint 5
1 location added to breakpoint 6
1 location added to breakpoint 7
1 location added to breakpoint 8
1 location added to breakpoint 9
1 location added to breakpoint 10
1 location added to breakpoint 11
1 location added to breakpoint 12
1 location added to breakpoint 13
1 location added to breakpoint 14
1 location added to breakpoint 15
1 location added to breakpoint 16
1 location added to breakpoint 17
1 location added to breakpoint 18
1 location added to breakpoint 19
1 location added to breakpoint 21
1 location added to breakpoint 22
1 location added to breakpoint 23
1 location added to breakpoint 24
1 location added to breakpoint 25
1 location added to breakpoint 26
1 location added to breakpoint 27
1 location added to breakpoint 28
AO46_AGX_PRIVATE_WINSYS_RESOURCE_CREATE_RECORD address=0x000000094cca59d8 bytes=0000000000000000010001000100000001010001300400000000000000000000000000000000000000000000000000000000000000000000000000000000000000000000000000000000010000000000000000000000000000000008180000000000000000000000
AO46_AGX_PRIVATE_WINSYS_CALL name=resource-create capture_id=1 return_hook=1 x0=0x000000094cc70110 x1=0x000000094cca59d8 x2=0x0000000000000068 x3=0x000000094cc5f1c0 x4=0x000000094cc5e880 x5=0x0000000000000001
AO46_AGX_PRIVATE_WINSYS_RETURN capture_id=1 name=resource-create storage=0x000000094cc70110 x0=0x000000094cc04150 x1=0x000000016fdfdc28
AO46_AGX_PRIVATE_WINSYS_CALL name=resource-gpu-address capture_id=2 return_hook=1 x0=0x000000094cc04150 x1=0x00000001f3f76da8 x2=0x00000001a8a3c758 x3=0x000000094cc041c8 x4=0xffffffffffffe988 x5=0x0000000000000010
AO46_AGX_PRIVATE_WINSYS_RETURN capture_id=2 name=resource-gpu-address storage=0x000000094cc04150 x0=0x0000010000000000 x1=0x00000001f3f76da8
2E03: call 107, wake port 2F13 (out 0x0, 0)
, references:  0 10dae43c4 94cca4000
return 0
AO46_AGX_PRIVATE_WINSYS_RESOURCE_CREATE_RECORD address=0x000000016fdfe060 bytes=0000000000000000010001000100000001010001700400000000000000000000000000000000000000000000000000000100000000000000000000000000000000000000000000000038000000000000000000000000000000000058180000000000000000000000
AO46_AGX_PRIVATE_WINSYS_CALL name=resource-create capture_id=3 return_hook=1 x0=0x000000094cc70110 x1=0x000000016fdfe060 x2=0x0000000000000068 x3=0x0000000000000001 x4=0x0000000000000000 x5=0x000000016fdfe060
AO46_AGX_PRIVATE_WINSYS_RETURN capture_id=3 name=resource-create storage=0x000000094cc70110 x0=0x000000094cc04290 x1=0x000000016fdfdd58
AO46_AGX_PRIVATE_WINSYS_CALL name=resource-gpu-address capture_id=4 return_hook=1 x0=0x000000094cc04290 x1=0x00000001f3f76da8 x2=0x00000001a8a3c758 x3=0x000000094cc04308 x4=0xffffffffffffe988 x5=0x0000000000000020
AO46_AGX_PRIVATE_WINSYS_RETURN capture_id=4 name=resource-gpu-address storage=0x000000094cc04290 x0=0x0000006f00000000 x1=0x00000001f3f76da8
AO46_AGX_PRIVATE_WINSYS_RESOURCE_CREATE_RECORD address=0x000000094cca5930 bytes=0000000000000000010001000100000001010001300400000000000000000000000000000000000000000000000000000000000000000000000000000000000000000000000000000000010000000000000000000000000000000008180000000000000000000000
AO46_AGX_PRIVATE_WINSYS_CALL name=resource-create capture_id=5 return_hook=1 x0=0x000000094cc70110 x1=0x000000094cca5930 x2=0x0000000000000068 x3=0x0000000000000001 x4=0x0000000000000000 x5=0x000000094cca5930
AO46_AGX_PRIVATE_WINSYS_RETURN capture_id=5 name=resource-create storage=0x000000094cc70110 x0=0x000000094cc04470 x1=0x000000016fdfc0b8
AO46_AGX_PRIVATE_WINSYS_CALL name=resource-gpu-address capture_id=6 return_hook=1 x0=0x000000094cc04470 x1=0x000000094cc04470 x2=0x0000000000000000 x3=0x000000094cc044e8 x4=0xffffffffffffe988 x5=0x0000000000000020
AO46_AGX_PRIVATE_WINSYS_RETURN capture_id=6 name=resource-gpu-address storage=0x000000094cc04470 x0=0x0000010000018000 x1=0x000000094cc04470
Selector 7, 2E03, 2E03
AGX_CALL selector=7 scalar_in=0 struct_in=1040 scalar_out_capacity=0 struct_out_capacity=16
2E03: SET_API(<USER_HOME>/MGL/Khronos_AppleICDs/OpenGL_4.6(Core Profile)/mesa/build-ao46-asahi-arm64/src/asahi/lib/asahi_macos_compute_resource_record_trace)
AGX_RESULT selector=7 status=0 scalar_out=0 struct_out=16
 struct
000000  01 00 00 00 00 00 00 00 EF A9 BC BD 07 00 00 00  | ................


Selector 16, 2E03, 2E03
AGX_CALL selector=16 scalar_in=2 struct_in=0 scalar_out_capacity=0 struct_out_capacity=16
2E03: call 10 (out 0x16fdfdef0, 16) 100 28
AGX_RESULT selector=16 status=0 scalar_out=0 struct_out=16
MODERN_NOTIFICATION_QUEUE data_queue=104e60000 id=1 config=100/28
Allocated notif port 3213
Set noficiation port connect=2E03, type=0, port=3213, reference=1
Selector 28, 2E03, 2E03
AGX_CALL selector=28 scalar_in=2 struct_in=0 scalar_out_capacity=0 struct_out_capacity=0
2E03: call 1C (out 0x0, 0) 1 1
AGX_RESULT selector=28 status=0 scalar_out=0 struct_out=0

AO46_AGX_PRIVATE_WINSYS_RESOURCE_CREATE_RECORD address=0x000000016fdfdcc8 bytes=000000000000000001000100010000000101000170040000000000000000000000000000000000000000000000000000010000000000000000000000000000000000000000000000000002000000000000000000000000000000000000000000c80a0b0e01000000
AO46_AGX_PRIVATE_WINSYS_CALL name=resource-create capture_id=7 return_hook=1 x0=0x000000094cc70110 x1=0x000000016fdfdcc8 x2=0x0000000000000068 x3=0xfffff0007fc00000 x4=0x0000000000000000 x5=0x0000000000000001
Selector 9, 2E03, 2E03
AGX_CALL selector=9 scalar_in=0 struct_in=104 scalar_out_capacity=0 struct_out_capacity=88
2E03: call 9 (out 0x16fdfda90, 88), struct:
000000  00 00 00 00 00 00 00 00 01 00 01 00 01 00 00 00  | ................
000010  01 01 00 01 70 04 00 00 00 00 00 00 00 00 00 00  | ....p...........
000020  00 00 00 00 00 00 00 00 00 00 00 00 00 00 00 00  | ................
000030  01 00 00 00 00 00 00 00 00 00 00 00 00 00 00 00  | ................
000040  00 00 00 00 00 00 00 00 00 00 02 00 00 00 00 00  | ................
000050  00 00 00 00 00 00 00 00 00 00 00 00 00 00 00 00  | ................
000060  C8 0A 0B 0E 01 00 00 00
AGX_RESULT selector=9 status=0 scalar_out=0 struct_out=88
MODERN_ALLOCATE_MEM handle=4 gpu=10000030000 cpu=104e64000 size=20000 attributes=0 storage=0x470 write_combined=0 private=0 reused=0
MODERN_ALLOCATE_REQUEST size_units_candidate=2
MODERN_ALLOCATE_REQUEST bytes=000000000000000001000100010000000101000170040000000000000000000000000000000000000000000000000000010000000000000000000000000000000000000000000000000002000000000000000000000000000000000000000000c80a0b0e01000000
AO46_AGX_PRIVATE_WINSYS_RETURN capture_id=7 name=resource-create storage=0x000000094cc70110 x0=0x000000094cc04510 x1=0x000000016fdfda88
AO46_AGX_PRIVATE_WINSYS_CALL name=resource-gpu-address capture_id=8 return_hook=1 x0=0x000000094cc04510 x1=0x000000094cc04510 x2=0x0000000000000000 x3=0x000000094cc04588 x4=0x00000001000abc3f x5=0x000000016fdfd520
AO46_AGX_PRIVATE_WINSYS_RETURN capture_id=8 name=resource-gpu-address storage=0x000000094cc04510 x0=0x0000010000030000 x1=0x000000094cc04510
AO46_AGX_PRIVATE_WINSYS_RESOURCE_CREATE_RECORD address=0x000000016fdfdfb8 bytes=8000000000000000010001000100000001010001300c000000000000000000000000000000000000000000000000000000000000000000000040e604010000000040e6040100000000000200000000000400000000000000000000001800000090150b0e01000000
AO46_AGX_PRIVATE_WINSYS_CALL name=resource-create capture_id=9 return_hook=1 x0=0x000000094cc70110 x1=0x000000016fdfdfb8 x2=0x0000000000000068 x3=0x0000000000000001 x4=0x0000000000000000 x5=0x000000016fdfdfb8
Selector 9, 2E03, 2E03
AGX_CALL selector=9 scalar_in=0 struct_in=104 scalar_out_capacity=0 struct_out_capacity=88
2E03: call 9 (out 0x16fdfddc0, 88), struct:
000000  80 00 00 00 00 00 00 00 01 00 01 00 01 00 00 00  | €...............
000010  01 01 00 01 30 0C 00 00 00 00 00 00 00 00 00 00  | ....0...........
000020  00 00 00 00 00 00 00 00 00 00 00 00 00 00 00 00  | ................
000030  00 00 00 00 00 00 00 00 00 40 E6 04 01 00 00 00  | .........@......
000040  00 40 E6 04 01 00 00 00 00 00 02 00 00 00 00 00  | .@..............
000050  04 00 00 00 00 00 00 00 00 00 00 00 18 00 00 00  | ................
000060  90 15 0B 0E 01 00 00 00
AGX_RESULT selector=9 status=0 scalar_out=0 struct_out=88
MODERN_ALLOCATE_MEM handle=5 gpu=10000030000 cpu=0 size=20000 attributes=80 storage=0xc30 write_combined=0 private=0 reused=0
MODERN_ALLOCATE_REQUEST size_units_candidate=2
MODERN_ALLOCATE_REQUEST bytes=8000000000000000010001000100000001010001300c000000000000000000000000000000000000000000000000000000000000000000000040e604010000000040e6040100000000000200000000000400000000000000000000001800000090150b0e01000000
AO46_AGX_PRIVATE_WINSYS_RETURN capture_id=9 name=resource-create storage=0x000000094cc70110 x0=0x000000094cc04650 x1=0x000000016fdfddb8
AO46_AGX_PRIVATE_WINSYS_CALL name=resource-gpu-address capture_id=10 return_hook=1 x0=0x000000094cc04650 x1=0x000000094cc04650 x2=0x0000000000000000 x3=0x000000094cc046c8 x4=0x00000001000abc3f x5=0x000000016fdfd850
AO46_AGX_PRIVATE_WINSYS_RETURN capture_id=10 name=resource-gpu-address storage=0x000000094cc04650 x0=0x0000010000030000 x1=0x000000094cc04650
AO46_AGX_PRIVATE_WINSYS_RESOURCE_CREATE_RECORD address=0x000000016fdfdfb8 bytes=8000000000000000010001000100000001010001300c000000000000000000000000000000000000000000000000000000000000000000000042e604010000000040e6040100000000000200000000000400000000000000000000001800000090150b0e01000000
AO46_AGX_PRIVATE_WINSYS_CALL name=resource-create capture_id=11 return_hook=1 x0=0x000000094cc70110 x1=0x000000016fdfdfb8 x2=0x0000000000000068 x3=0x0000000000000004 x4=0x0000000100685f40 x5=0x0000000000000001
Selector 9, 2E03, 2E03
AGX_CALL selector=9 scalar_in=0 struct_in=104 scalar_out_capacity=0 struct_out_capacity=88
2E03: call 9 (out 0x16fdfddc0, 88), struct:
000000  80 00 00 00 00 00 00 00 01 00 01 00 01 00 00 00  | €...............
000010  01 01 00 01 30 0C 00 00 00 00 00 00 00 00 00 00  | ....0...........
000020  00 00 00 00 00 00 00 00 00 00 00 00 00 00 00 00  | ................
000030  00 00 00 00 00 00 00 00 00 42 E6 04 01 00 00 00  | .........B......
000040  00 40 E6 04 01 00 00 00 00 00 02 00 00 00 00 00  | .@..............
000050  04 00 00 00 00 00 00 00 00 00 00 00 18 00 00 00  | ................
000060  90 15 0B 0E 01 00 00 00
AGX_RESULT selector=9 status=0 scalar_out=0 struct_out=88
MODERN_ALLOCATE_MEM handle=6 gpu=10000030200 cpu=0 size=1fe00 attributes=80 storage=0xc30 write_combined=0 private=0 reused=0
MODERN_ALLOCATE_REQUEST size_units_candidate=2
MODERN_ALLOCATE_REQUEST bytes=8000000000000000010001000100000001010001300c000000000000000000000000000000000000000000000000000000000000000000000042e604010000000040e6040100000000000200000000000400000000000000000000001800000090150b0e01000000
AO46_AGX_PRIVATE_WINSYS_RETURN capture_id=11 name=resource-create storage=0x000000094cc70110 x0=0x000000094cc045b0 x1=0x000000016fdfddb8
AO46_AGX_PRIVATE_WINSYS_CALL name=resource-gpu-address capture_id=12 return_hook=1 x0=0x000000094cc045b0 x1=0x000000094cc045b0 x2=0x0000000000000000 x3=0x000000094cc04628 x4=0x00000001000abc3f x5=0x000000016fdfd850
AO46_AGX_PRIVATE_WINSYS_RETURN capture_id=12 name=resource-gpu-address storage=0x000000094cc045b0 x0=0x0000010000030200 x1=0x000000094cc045b0
AO46_AGX_PRIVATE_WINSYS_RESOURCE_CREATE_RECORD address=0x000000016fdfdfb8 bytes=8000000000000000010001000100000001010001300c000000000000000000000000000000000000000000000000000000000000000000000044e604010000000040e60401000000000002000000000004000000000000000000000018000000c85cca4c09000000
AO46_AGX_PRIVATE_WINSYS_CALL name=resource-create capture_id=13 return_hook=1 x0=0x000000094cc70110 x1=0x000000016fdfdfb8 x2=0x0000000000000068 x3=0x0000000000000001 x4=0x0000000000000000 x5=0x000000016fdfdfb8
Selector 9, 2E03, 2E03
AGX_CALL selector=9 scalar_in=0 struct_in=104 scalar_out_capacity=0 struct_out_capacity=88
2E03: call 9 (out 0x16fdfddc0, 88), struct:
000000  80 00 00 00 00 00 00 00 01 00 01 00 01 00 00 00  | €...............
000010  01 01 00 01 30 0C 00 00 00 00 00 00 00 00 00 00  | ....0...........
000020  00 00 00 00 00 00 00 00 00 00 00 00 00 00 00 00  | ................
000030  00 00 00 00 00 00 00 00 00 44 E6 04 01 00 00 00  | .........D......
000040  00 40 E6 04 01 00 00 00 00 00 02 00 00 00 00 00  | .@..............
000050  04 00 00 00 00 00 00 00 00 00 00 00 18 00 00 00  | ................
000060  C8 5C CA 4C 09 00 00 00
AGX_RESULT selector=9 status=0 scalar_out=0 struct_out=88
MODERN_ALLOCATE_MEM handle=7 gpu=10000030400 cpu=0 size=1fc00 attributes=80 storage=0xc30 write_combined=0 private=0 reused=0
MODERN_ALLOCATE_REQUEST size_units_candidate=2
MODERN_ALLOCATE_REQUEST bytes=8000000000000000010001000100000001010001300c000000000000000000000000000000000000000000000000000000000000000000000044e604010000000040e60401000000000002000000000004000000000000000000000018000000c85cca4c09000000
AO46_AGX_PRIVATE_WINSYS_RETURN capture_id=13 name=resource-create storage=0x000000094cc70110 x0=0x000000094cc046f0 x1=0x000000016fdfddb8
AO46_AGX_PRIVATE_WINSYS_CALL name=resource-gpu-address capture_id=14 return_hook=1 x0=0x000000094cc046f0 x1=0x000000094cc046f0 x2=0x0000000000000000 x3=0x000000094cc04768 x4=0x00000001000abc3f x5=0x000000016fdfd850
AO46_AGX_PRIVATE_WINSYS_RETURN capture_id=14 name=resource-gpu-address storage=0x000000094cc046f0 x0=0x0000010000030400 x1=0x000000094cc046f0
AO46_AGX_PRIVATE_WINSYS_RESOURCE_CREATE_RECORD address=0x000000016fdfdfc8 bytes=8000000000000000010001000100000001010001300c000000000000000000000000000000000000000000000000000000000000000000000045e604010000000040e604010000000000020000000000040000000000000000000000180000002062ca4c09000000
AO46_AGX_PRIVATE_WINSYS_CALL name=resource-create capture_id=15 return_hook=1 x0=0x000000094cc70110 x1=0x000000016fdfdfc8 x2=0x0000000000000068 x3=0x0000000000000001 x4=0x0000000000000000 x5=0x000000016fdfdfc8
Selector 9, 2E03, 2E03
AGX_CALL selector=9 scalar_in=0 struct_in=104 scalar_out_capacity=0 struct_out_capacity=88
2E03: call 9 (out 0x16fdfddd0, 88), struct:
000000  80 00 00 00 00 00 00 00 01 00 01 00 01 00 00 00  | €...............
000010  01 01 00 01 30 0C 00 00 00 00 00 00 00 00 00 00  | ....0...........
000020  00 00 00 00 00 00 00 00 00 00 00 00 00 00 00 00  | ................
000030  00 00 00 00 00 00 00 00 00 45 E6 04 01 00 00 00  | .........E......
000040  00 40 E6 04 01 00 00 00 00 00 02 00 00 00 00 00  | .@..............
000050  04 00 00 00 00 00 00 00 00 00 00 00 18 00 00 00  | ................
000060  20 62 CA 4C 09 00 00 00
AGX_RESULT selector=9 status=0 scalar_out=0 struct_out=88
MODERN_ALLOCATE_MEM handle=8 gpu=10000030500 cpu=0 size=1fb00 attributes=80 storage=0xc30 write_combined=0 private=0 reused=0
MODERN_ALLOCATE_REQUEST size_units_candidate=2
MODERN_ALLOCATE_REQUEST bytes=8000000000000000010001000100000001010001300c000000000000000000000000000000000000000000000000000000000000000000000045e604010000000040e604010000000000020000000000040000000000000000000000180000002062ca4c09000000
AO46_AGX_PRIVATE_WINSYS_RETURN capture_id=15 name=resource-create storage=0x000000094cc70110 x0=0x000000094cc04790 x1=0x000000016fdfddc8
AO46_AGX_PRIVATE_WINSYS_CALL name=resource-gpu-address capture_id=16 return_hook=1 x0=0x000000094cc04790 x1=0x000000094cc04790 x2=0x0000000000000000 x3=0x000000094cc04808 x4=0x00000001000abc3f x5=0x000000016fdfd860
AO46_AGX_PRIVATE_WINSYS_RETURN capture_id=16 name=resource-gpu-address storage=0x000000094cc04790 x0=0x0000010000030500 x1=0x000000094cc04790
AO46_AGX_PRIVATE_WINSYS_RESOURCE_CREATE_RECORD address=0x000000016fdfdfc8 bytes=8000000000000000010001000100000001010001300c000000000000000000000000000000000000000000000000000000000000000000000047e604010000000040e604010000000000020000000000040000000000000000000000180000004065ca4c09000000
AO46_AGX_PRIVATE_WINSYS_CALL name=resource-create capture_id=17 return_hook=1 x0=0x000000094cc70110 x1=0x000000016fdfdfc8 x2=0x0000000000000068 x3=0x0000000000000001 x4=0x0000000000000000 x5=0x000000016fdfdfc8
Selector 9, 2E03, 2E03
AGX_CALL selector=9 scalar_in=0 struct_in=104 scalar_out_capacity=0 struct_out_capacity=88
2E03: call 9 (out 0x16fdfddd0, 88), struct:
000000  80 00 00 00 00 00 00 00 01 00 01 00 01 00 00 00  | €...............
000010  01 01 00 01 30 0C 00 00 00 00 00 00 00 00 00 00  | ....0...........
000020  00 00 00 00 00 00 00 00 00 00 00 00 00 00 00 00  | ................
000030  00 00 00 00 00 00 00 00 00 47 E6 04 01 00 00 00  | .........G......
000040  00 40 E6 04 01 00 00 00 00 00 02 00 00 00 00 00  | .@..............
000050  04 00 00 00 00 00 00 00 00 00 00 00 18 00 00 00  | ................
000060  40 65 CA 4C 09 00 00 00
AGX_RESULT selector=9 status=0 scalar_out=0 struct_out=88
MODERN_ALLOCATE_MEM handle=9 gpu=10000030700 cpu=0 size=1f900 attributes=80 storage=0xc30 write_combined=0 private=0 reused=0
MODERN_ALLOCATE_REQUEST size_units_candidate=2
MODERN_ALLOCATE_REQUEST bytes=8000000000000000010001000100000001010001300c000000000000000000000000000000000000000000000000000000000000000000000047e604010000000040e604010000000000020000000000040000000000000000000000180000004065ca4c09000000
AO46_AGX_PRIVATE_WINSYS_RETURN capture_id=17 name=resource-create storage=0x000000094cc70110 x0=0x000000094cc04830 x1=0x000000016fdfddc8
AO46_AGX_PRIVATE_WINSYS_CALL name=resource-gpu-address capture_id=18 return_hook=1 x0=0x000000094cc04830 x1=0x000000094cc04830 x2=0x0000000000000000 x3=0x000000094cc048a8 x4=0x00000001000abc3f x5=0x000000016fdfd860
AO46_AGX_PRIVATE_WINSYS_RETURN capture_id=18 name=resource-gpu-address storage=0x000000094cc04830 x0=0x0000010000030700 x1=0x000000094cc04830
AO46_AGX_PRIVATE_WINSYS_RESOURCE_CREATE_RECORD address=0x000000016fdfdfc8 bytes=8000000000000000010001000100000001010001300c000000000000000000000000000000000000000000000000000000000000000000000048e604010000000040e604010000000000020000000000040000000000000000000000180000006068ca4c09000000
AO46_AGX_PRIVATE_WINSYS_CALL name=resource-create capture_id=19 return_hook=1 x0=0x000000094cc70110 x1=0x000000016fdfdfc8 x2=0x0000000000000068 x3=0x0000000000000001 x4=0x0000000000000000 x5=0x000000016fdfdfc8
Selector 9, 2E03, 2E03
AGX_CALL selector=9 scalar_in=0 struct_in=104 scalar_out_capacity=0 struct_out_capacity=88
2E03: call 9 (out 0x16fdfddd0, 88), struct:
000000  80 00 00 00 00 00 00 00 01 00 01 00 01 00 00 00  | €...............
000010  01 01 00 01 30 0C 00 00 00 00 00 00 00 00 00 00  | ....0...........
000020  00 00 00 00 00 00 00 00 00 00 00 00 00 00 00 00  | ................
000030  00 00 00 00 00 00 00 00 00 48 E6 04 01 00 00 00  | .........H......
000040  00 40 E6 04 01 00 00 00 00 00 02 00 00 00 00 00  | .@..............
000050  04 00 00 00 00 00 00 00 00 00 00 00 18 00 00 00  | ................
000060  60 68 CA 4C 09 00 00 00
AGX_RESULT selector=9 status=0 scalar_out=0 struct_out=88
MODERN_ALLOCATE_MEM handle=10 gpu=10000030800 cpu=0 size=1f800 attributes=80 storage=0xc30 write_combined=0 private=0 reused=0
MODERN_ALLOCATE_REQUEST size_units_candidate=2
MODERN_ALLOCATE_REQUEST bytes=8000000000000000010001000100000001010001300c000000000000000000000000000000000000000000000000000000000000000000000048e604010000000040e604010000000000020000000000040000000000000000000000180000006068ca4c09000000
AO46_AGX_PRIVATE_WINSYS_RETURN capture_id=19 name=resource-create storage=0x000000094cc70110 x0=0x000000094cc048d0 x1=0x000000016fdfddc8
AO46_AGX_PRIVATE_WINSYS_CALL name=resource-gpu-address capture_id=20 return_hook=1 x0=0x000000094cc048d0 x1=0x000000094cc048d0 x2=0x0000000000000000 x3=0x000000094cc04948 x4=0x00000001000abc3f x5=0x000000016fdfd860
AO46_AGX_PRIVATE_WINSYS_RETURN capture_id=20 name=resource-gpu-address storage=0x000000094cc048d0 x0=0x0000010000030800 x1=0x000000094cc048d0
AO46_AGX_PRIVATE_WINSYS_RESOURCE_CREATE_RECORD address=0x000000016fdfdfd8 bytes=8000000000000000010001000100000001010001300c000000000000000000000000000000000000000000000000000000000000000000000049e604010000000040e60401000000000002000000000004000000000000000000000018000000806bca4c09000000
AO46_AGX_PRIVATE_WINSYS_CALL name=resource-create capture_id=21 return_hook=1 x0=0x000000094cc70110 x1=0x000000016fdfdfd8 x2=0x0000000000000068 x3=0x0000000000000001 x4=0x0000000000000000 x5=0x000000016fdfdfd8
Selector 9, 2E03, 2E03
AGX_CALL selector=9 scalar_in=0 struct_in=104 scalar_out_capacity=0 struct_out_capacity=88
2E03: call 9 (out 0x16fdfdde0, 88), struct:
000000  80 00 00 00 00 00 00 00 01 00 01 00 01 00 00 00  | €...............
000010  01 01 00 01 30 0C 00 00 00 00 00 00 00 00 00 00  | ....0...........
000020  00 00 00 00 00 00 00 00 00 00 00 00 00 00 00 00  | ................
000030  00 00 00 00 00 00 00 00 00 49 E6 04 01 00 00 00  | .........I......
000040  00 40 E6 04 01 00 00 00 00 00 02 00 00 00 00 00  | .@..............
000050  04 00 00 00 00 00 00 00 00 00 00 00 18 00 00 00  | ................
000060  80 6B CA 4C 09 00 00 00
AGX_RESULT selector=9 status=0 scalar_out=0 struct_out=88
MODERN_ALLOCATE_MEM handle=11 gpu=10000030900 cpu=0 size=1f700 attributes=80 storage=0xc30 write_combined=0 private=0 reused=0
MODERN_ALLOCATE_REQUEST size_units_candidate=2
MODERN_ALLOCATE_REQUEST bytes=8000000000000000010001000100000001010001300c000000000000000000000000000000000000000000000000000000000000000000000049e604010000000040e60401000000000002000000000004000000000000000000000018000000806bca4c09000000
AO46_AGX_PRIVATE_WINSYS_RETURN capture_id=21 name=resource-create storage=0x000000094cc70110 x0=0x000000094cc04970 x1=0x000000016fdfddd8
AO46_AGX_PRIVATE_WINSYS_CALL name=resource-gpu-address capture_id=22 return_hook=1 x0=0x000000094cc04970 x1=0x000000094cc04970 x2=0x0000000000000000 x3=0x000000094cc049e8 x4=0x00000001000abc3f x5=0x000000016fdfd870
AO46_AGX_PRIVATE_WINSYS_RETURN capture_id=22 name=resource-gpu-address storage=0x000000094cc04970 x0=0x0000010000030900 x1=0x000000094cc04970
AO46_AGX_PRIVATE_WINSYS_RESOURCE_CREATE_RECORD address=0x000000016fdfdfc8 bytes=8000000000000000010001000100000001010001300c000000000000000000000000000000000000000000000000000000000000000000000059e604010000000040e60401000000000002000000000004000000000000000000000018000000a06eca4c09000000
AO46_AGX_PRIVATE_WINSYS_CALL name=resource-create capture_id=23 return_hook=1 x0=0x000000094cc70110 x1=0x000000016fdfdfc8 x2=0x0000000000000068 x3=0xfffff0007fc00000 x4=0x000000094cc6c100 x5=0x0000000000000001
Selector 9, 2E03, 2E03
AGX_CALL selector=9 scalar_in=0 struct_in=104 scalar_out_capacity=0 struct_out_capacity=88
2E03: call 9 (out 0x16fdfddd0, 88), struct:
000000  80 00 00 00 00 00 00 00 01 00 01 00 01 00 00 00  | €...............
000010  01 01 00 01 30 0C 00 00 00 00 00 00 00 00 00 00  | ....0...........
000020  00 00 00 00 00 00 00 00 00 00 00 00 00 00 00 00  | ................
000030  00 00 00 00 00 00 00 00 00 59 E6 04 01 00 00 00  | .........Y......
000040  00 40 E6 04 01 00 00 00 00 00 02 00 00 00 00 00  | .@..............
000050  04 00 00 00 00 00 00 00 00 00 00 00 18 00 00 00  | ................
000060  A0 6E CA 4C 09 00 00 00
AGX_RESULT selector=9 status=0 scalar_out=0 struct_out=88
MODERN_ALLOCATE_MEM handle=12 gpu=10000031900 cpu=0 size=1e700 attributes=80 storage=0xc30 write_combined=0 private=0 reused=0
MODERN_ALLOCATE_REQUEST size_units_candidate=2
MODERN_ALLOCATE_REQUEST bytes=8000000000000000010001000100000001010001300c000000000000000000000000000000000000000000000000000000000000000000000059e604010000000040e60401000000000002000000000004000000000000000000000018000000a06eca4c09000000
AO46_AGX_PRIVATE_WINSYS_RETURN capture_id=23 name=resource-create storage=0x000000094cc70110 x0=0x000000094cc04a10 x1=0x000000016fdfddc8
AO46_AGX_PRIVATE_WINSYS_CALL name=resource-gpu-address capture_id=24 return_hook=1 x0=0x000000094cc04a10 x1=0x000000094cc04a10 x2=0x0000000000000000 x3=0x000000094cc04a88 x4=0x00000001000abc3f x5=0x000000016fdfd860
AO46_AGX_PRIVATE_WINSYS_RETURN capture_id=24 name=resource-gpu-address storage=0x000000094cc04a10 x0=0x0000010000031900 x1=0x000000094cc04a10
AO46_AGX_PRIVATE_WINSYS_RESOURCE_CREATE_RECORD address=0x000000016fdfdfc8 bytes=8000000000000000010001000100000001010001300c00000000000000000000000000000000000000000000000000000000000000000000005ae604010000000040e60401000000000002000000000004000000000000000000000018000000a871ca4c09000000
AO46_AGX_PRIVATE_WINSYS_CALL name=resource-create capture_id=25 return_hook=1 x0=0x000000094cc70110 x1=0x000000016fdfdfc8 x2=0x0000000000000068 x3=0x0000000000000001 x4=0x0000000000000000 x5=0x000000016fdfdfc8
Selector 9, 2E03, 2E03
AGX_CALL selector=9 scalar_in=0 struct_in=104 scalar_out_capacity=0 struct_out_capacity=88
2E03: call 9 (out 0x16fdfddd0, 88), struct:
000000  80 00 00 00 00 00 00 00 01 00 01 00 01 00 00 00  | €...............
000010  01 01 00 01 30 0C 00 00 00 00 00 00 00 00 00 00  | ....0...........
000020  00 00 00 00 00 00 00 00 00 00 00 00 00 00 00 00  | ................
000030  00 00 00 00 00 00 00 00 00 5A E6 04 01 00 00 00  | .........Z......
000040  00 40 E6 04 01 00 00 00 00 00 02 00 00 00 00 00  | .@..............
000050  04 00 00 00 00 00 00 00 00 00 00 00 18 00 00 00  | ................
000060  A8 71 CA 4C 09 00 00 00
AGX_RESULT selector=9 status=0 scalar_out=0 struct_out=88
MODERN_ALLOCATE_MEM handle=13 gpu=10000031a00 cpu=0 size=1e600 attributes=80 storage=0xc30 write_combined=0 private=0 reused=0
MODERN_ALLOCATE_REQUEST size_units_candidate=2
MODERN_ALLOCATE_REQUEST bytes=8000000000000000010001000100000001010001300c00000000000000000000000000000000000000000000000000000000000000000000005ae604010000000040e60401000000000002000000000004000000000000000000000018000000a871ca4c09000000
AO46_AGX_PRIVATE_WINSYS_RETURN capture_id=25 name=resource-create storage=0x000000094cc70110 x0=0x000000094cc04ab0 x1=0x000000016fdfddc8
AO46_AGX_PRIVATE_WINSYS_CALL name=resource-gpu-address capture_id=26 return_hook=1 x0=0x000000094cc04ab0 x1=0x000000094cc04ab0 x2=0x0000000000000000 x3=0x000000094cc04b28 x4=0x00000001000abc3f x5=0x000000016fdfd860
AO46_AGX_PRIVATE_WINSYS_RETURN capture_id=26 name=resource-gpu-address storage=0x000000094cc04ab0 x0=0x0000010000031a00 x1=0x000000094cc04ab0
AO46_AGX_PRIVATE_WINSYS_RESOURCE_CREATE_RECORD address=0x000000016fdfdfc8 bytes=8000000000000000010001000100000001010001300c00000000000000000000000000000000000000000000000000000000000000000000005be604010000000040e60401000000000002000000000004000000000000000000000018000000b074ca4c09000000
AO46_AGX_PRIVATE_WINSYS_CALL name=resource-create capture_id=27 return_hook=1 x0=0x000000094cc70110 x1=0x000000016fdfdfc8 x2=0x0000000000000068 x3=0x0000000000000001 x4=0x0000000000000000 x5=0x000000016fdfdfc8
Selector 9, 2E03, 2E03
AGX_CALL selector=9 scalar_in=0 struct_in=104 scalar_out_capacity=0 struct_out_capacity=88
2E03: call 9 (out 0x16fdfddd0, 88), struct:
000000  80 00 00 00 00 00 00 00 01 00 01 00 01 00 00 00  | €...............
000010  01 01 00 01 30 0C 00 00 00 00 00 00 00 00 00 00  | ....0...........
000020  00 00 00 00 00 00 00 00 00 00 00 00 00 00 00 00  | ................
000030  00 00 00 00 00 00 00 00 00 5B E6 04 01 00 00 00  | .........[......
000040  00 40 E6 04 01 00 00 00 00 00 02 00 00 00 00 00  | .@..............
000050  04 00 00 00 00 00 00 00 00 00 00 00 18 00 00 00  | ................
000060  B0 74 CA 4C 09 00 00 00
AGX_RESULT selector=9 status=0 scalar_out=0 struct_out=88
MODERN_ALLOCATE_MEM handle=14 gpu=10000031b00 cpu=0 size=1e500 attributes=80 storage=0xc30 write_combined=0 private=0 reused=0
MODERN_ALLOCATE_REQUEST size_units_candidate=2
MODERN_ALLOCATE_REQUEST bytes=8000000000000000010001000100000001010001300c00000000000000000000000000000000000000000000000000000000000000000000005be604010000000040e60401000000000002000000000004000000000000000000000018000000b074ca4c09000000
AO46_AGX_PRIVATE_WINSYS_RETURN capture_id=27 name=resource-create storage=0x000000094cc70110 x0=0x000000094cc04b50 x1=0x000000016fdfddc8
AO46_AGX_PRIVATE_WINSYS_CALL name=resource-gpu-address capture_id=28 return_hook=1 x0=0x000000094cc04b50 x1=0x000000094cc04b50 x2=0x0000000000000000 x3=0x000000094cc04bc8 x4=0x00000001000abc3f x5=0x000000016fdfd860
AO46_AGX_PRIVATE_WINSYS_RETURN capture_id=28 name=resource-gpu-address storage=0x000000094cc04b50 x0=0x0000010000031b00 x1=0x000000094cc04b50
AO46_AGX_PRIVATE_WINSYS_RESOURCE_CREATE_RECORD address=0x000000016fdfdfc8 bytes=8000000000000000010001000100000001010001300c00000000000000000000000000000000000000000000000000000000000000000000005ce604010000000040e60401000000000002000000000004000000000000000000000018000000b877ca4c09000000
AO46_AGX_PRIVATE_WINSYS_CALL name=resource-create capture_id=29 return_hook=1 x0=0x000000094cc70110 x1=0x000000016fdfdfc8 x2=0x0000000000000068 x3=0x0000000000000001 x4=0x0000000000000000 x5=0x000000016fdfdfc8
Selector 9, 2E03, 2E03
AGX_CALL selector=9 scalar_in=0 struct_in=104 scalar_out_capacity=0 struct_out_capacity=88
2E03: call 9 (out 0x16fdfddd0, 88), struct:
000000  80 00 00 00 00 00 00 00 01 00 01 00 01 00 00 00  | €...............
000010  01 01 00 01 30 0C 00 00 00 00 00 00 00 00 00 00  | ....0...........
000020  00 00 00 00 00 00 00 00 00 00 00 00 00 00 00 00  | ................
000030  00 00 00 00 00 00 00 00 00 5C E6 04 01 00 00 00  | .........\......
000040  00 40 E6 04 01 00 00 00 00 00 02 00 00 00 00 00  | .@..............
000050  04 00 00 00 00 00 00 00 00 00 00 00 18 00 00 00  | ................
000060  B8 77 CA 4C 09 00 00 00
AGX_RESULT selector=9 status=0 scalar_out=0 struct_out=88
MODERN_ALLOCATE_MEM handle=15 gpu=10000031c00 cpu=0 size=1e400 attributes=80 storage=0xc30 write_combined=0 private=0 reused=0
MODERN_ALLOCATE_REQUEST size_units_candidate=2
MODERN_ALLOCATE_REQUEST bytes=8000000000000000010001000100000001010001300c00000000000000000000000000000000000000000000000000000000000000000000005ce604010000000040e60401000000000002000000000004000000000000000000000018000000b877ca4c09000000
AO46_AGX_PRIVATE_WINSYS_RETURN capture_id=29 name=resource-create storage=0x000000094cc70110 x0=0x000000094cc04bf0 x1=0x000000016fdfddc8
AO46_AGX_PRIVATE_WINSYS_CALL name=resource-gpu-address capture_id=30 return_hook=1 x0=0x000000094cc04bf0 x1=0x000000094cc04bf0 x2=0x0000000000000000 x3=0x000000094cc04c68 x4=0x00000001000abc3f x5=0x000000016fdfd860
AO46_AGX_PRIVATE_WINSYS_RETURN capture_id=30 name=resource-gpu-address storage=0x000000094cc04bf0 x0=0x0000010000031c00 x1=0x000000094cc04bf0
AO46_AGX_PRIVATE_WINSYS_RESOURCE_CREATE_RECORD address=0x000000016fdfdfc8 bytes=8000000000000000010001000100000001010001300c000000000000000000000000000000000000000000000000000000000000000000000064e604010000000040e60401000000000002000000000004000000000000000000000018000000c07aca4c09000000
AO46_AGX_PRIVATE_WINSYS_CALL name=resource-create capture_id=31 return_hook=1 x0=0x000000094cc70110 x1=0x000000016fdfdfc8 x2=0x0000000000000068 x3=0x0000000000000001 x4=0x0000000000000000 x5=0x000000016fdfdfc8
Selector 9, 2E03, 2E03
AGX_CALL selector=9 scalar_in=0 struct_in=104 scalar_out_capacity=0 struct_out_capacity=88
2E03: call 9 (out 0x16fdfddd0, 88), struct:
000000  80 00 00 00 00 00 00 00 01 00 01 00 01 00 00 00  | €...............
000010  01 01 00 01 30 0C 00 00 00 00 00 00 00 00 00 00  | ....0...........
000020  00 00 00 00 00 00 00 00 00 00 00 00 00 00 00 00  | ................
000030  00 00 00 00 00 00 00 00 00 64 E6 04 01 00 00 00  | .........d......
000040  00 40 E6 04 01 00 00 00 00 00 02 00 00 00 00 00  | .@..............
000050  04 00 00 00 00 00 00 00 00 00 00 00 18 00 00 00  | ................
000060  C0 7A CA 4C 09 00 00 00
AGX_RESULT selector=9 status=0 scalar_out=0 struct_out=88
MODERN_ALLOCATE_MEM handle=16 gpu=10000032400 cpu=0 size=1dc00 attributes=80 storage=0xc30 write_combined=0 private=0 reused=0
MODERN_ALLOCATE_REQUEST size_units_candidate=2
MODERN_ALLOCATE_REQUEST bytes=8000000000000000010001000100000001010001300c000000000000000000000000000000000000000000000000000000000000000000000064e604010000000040e60401000000000002000000000004000000000000000000000018000000c07aca4c09000000
AO46_AGX_PRIVATE_WINSYS_RETURN capture_id=31 name=resource-create storage=0x000000094cc70110 x0=0x000000094cc04c90 x1=0x000000016fdfddc8
AO46_AGX_PRIVATE_WINSYS_CALL name=resource-gpu-address capture_id=32 return_hook=1 x0=0x000000094cc04c90 x1=0x000000094cc04c90 x2=0x0000000000000000 x3=0x000000094cc04d08 x4=0x00000001000abc3f x5=0x000000016fdfd860
AO46_AGX_PRIVATE_WINSYS_RETURN capture_id=32 name=resource-gpu-address storage=0x000000094cc04c90 x0=0x0000010000032400 x1=0x000000094cc04c90
AO46_AGX_PRIVATE_WINSYS_RESOURCE_CREATE_RECORD address=0x000000094cca5b28 bytes=0000000000000000010001000100000001010001308400000000000000000000000000000000000000000000000000000000000000000000000000000000000000000000000000000000010000000000000000000000000000000038180000000000000000000000
AO46_AGX_PRIVATE_WINSYS_CALL name=resource-create capture_id=33 return_hook=1 x0=0x000000094cc70110 x1=0x000000094cca5b28 x2=0x0000000000000068 x3=0x0000000000000001 x4=0x0000000000000000 x5=0x000000094cca5b28
Selector 9, 2E03, 2E03
AGX_CALL selector=9 scalar_in=0 struct_in=104 scalar_out_capacity=0 struct_out_capacity=88
2E03: call 9 (out 0x16fdfcee0, 88), struct:
000000  00 00 00 00 00 00 00 00 01 00 01 00 01 00 00 00  | ................
000010  01 01 00 01 30 84 00 00 00 00 00 00 00 00 00 00  | ....0...........
000020  00 00 00 00 00 00 00 00 00 00 00 00 00 00 00 00  | ................
*
000040  00 00 00 00 00 00 00 00 00 00 01 00 00 00 00 00  | ................
000050  00 00 00 00 00 00 00 00 00 00 00 38 18 00 00 00  | ...........8....
000060  00 00 00 00 00 00 00 00
AGX_RESULT selector=9 status=0 scalar_out=0 struct_out=88
MODERN_ALLOCATE_MEM handle=17 gpu=0 cpu=104e84000 size=10000 attributes=0 storage=0x8430 write_combined=0 private=0 reused=0
MODERN_ALLOCATE_REQUEST size_units_candidate=1
MODERN_ALLOCATE_REQUEST bytes=0000000000000000010001000100000001010001308400000000000000000000000000000000000000000000000000000000000000000000000000000000000000000000000000000000010000000000000000000000000000000038180000000000000000000000
AO46_AGX_PRIVATE_WINSYS_RETURN capture_id=33 name=resource-create storage=0x000000094cc70110 x0=0x000000094cc04d30 x1=0x000000016fdfced8
AO46_AGX_PRIVATE_WINSYS_CALL name=resource-gpu-address capture_id=34 return_hook=1 x0=0x000000094cc04d30 x1=0x000000094cc04d30 x2=0x0000000000000000 x3=0x000000094cc04da8 x4=0x00000001000abc3f x5=0x000000016fdfc970
AO46_AGX_PRIVATE_WINSYS_RETURN capture_id=34 name=resource-gpu-address storage=0x000000094cc04d30 x0=0x0000000000000000 x1=0x000000094cc04d30
AO46_AGX_PRIVATE_WINSYS_RESOURCE_CREATE_RECORD address=0x000000016fdfdd88 bytes=8000000000000000010001000100000001010001300c000000000000000000000000000000000000000000000000000000000000000000000065e604010000000040e60401000000000002000000000004000000000000000000000018000000c80a0b0e01000000
AO46_AGX_PRIVATE_WINSYS_CALL name=resource-create capture_id=35 return_hook=1 x0=0x000000094cc70110 x1=0x000000016fdfdd88 x2=0x0000000000000068 x3=0x0000000000000001 x4=0x0000000000000000 x5=0x000000016fdfdd88
Selector 9, 2E03, 2E03
AGX_CALL selector=9 scalar_in=0 struct_in=104 scalar_out_capacity=0 struct_out_capacity=88
2E03: call 9 (out 0x16fdfdb90, 88), struct:
000000  80 00 00 00 00 00 00 00 01 00 01 00 01 00 00 00  | €...............
000010  01 01 00 01 30 0C 00 00 00 00 00 00 00 00 00 00  | ....0...........
000020  00 00 00 00 00 00 00 00 00 00 00 00 00 00 00 00  | ................
000030  00 00 00 00 00 00 00 00 00 65 E6 04 01 00 00 00  | .........e......
000040  00 40 E6 04 01 00 00 00 00 00 02 00 00 00 00 00  | .@..............
000050  04 00 00 00 00 00 00 00 00 00 00 00 18 00 00 00  | ................
000060  C8 0A 0B 0E 01 00 00 00
AGX_RESULT selector=9 status=0 scalar_out=0 struct_out=88
MODERN_ALLOCATE_MEM handle=18 gpu=10000032500 cpu=0 size=1db00 attributes=80 storage=0xc30 write_combined=0 private=0 reused=0
MODERN_ALLOCATE_REQUEST size_units_candidate=2
MODERN_ALLOCATE_REQUEST bytes=8000000000000000010001000100000001010001300c000000000000000000000000000000000000000000000000000000000000000000000065e604010000000040e60401000000000002000000000004000000000000000000000018000000c80a0b0e01000000
AO46_AGX_PRIVATE_WINSYS_RETURN capture_id=35 name=resource-create storage=0x000000094cc70110 x0=0x000000094cc04dd0 x1=0x000000016fdfdb88
AO46_AGX_PRIVATE_WINSYS_CALL name=resource-gpu-address capture_id=36 return_hook=1 x0=0x000000094cc04dd0 x1=0x000000094cc04dd0 x2=0x0000000000000000 x3=0x000000094cc04e48 x4=0x00000001000abc3f x5=0x000000016fdfd620
AO46_AGX_PRIVATE_WINSYS_RETURN capture_id=36 name=resource-gpu-address storage=0x000000094cc04dd0 x0=0x0000010000032500 x1=0x000000094cc04dd0
AO46_AGX_PRIVATE_WINSYS_RESOURCE_CREATE_RECORD address=0x000000016fdfdd28 bytes=000000000000000001000100010000000101000170040000000000000000000000000000000000000000000000000000010000000000000000000000000000000000000000000000000002000000000000000000000000000000000000000000c80a0b0e01000000
AO46_AGX_PRIVATE_WINSYS_CALL name=resource-create capture_id=37 return_hook=1 x0=0x000000094cc70110 x1=0x000000016fdfdd28 x2=0x0000000000000068 x3=0x0000000000000001 x4=0x0000000000020020 x5=0x000000016fdfdd28
Selector 9, 2E03, 2E03
AGX_CALL selector=9 scalar_in=0 struct_in=104 scalar_out_capacity=0 struct_out_capacity=88
2E03: call 9 (out 0x16fdfdaf0, 88), struct:
000000  00 00 00 00 00 00 00 00 01 00 01 00 01 00 00 00  | ................
000010  01 01 00 01 70 04 00 00 00 00 00 00 00 00 00 00  | ....p...........
000020  00 00 00 00 00 00 00 00 00 00 00 00 00 00 00 00  | ................
000030  01 00 00 00 00 00 00 00 00 00 00 00 00 00 00 00  | ................
000040  00 00 00 00 00 00 00 00 00 00 02 00 00 00 00 00  | ................
000050  00 00 00 00 00 00 00 00 00 00 00 00 00 00 00 00  | ................
000060  C8 0A 0B 0E 01 00 00 00
AGX_RESULT selector=9 status=0 scalar_out=0 struct_out=88
MODERN_ALLOCATE_MEM handle=19 gpu=10000058000 cpu=104e94000 size=20000 attributes=0 storage=0x470 write_combined=0 private=0 reused=0
MODERN_ALLOCATE_REQUEST size_units_candidate=2
MODERN_ALLOCATE_REQUEST bytes=000000000000000001000100010000000101000170040000000000000000000000000000000000000000000000000000010000000000000000000000000000000000000000000000000002000000000000000000000000000000000000000000c80a0b0e01000000
AO46_AGX_PRIVATE_WINSYS_RETURN capture_id=37 name=resource-create storage=0x000000094cc70110 x0=0x000000094cc04e70 x1=0x000000016fdfdae8
AO46_AGX_PRIVATE_WINSYS_CALL name=resource-gpu-address capture_id=38 return_hook=1 x0=0x000000094cc04e70 x1=0x000000094cc04e70 x2=0x0000000000000000 x3=0x000000094cc04ee8 x4=0x00000001000abc3f x5=0x000000016fdfd580
AO46_AGX_PRIVATE_WINSYS_RETURN capture_id=38 name=resource-gpu-address storage=0x000000094cc04e70 x0=0x0000010000058000 x1=0x000000094cc04e70
AO46_AGX_PRIVATE_WINSYS_RESOURCE_CREATE_RECORD address=0x000000016fdfe018 bytes=8000000000000000010001000100000001010001300c000000000000000000000000000000000000000000000000000000000000000000000040e904010000000040e90401000000000002000000000013000000000000000000000018000000c80a0b0e01000000
AO46_AGX_PRIVATE_WINSYS_CALL name=resource-create capture_id=39 return_hook=1 x0=0x000000094cc70110 x1=0x000000016fdfe018 x2=0x0000000000000068 x3=0x0000000000000001 x4=0x0000000000020020 x5=0x000000016fdfe018
Selector 9, 2E03, 2E03
AGX_CALL selector=9 scalar_in=0 struct_in=104 scalar_out_capacity=0 struct_out_capacity=88
2E03: call 9 (out 0x16fdfde20, 88), struct:
000000  80 00 00 00 00 00 00 00 01 00 01 00 01 00 00 00  | €...............
000010  01 01 00 01 30 0C 00 00 00 00 00 00 00 00 00 00  | ....0...........
000020  00 00 00 00 00 00 00 00 00 00 00 00 00 00 00 00  | ................
000030  00 00 00 00 00 00 00 00 00 40 E9 04 01 00 00 00  | .........@......
000040  00 40 E9 04 01 00 00 00 00 00 02 00 00 00 00 00  | .@..............
000050  13 00 00 00 00 00 00 00 00 00 00 00 18 00 00 00  | ................
000060  C8 0A 0B 0E 01 00 00 00
AGX_RESULT selector=9 status=0 scalar_out=0 struct_out=88
MODERN_ALLOCATE_MEM handle=20 gpu=10000058000 cpu=0 size=20000 attributes=80 storage=0xc30 write_combined=0 private=0 reused=0
MODERN_ALLOCATE_REQUEST size_units_candidate=2
MODERN_ALLOCATE_REQUEST bytes=8000000000000000010001000100000001010001300c000000000000000000000000000000000000000000000000000000000000000000000040e904010000000040e90401000000000002000000000013000000000000000000000018000000c80a0b0e01000000
AO46_AGX_PRIVATE_WINSYS_RETURN capture_id=39 name=resource-create storage=0x000000094cc70110 x0=0x000000094cc04f10 x1=0x000000016fdfde18
AO46_AGX_PRIVATE_WINSYS_CALL name=resource-gpu-address capture_id=40 return_hook=1 x0=0x000000094cc04f10 x1=0x000000094cc04f10 x2=0x0000000000000000 x3=0x000000094cc04f88 x4=0x00000001000abc3f x5=0x000000016fdfd8b0
AO46_AGX_PRIVATE_WINSYS_RETURN capture_id=40 name=resource-gpu-address storage=0x000000094cc04f10 x0=0x0000010000058000 x1=0x000000094cc04f10
AO46_AGX_COMPUTE_RECORD allocate input-shared
AO46_AGX_PRIVATE_WINSYS_RESOURCE_CREATE_RECORD address=0x000000016fdfe4c8 bytes=8000000000000000010001000100000001010001300c000000000000000000000000000000000000000000000000000000000000000000000085e604010000000040e60401000000000002000000000004000000000000000000000000000000c80a0b0e01000000
AO46_AGX_PRIVATE_WINSYS_CALL name=resource-create capture_id=41 return_hook=1 x0=0x000000094cc70110 x1=0x000000016fdfe4c8 x2=0x0000000000000068 x3=0x0000000000000001 x4=0x0000000000000000 x5=0x000000016fdfe4c8
Selector 9, 2E03, 2E03
AGX_CALL selector=9 scalar_in=0 struct_in=104 scalar_out_capacity=0 struct_out_capacity=88
2E03: call 9 (out 0x16fdfe2f0, 88), struct:
000000  80 00 00 00 00 00 00 00 01 00 01 00 01 00 00 00  | €...............
000010  01 01 00 01 30 0C 00 00 00 00 00 00 00 00 00 00  | ....0...........
000020  00 00 00 00 00 00 00 00 00 00 00 00 00 00 00 00  | ................
000030  00 00 00 00 00 00 00 00 00 85 E6 04 01 00 00 00  | ................
000040  00 40 E6 04 01 00 00 00 00 00 02 00 00 00 00 00  | .@..............
000050  04 00 00 00 00 00 00 00 00 00 00 00 00 00 00 00  | ................
000060  C8 0A 0B 0E 01 00 00 00
AGX_RESULT selector=9 status=0 scalar_out=0 struct_out=88
MODERN_ALLOCATE_MEM handle=21 gpu=10000034500 cpu=0 size=1bb00 attributes=80 storage=0xc30 write_combined=0 private=0 reused=0
MODERN_ALLOCATE_REQUEST size_units_candidate=2
MODERN_ALLOCATE_REQUEST bytes=8000000000000000010001000100000001010001300c000000000000000000000000000000000000000000000000000000000000000000000085e604010000000040e60401000000000002000000000004000000000000000000000000000000c80a0b0e01000000
AO46_AGX_PRIVATE_WINSYS_RETURN capture_id=41 name=resource-create storage=0x000000094cc70110 x0=0x000000094cc04fb0 x1=0x000000016fdfe2e8
AO46_AGX_PRIVATE_WINSYS_CALL name=resource-gpu-address capture_id=42 return_hook=1 x0=0x000000094cc04fb0 x1=0x000000094cc04fb0 x2=0x0000000000000000 x3=0x000000094cc05028 x4=0x00000001000abc3f x5=0x000000016fdfdd80
AO46_AGX_PRIVATE_WINSYS_RETURN capture_id=42 name=resource-gpu-address storage=0x000000094cc04fb0 x0=0x0000010000034500 x1=0x000000094cc04fb0
AO46_AGX_COMPUTE_RECORD allocate output-shared
AO46_AGX_PRIVATE_WINSYS_RESOURCE_CREATE_RECORD address=0x000000016fdfe4c8 bytes=8000000000000000010001000100000001010001300c000000000000000000000000000000000000000000000000000000000000000000000095e604010000000040e6040100000000000200000000000400000000000000000000000000000058807bef01000000
AO46_AGX_PRIVATE_WINSYS_CALL name=resource-create capture_id=43 return_hook=1 x0=0x000000094cc70110 x1=0x000000016fdfe4c8 x2=0x0000000000000068 x3=0x0000000000000001 x4=0x0000000000000000 x5=0x000000016fdfe4c8
Selector 9, 2E03, 2E03
AGX_CALL selector=9 scalar_in=0 struct_in=104 scalar_out_capacity=0 struct_out_capacity=88
2E03: call 9 (out 0x16fdfe2f0, 88), struct:
000000  80 00 00 00 00 00 00 00 01 00 01 00 01 00 00 00  | €...............
000010  01 01 00 01 30 0C 00 00 00 00 00 00 00 00 00 00  | ....0...........
000020  00 00 00 00 00 00 00 00 00 00 00 00 00 00 00 00  | ................
000030  00 00 00 00 00 00 00 00 00 95 E6 04 01 00 00 00  | ................
000040  00 40 E6 04 01 00 00 00 00 00 02 00 00 00 00 00  | .@..............
000050  04 00 00 00 00 00 00 00 00 00 00 00 00 00 00 00  | ................
000060  58 80 7B EF 01 00 00 00
AGX_RESULT selector=9 status=0 scalar_out=0 struct_out=88
MODERN_ALLOCATE_MEM handle=22 gpu=10000035500 cpu=0 size=1ab00 attributes=80 storage=0xc30 write_combined=0 private=0 reused=0
MODERN_ALLOCATE_REQUEST size_units_candidate=2
MODERN_ALLOCATE_REQUEST bytes=8000000000000000010001000100000001010001300c000000000000000000000000000000000000000000000000000000000000000000000095e604010000000040e6040100000000000200000000000400000000000000000000000000000058807bef01000000
AO46_AGX_PRIVATE_WINSYS_RETURN capture_id=43 name=resource-create storage=0x000000094cc70110 x0=0x000000094cc05050 x1=0x000000016fdfe2e8
AO46_AGX_PRIVATE_WINSYS_CALL name=resource-gpu-address capture_id=44 return_hook=1 x0=0x000000094cc05050 x1=0x000000094cc05050 x2=0x0000000000000000 x3=0x000000094cc050c8 x4=0x00000001000abc3f x5=0x000000016fdfdd80
AO46_AGX_PRIVATE_WINSYS_RETURN capture_id=44 name=resource-gpu-address storage=0x000000094cc05050 x0=0x0000010000035500 x1=0x000000094cc05050
AO46_AGX_COMPUTE_RECORD public-resource name=input object=0x94cde0fc0 gpu_va=0x10000034500 bytes=4096
AO46_AGX_COMPUTE_RECORD public-resource name=output object=0x94cde1180 gpu_va=0x10000035500 bytes=4096
AO46_AGX_COMPUTE_RECORD dispatch transform-input-to-output elements=1024 threads_per_group=32
AO46_AGX_PRIVATE_WINSYS_CALL name=command-buffer-init capture_id=45 return_hook=1 x0=0x000000010068baa0 x1=0x00000001fe1359a8 x2=0x0000000100686680 x3=0x0000000000000001 x4=0x0000000000000000 x5=0x0000000040000001
Selector 6, 2E03, 2E03
AGX_CALL selector=6 scalar_in=0 struct_in=0 scalar_out_capacity=0 struct_out_capacity=16
2E03: call 6 (out 0x16fdfe378, 16)
AGX_RESULT selector=6 status=0 scalar_out=0 struct_out=16
AO46_AGX_PRIVATE_WINSYS_CALL name=storage-pool-create capture_id=46 return_hook=1 x0=0x000000094cc8c000 x1=0x00000007bdbcaa1a x2=0x0000000000000001 x3=0x0000000000000103 x4=0x000000018376f757 x5=0x000000016fdfde50
AO46_AGX_PRIVATE_WINSYS_STORAGE_CREATE_PARAMS address=0x0000000100678910 bytes=c0c2034d0900000080c2034d0900000000c3034d090000000049c84c090000002c0000000000000080c4024d0900000060c0024d0900000040c3034d09000000
AO46_AGX_PRIVATE_WINSYS_CALL name=command-storage-create capture_id=47 return_hook=1 x0=0x0000000100678630 x1=0x0000000100678910 x2=0x00000007bdbcaa1a x3=0x0000000000000001 x4=0x000000018376f757 x5=0x000000016fdfde50
Selector 14, 2E03, 2E03
AGX_CALL selector=14 scalar_in=2 struct_in=0 scalar_out_capacity=0 struct_out_capacity=16
2E03: call E (out 0x16fdfe240, 16) 4000 0
AGX_RESULT selector=14 status=0 scalar_out=0 struct_out=16
Selector 14, 2E03, 2E03
AGX_CALL selector=14 scalar_in=2 struct_in=0 scalar_out_capacity=0 struct_out_capacity=16
2E03: call E (out 0x16fdfe240, 16) 4000 1
AGX_RESULT selector=14 status=0 scalar_out=0 struct_out=16
AO46_AGX_PRIVATE_WINSYS_CALL name=begin-kernel-commands capture_id=48 return_hook=1 x0=0x000000010068a920 x1=0x0000000104eb8000 x2=0xffffffffffffffec x3=0x0000000104eb806c x4=0x0000000104eb8080 x5=0x000000016fdfdd60
AO46_AGX_PRIVATE_WINSYS_RETURN capture_id=48 name=begin-kernel-commands storage=0x000000010068a920 x0=0x000000010068a920 x1=0x0000000104eb8000
AO46_AGX_PRIVATE_WINSYS_RETURN capture_id=47 name=command-storage-create storage=0x0000000100678630 x0=0x000000010068a920 x1=0x0000000104eb8000
AO46_AGX_PRIVATE_WINSYS_RETURN capture_id=46 name=storage-pool-create storage=0x000000094cc8c000 x0=0x000000010068a920 x1=0x0000000104eb8000
AO46_AGX_PRIVATE_WINSYS_RETURN capture_id=45 name=command-buffer-init storage=0x000000010068baa0 x0=0x000000010068baa0 x1=0x0000000104eb8000
AO46_AGX_PRIVATE_WINSYS_SEGMENT_POINTER storage=0x000000010068a920 pointer=0x0000000104eb80ac kernel_base=0x0000000104eb8000 kernel_delta=0xac
AO46_AGX_PRIVATE_WINSYS_CALL name=begin-segment capture_id=49 return_hook=1 x0=0x000000010068a920 x1=0x0000000104eb80ac x2=0x0000000000000000 x3=0xfffff0007fc00000 x4=0x00000001006884c0 x5=0x0000000000000000
AO46_AGX_PRIVATE_WINSYS_CALL name=resource-list-reset capture_id=0 return_hook=0 x0=0x000000010068a9b0 x1=0x0000000104eb4048 x2=0x0000000000003fb8 x3=0x0000000000000001 x4=0x00000001006884c0 x5=0x0000000000000000
AO46_AGX_PRIVATE_WINSYS_RETURN capture_id=49 name=begin-segment storage=0x000000010068a920 x0=0x0000000424400300 x1=0x0000000000000000
AO46_AGX_PRIVATE_WINSYS_SLOT phase=before storage=0x000000010068a920 index=0x0000000000000003 count=44 slots=0x000000094cc84900 records=0x000000010068e5a0 slot_descriptor=0x00000001006846d0 record=0x000000010068e660 slot_descriptor_bytes=812cd2ef010000010000000000000000d8466800010000000000000000000000e8466800010000000000000000000000082cd2ef0100000030866700010000004047680001000000680000000000000000366e010000000000000000000000000000000000000000 record_bytes=00000000000000000000000000000000000000000000000000000000000000000000000000000000000000000000000000000000000000000000000000000000
AO46_AGX_PRIVATE_WINSYS_CALL name=alloc-resource-at-index capture_id=50 return_hook=1 x0=0x000000010068a920 x1=0x0000000000000003 x2=0x0000000000000001 x3=0x00000004244003c0 x4=0x0000000424400380 x5=0x0000000000000000
AO46_AGX_PRIVATE_WINSYS_CALL name=resource-pool-create-pooled-resource capture_id=51 return_hook=1 x0=0x00000001006846d0 x1=0x000000016fdfe10f x2=0x0000000000000001 x3=0x00000004244003c0 x4=0x0000000424400380 x5=0x0000000000000000
AO46_AGX_PRIVATE_WINSYS_RESOURCE_CREATE_RECORD address=0x0000000100684740 bytes=0000000000000000008001000100000001010001304400000000000000000000000000000000000000000000000000000000000000000000000000000000000000000000000000000080000000000000000000000000000000000008480000000000000000000000
AO46_AGX_PRIVATE_WINSYS_CALL name=resource-create capture_id=52 return_hook=1 x0=0x000000094cc70110 x1=0x0000000100684740 x2=0x0000000000000068 x3=0x0000000000000001 x4=0x0000000000000000 x5=0x0000000100684740
Selector 9, 2E03, 2E03
AGX_CALL selector=9 scalar_in=0 struct_in=104 scalar_out_capacity=0 struct_out_capacity=88
2E03: call 9 (out 0x16fdfe010, 88), struct:
000000  00 00 00 00 00 00 00 00 00 80 01 00 01 00 00 00  | .........€......
000010  01 01 00 01 30 44 00 00 00 00 00 00 00 00 00 00  | ....0D..........
000020  00 00 00 00 00 00 00 00 00 00 00 00 00 00 00 00  | ................
*
000040  00 00 00 00 00 00 00 00 00 80 00 00 00 00 00 00  | .........€......
000050  00 00 00 00 00 00 00 00 00 00 00 08 48 00 00 00  | ............H...
000060  00 00 00 00 00 00 00 00
AGX_RESULT selector=9 status=0 scalar_out=0 struct_out=88
MODERN_ALLOCATE_MEM handle=23 gpu=10000080000 cpu=104ebc000 size=8000 attributes=0 storage=0x4430 write_combined=0 private=0 reused=0
MODERN_ALLOCATE_REQUEST size_units_candidate=0
MODERN_ALLOCATE_REQUEST bytes=0000000000000000008001000100000001010001304400000000000000000000000000000000000000000000000000000000000000000000000000000000000000000000000000000080000000000000000000000000000000000008480000000000000000000000
AO46_AGX_PRIVATE_WINSYS_RETURN capture_id=52 name=resource-create storage=0x000000094cc70110 x0=0x000000094cc050f0 x1=0x000000016fdfe008
AO46_AGX_PRIVATE_WINSYS_CALL name=resource-gpu-address capture_id=53 return_hook=1 x0=0x000000094cc050f0 x1=0x000000094cc050f0 x2=0x0000000000000000 x3=0x000000094cc05168 x4=0x00000001000abc3f x5=0x000000016fdfdaa0
AO46_AGX_PRIVATE_WINSYS_RETURN capture_id=53 name=resource-gpu-address storage=0x000000094cc050f0 x0=0x0000010000080000 x1=0x000000094cc050f0
AO46_AGX_PRIVATE_WINSYS_RETURN capture_id=51 name=resource-pool-create-pooled-resource storage=0x00000001006846d0 x0=0x000000094ce50000 x1=0x0000000000000103
AO46_AGX_PRIVATE_WINSYS_RETURN capture_id=50 name=alloc-resource-at-index storage=0x000000010068a920 x0=0x0000000000000000 x1=0x0000000000000103
AO46_AGX_PRIVATE_WINSYS_SLOT phase=after storage=0x000000010068a920 index=0x0000000000000003 count=44 records=0x000000010068e5a0 record=0x000000010068e660 record_resource=0x000000094ce50000 record_bytes=000008000001000000c0eb04010000000040ec040100000000c0eb04010000000000e54c09000000000000000000000000800000000000001700000000000000
AO46_AGX_PRIVATE_WINSYS_CALL name=resource-list-add-resource capture_id=0 return_hook=0 x0=0x000000010068a9b0 x1=0x000000094ce50040 x2=0x0000000000000001 x3=0x0000000000000103 x4=0x00000001000abc3f x5=0x000000016fdfdaa0
AO46_AGX_PRIVATE_WINSYS_SLOT phase=before storage=0x000000010068a920 index=0x0000000000000005 count=44 slots=0x000000094cc84900 records=0x000000010068e5a0 slot_descriptor=0x0000000100671370 record=0x000000010068e6e0 slot_descriptor_bytes=812cd2ef0100000100000000000000007813670001000000000000000000000088136700010000000000000000000000082cd2ef010000003086670001000000e013670001000000680000000000000000366e010000000000000000000000000000000000000000 record_bytes=00000000000000000000000000000000000000000000000000000000000000000000000000000000000000000000000000000000000000000000000000000000
AO46_AGX_PRIVATE_WINSYS_CALL name=alloc-resource-at-index capture_id=54 return_hook=1 x0=0x000000010068a920 x1=0x0000000000000005 x2=0x0000000000000001 x3=0x0000000000000000 x4=0x00000001000abc3f x5=0x000000016fdfdaa0
AO46_AGX_PRIVATE_WINSYS_CALL name=resource-pool-create-pooled-resource capture_id=55 return_hook=1 x0=0x0000000100671370 x1=0x000000016fdfe10f x2=0x0000000000000001 x3=0x0000000000000000 x4=0x00000001000abc3f x5=0x000000016fdfdaa0
AO46_AGX_PRIVATE_WINSYS_RESOURCE_CREATE_RECORD address=0x00000001006713e0 bytes=0000000000000000008001000100000001010001304400000000000000000000000000000000000000000000000000000000000000000000000000000000000000000000000000000080000000000000000000000000000000000018000000000000000000000000
AO46_AGX_PRIVATE_WINSYS_CALL name=resource-create capture_id=56 return_hook=1 x0=0x000000094cc70110 x1=0x00000001006713e0 x2=0x0000000000000068 x3=0xfffff0007fc00000 x4=0x000000094cc70280 x5=0x00000001006713e0
Selector 9, 2E03, 2E03
AGX_CALL selector=9 scalar_in=0 struct_in=104 scalar_out_capacity=0 struct_out_capacity=88
2E03: call 9 (out 0x16fdfe010, 88), struct:
000000  00 00 00 00 00 00 00 00 00 80 01 00 01 00 00 00  | .........€......
000010  01 01 00 01 30 44 00 00 00 00 00 00 00 00 00 00  | ....0D..........
000020  00 00 00 00 00 00 00 00 00 00 00 00 00 00 00 00  | ................
*
000040  00 00 00 00 00 00 00 00 00 80 00 00 00 00 00 00  | .........€......
000050  00 00 00 00 00 00 00 00 00 00 00 18 00 00 00 00  | ................
000060  00 00 00 00 00 00 00 00
AGX_RESULT selector=9 status=0 scalar_out=0 struct_out=88
MODERN_ALLOCATE_MEM handle=24 gpu=10000090000 cpu=104ec4000 size=8000 attributes=0 storage=0x4430 write_combined=0 private=0 reused=0
MODERN_ALLOCATE_REQUEST size_units_candidate=0
MODERN_ALLOCATE_REQUEST bytes=0000000000000000008001000100000001010001304400000000000000000000000000000000000000000000000000000000000000000000000000000000000000000000000000000080000000000000000000000000000000000018000000000000000000000000
AO46_AGX_PRIVATE_WINSYS_RETURN capture_id=56 name=resource-create storage=0x000000094cc70110 x0=0x000000094cc05190 x1=0x000000016fdfe008
AO46_AGX_PRIVATE_WINSYS_CALL name=resource-gpu-address capture_id=57 return_hook=1 x0=0x000000094cc05190 x1=0x000000094cc05190 x2=0x0000000000000000 x3=0x000000094cc05208 x4=0x00000001000abc3f x5=0x000000016fdfdaa0
AO46_AGX_PRIVATE_WINSYS_RETURN capture_id=57 name=resource-gpu-address storage=0x000000094cc05190 x0=0x0000010000090000 x1=0x000000094cc05190
AO46_AGX_PRIVATE_WINSYS_RETURN capture_id=55 name=resource-pool-create-pooled-resource storage=0x0000000100671370 x0=0x000000094ce50180 x1=0x0000000000000103
AO46_AGX_PRIVATE_WINSYS_RETURN capture_id=54 name=alloc-resource-at-index storage=0x000000010068a920 x0=0x0000000000000000 x1=0x0000000000000103
AO46_AGX_PRIVATE_WINSYS_SLOT phase=after storage=0x000000010068a920 index=0x0000000000000005 count=44 records=0x000000010068e5a0 record=0x000000010068e6e0 record_resource=0x000000094ce50180 record_bytes=00000900000100000040ec040100000000c0ec04010000000040ec04010000008001e54c09000000000000000000000000800000000000001800000000000000
AO46_AGX_PRIVATE_WINSYS_CALL name=resource-list-add-resource capture_id=0 return_hook=0 x0=0x000000010068a9b0 x1=0x000000094ce501c0 x2=0x0000000000000001 x3=0x0000000000000103 x4=0x000000094ce4c080 x5=0x000000016fdfdee7
AO46_AGX_PRIVATE_WINSYS_SLOT phase=before storage=0x000000010068a920 index=0x000000000000000d count=44 slots=0x000000094cc84900 records=0x000000010068e5a0 slot_descriptor=0x000000094d1bc150 record=0x000000010068e8e0 slot_descriptor_bytes=812cd2ef01000001000000000000000058c11b4d09000000000000000000000068c11b4d090000000000000000000000082cd2ef0100000030866700010000000080442404000000680000000000000000366e010000000000000000000000000000000000000000 record_bytes=00000000000000000000000000000000000000000000000000000000000000000000000000000000000000000000000000000000000000000000000000000000
AO46_AGX_PRIVATE_WINSYS_CALL name=alloc-resource-at-index capture_id=58 return_hook=1 x0=0x000000010068a920 x1=0x000000000000000d x2=0x0000000000000001 x3=0x0000000000000000 x4=0x000000094ce4c080 x5=0x000000016fdfdee7
AO46_AGX_PRIVATE_WINSYS_CALL name=resource-pool-create-pooled-resource capture_id=59 return_hook=1 x0=0x000000094d1bc150 x1=0x000000016fdfe10f x2=0x0000000000000001 x3=0x0000000000000000 x4=0x000000094ce4c080 x5=0x000000016fdfdee7
AO46_AGX_PRIVATE_WINSYS_RESOURCE_CREATE_RECORD address=0x0000000424448000 bytes=0000000000000000008001000100000001010001304400000000000000000000000000000000000000000000000000000000000000000000000000000000000000000000000000000080000000000000000000000000000000000008000000000000000000000000
AO46_AGX_PRIVATE_WINSYS_CALL name=resource-create capture_id=60 return_hook=1 x0=0x000000094cc70110 x1=0x0000000424448000 x2=0x0000000000000068 x3=0x0000000000000001 x4=0x0000000000000000 x5=0x0000000424448000
Selector 9, 2E03, 2E03
AGX_CALL selector=9 scalar_in=0 struct_in=104 scalar_out_capacity=0 struct_out_capacity=88
2E03: call 9 (out 0x16fdfe010, 88), struct:
000000  00 00 00 00 00 00 00 00 00 80 01 00 01 00 00 00  | .........€......
000010  01 01 00 01 30 44 00 00 00 00 00 00 00 00 00 00  | ....0D..........
000020  00 00 00 00 00 00 00 00 00 00 00 00 00 00 00 00  | ................
*
000040  00 00 00 00 00 00 00 00 00 80 00 00 00 00 00 00  | .........€......
000050  00 00 00 00 00 00 00 00 00 00 00 08 00 00 00 00  | ................
000060  00 00 00 00 00 00 00 00
AGX_RESULT selector=9 status=0 scalar_out=0 struct_out=88
MODERN_ALLOCATE_MEM handle=25 gpu=100000a0000 cpu=104ecc000 size=8000 attributes=0 storage=0x4430 write_combined=0 private=0 reused=0
MODERN_ALLOCATE_REQUEST size_units_candidate=0
MODERN_ALLOCATE_REQUEST bytes=0000000000000000008001000100000001010001304400000000000000000000000000000000000000000000000000000000000000000000000000000000000000000000000000000080000000000000000000000000000000000008000000000000000000000000
AO46_AGX_PRIVATE_WINSYS_RETURN capture_id=60 name=resource-create storage=0x000000094cc70110 x0=0x000000094cc05230 x1=0x000000016fdfe008
AO46_AGX_PRIVATE_WINSYS_CALL name=resource-gpu-address capture_id=61 return_hook=1 x0=0x000000094cc05230 x1=0x000000094cc05230 x2=0x0000000000000000 x3=0x000000094cc052a8 x4=0x00000001000abc3f x5=0x000000016fdfdaa0
AO46_AGX_PRIVATE_WINSYS_RETURN capture_id=61 name=resource-gpu-address storage=0x000000094cc05230 x0=0x00000100000a0000 x1=0x000000094cc05230
AO46_AGX_PRIVATE_WINSYS_RETURN capture_id=59 name=resource-pool-create-pooled-resource storage=0x000000094d1bc150 x0=0x000000094ce50300 x1=0x0000000000000103
AO46_AGX_PRIVATE_WINSYS_RETURN capture_id=58 name=alloc-resource-at-index storage=0x000000010068a920 x0=0x0000000000000000 x1=0x0000000000000103
AO46_AGX_PRIVATE_WINSYS_SLOT phase=after storage=0x000000010068a920 index=0x000000000000000d count=44 records=0x000000010068e5a0 record=0x000000010068e8e0 record_resource=0x000000094ce50300 record_bytes=00000a000001000000c0ec04010000000040ed040100000000c0ec04010000000003e54c09000000000000000000000000800000000000001900000000000000
AO46_AGX_PRIVATE_WINSYS_CALL name=resource-list-add-resource capture_id=0 return_hook=0 x0=0x000000010068a9b0 x1=0x000000094ce50340 x2=0x0000000000000001 x3=0x0000000000000103 x4=0x000000094ce4ca80 x5=0x0000000000000001
AO46_AGX_PRIVATE_WINSYS_SLOT phase=before storage=0x000000010068a920 index=0x0000000000000016 count=44 slots=0x000000094cc84900 records=0x000000010068e5a0 slot_descriptor=0x000000094d1bc540 record=0x000000010068eb20 slot_descriptor_bytes=812cd2ef01000001000000000000000048c51b4d09000000000000000000000058c51b4d090000000000000000000000082cd2ef010000003086670001000000f083442404000000680000000000000000366e010000000000000000000000000000000000000000 record_bytes=00000000000000000000000000000000000000000000000000000000000000000000000000000000000000000000000000000000000000000000000000000000
AO46_AGX_PRIVATE_WINSYS_CALL name=alloc-resource-at-index capture_id=62 return_hook=1 x0=0x000000010068a920 x1=0x0000000000000016 x2=0x0000000000000001 x3=0x0000000000000000 x4=0x000000094ce4ca80 x5=0x0000000000000001
AO46_AGX_PRIVATE_WINSYS_CALL name=resource-pool-create-pooled-resource capture_id=63 return_hook=1 x0=0x000000094d1bc540 x1=0x000000016fdfe10f x2=0x0000000000000001 x3=0x0000000000000000 x4=0x000000094ce4ca80 x5=0x0000000000000001
AO46_AGX_PRIVATE_WINSYS_RESOURCE_CREATE_RECORD address=0x00000004244483f0 bytes=0000000000000000008001000100000001010001304400000000000000000000000000000000000000000000000000000000000000000000000000000000000000000000000000000080000000000000000000000000000000000008400000000000000000000000
AO46_AGX_PRIVATE_WINSYS_CALL name=resource-create capture_id=64 return_hook=1 x0=0x000000094cc70110 x1=0x00000004244483f0 x2=0x0000000000000068 x3=0x0000000000000001 x4=0x0000000000000000 x5=0x00000004244483f0
Selector 9, 2E03, 2E03
AGX_CALL selector=9 scalar_in=0 struct_in=104 scalar_out_capacity=0 struct_out_capacity=88
2E03: call 9 (out 0x16fdfe010, 88), struct:
000000  00 00 00 00 00 00 00 00 00 80 01 00 01 00 00 00  | .........€......
000010  01 01 00 01 30 44 00 00 00 00 00 00 00 00 00 00  | ....0D..........
000020  00 00 00 00 00 00 00 00 00 00 00 00 00 00 00 00  | ................
*
000040  00 00 00 00 00 00 00 00 00 80 00 00 00 00 00 00  | .........€......
000050  00 00 00 00 00 00 00 00 00 00 00 08 40 00 00 00  | ............@...
000060  00 00 00 00 00 00 00 00
AGX_RESULT selector=9 status=0 scalar_out=0 struct_out=88
MODERN_ALLOCATE_MEM handle=26 gpu=100000b0000 cpu=104ed4000 size=8000 attributes=0 storage=0x4430 write_combined=0 private=0 reused=0
MODERN_ALLOCATE_REQUEST size_units_candidate=0
MODERN_ALLOCATE_REQUEST bytes=0000000000000000008001000100000001010001304400000000000000000000000000000000000000000000000000000000000000000000000000000000000000000000000000000080000000000000000000000000000000000008400000000000000000000000
AO46_AGX_PRIVATE_WINSYS_RETURN capture_id=64 name=resource-create storage=0x000000094cc70110 x0=0x000000094cc052d0 x1=0x000000016fdfe008
AO46_AGX_PRIVATE_WINSYS_CALL name=resource-gpu-address capture_id=65 return_hook=1 x0=0x000000094cc052d0 x1=0x000000094cc052d0 x2=0x0000000000000000 x3=0x000000094cc05348 x4=0x00000001000abc3f x5=0x000000016fdfdaa0
AO46_AGX_PRIVATE_WINSYS_RETURN capture_id=65 name=resource-gpu-address storage=0x000000094cc052d0 x0=0x00000100000b0000 x1=0x000000094cc052d0
AO46_AGX_PRIVATE_WINSYS_RETURN capture_id=63 name=resource-pool-create-pooled-resource storage=0x000000094d1bc540 x0=0x000000094ce50480 x1=0x0000000000000103
AO46_AGX_PRIVATE_WINSYS_RETURN capture_id=62 name=alloc-resource-at-index storage=0x000000010068a920 x0=0x0000000000000000 x1=0x0000000000000103
AO46_AGX_PRIVATE_WINSYS_SLOT phase=after storage=0x000000010068a920 index=0x0000000000000016 count=44 records=0x000000010068e5a0 record=0x000000010068eb20 record_resource=0x000000094ce50480 record_bytes=00000b00000100000040ed040100000000c0ed04010000000040ed04010000008004e54c09000000000000000000000000800000000000001a00000000000000
AO46_AGX_PRIVATE_WINSYS_CALL name=resource-list-add-resource capture_id=0 return_hook=0 x0=0x000000010068a9b0 x1=0x000000094ce504c0 x2=0x0000000000000001 x3=0x0000000000000103 x4=0x000000094ce4d480 x5=0x0000000000000001
AO46_AGX_PRIVATE_WINSYS_SLOT phase=before storage=0x000000010068a920 index=0x000000000000001a count=44 slots=0x000000094cc84900 records=0x000000010068e5a0 slot_descriptor=0x000000094d1bc700 record=0x000000010068ec20 slot_descriptor_bytes=812cd2ef01000001000000000000000008c71b4d09000000000000000000000018c71b4d090000000000000000000000082cd2ef010000003086670001000000b085442404000000680000000000000000366e010000000000000000000000000000000000000000 record_bytes=00000000000000000000000000000000000000000000000000000000000000000000000000000000000000000000000000000000000000000000000000000000
AO46_AGX_PRIVATE_WINSYS_CALL name=alloc-resource-at-index capture_id=66 return_hook=1 x0=0x000000010068a920 x1=0x000000000000001a x2=0x0000000000000001 x3=0x0000000000000000 x4=0x000000094ce4d480 x5=0x0000000000000001
AO46_AGX_PRIVATE_WINSYS_CALL name=resource-pool-create-pooled-resource capture_id=67 return_hook=1 x0=0x000000094d1bc700 x1=0x000000016fdfe10f x2=0x0000000000000001 x3=0x0000000000000000 x4=0x000000094ce4d480 x5=0x0000000000000001
AO46_AGX_PRIVATE_WINSYS_RESOURCE_CREATE_RECORD address=0x00000004244485b0 bytes=0000000000000000008001000100000001010001304400000000000000000000000000000000000000000000000000000000000000000000000000000000000000000000000000000080000000000000000000000000000000000008000000000000000000000000
AO46_AGX_PRIVATE_WINSYS_CALL name=resource-create capture_id=68 return_hook=1 x0=0x000000094cc70110 x1=0x00000004244485b0 x2=0x0000000000000068 x3=0x0000000000000001 x4=0x0000000000000000 x5=0x00000004244485b0
Selector 9, 2E03, 2E03
AGX_CALL selector=9 scalar_in=0 struct_in=104 scalar_out_capacity=0 struct_out_capacity=88
2E03: call 9 (out 0x16fdfe010, 88), struct:
000000  00 00 00 00 00 00 00 00 00 80 01 00 01 00 00 00  | .........€......
000010  01 01 00 01 30 44 00 00 00 00 00 00 00 00 00 00  | ....0D..........
000020  00 00 00 00 00 00 00 00 00 00 00 00 00 00 00 00  | ................
*
000040  00 00 00 00 00 00 00 00 00 80 00 00 00 00 00 00  | .........€......
000050  00 00 00 00 00 00 00 00 00 00 00 08 00 00 00 00  | ................
000060  00 00 00 00 00 00 00 00
AGX_RESULT selector=9 status=0 scalar_out=0 struct_out=88
MODERN_ALLOCATE_MEM handle=27 gpu=100000c0000 cpu=104edc000 size=8000 attributes=0 storage=0x4430 write_combined=0 private=0 reused=0
MODERN_ALLOCATE_REQUEST size_units_candidate=0
MODERN_ALLOCATE_REQUEST bytes=0000000000000000008001000100000001010001304400000000000000000000000000000000000000000000000000000000000000000000000000000000000000000000000000000080000000000000000000000000000000000008000000000000000000000000
AO46_AGX_PRIVATE_WINSYS_RETURN capture_id=68 name=resource-create storage=0x000000094cc70110 x0=0x000000094cc05370 x1=0x000000016fdfe008
AO46_AGX_PRIVATE_WINSYS_CALL name=resource-gpu-address capture_id=69 return_hook=1 x0=0x000000094cc05370 x1=0x000000094cc05370 x2=0x0000000000000000 x3=0x000000094cc053e8 x4=0x00000001000abc3f x5=0x000000016fdfdaa0
AO46_AGX_PRIVATE_WINSYS_RETURN capture_id=69 name=resource-gpu-address storage=0x000000094cc05370 x0=0x00000100000c0000 x1=0x000000094cc05370
AO46_AGX_PRIVATE_WINSYS_RETURN capture_id=67 name=resource-pool-create-pooled-resource storage=0x000000094d1bc700 x0=0x000000094ce50600 x1=0x0000000000000103
AO46_AGX_PRIVATE_WINSYS_RETURN capture_id=66 name=alloc-resource-at-index storage=0x000000010068a920 x0=0x0000000000000000 x1=0x0000000000000103
AO46_AGX_PRIVATE_WINSYS_SLOT phase=after storage=0x000000010068a920 index=0x000000000000001a count=44 records=0x000000010068e5a0 record=0x000000010068ec20 record_resource=0x000000094ce50600 record_bytes=00000c000001000000c0ed04010000000040ee040100000000c0ed04010000000006e54c09000000000000000000000000800000000000001b00000000000000
AO46_AGX_PRIVATE_WINSYS_CALL name=resource-list-add-resource capture_id=0 return_hook=0 x0=0x000000010068a9b0 x1=0x000000094ce50640 x2=0x0000000000000001 x3=0x0000000000000103 x4=0x000000094ce4de80 x5=0x0000000000000001
AO46_AGX_PRIVATE_WINSYS_SLOT phase=before storage=0x000000010068a920 index=0x000000000000001b count=44 slots=0x000000094cc84900 records=0x000000010068e5a0 slot_descriptor=0x000000094d1bc770 record=0x000000010068ec60 slot_descriptor_bytes=812cd2ef01000001000000000000000078c71b4d09000000000000000000000088c71b4d090000000000000000000000082cd2ef0100000030866700010000002086442404000000680000000000000000366e010000000000000000000000000000000000000000 record_bytes=00000000000000000000000000000000000000000000000000000000000000000000000000000000000000000000000000000000000000000000000000000000
AO46_AGX_PRIVATE_WINSYS_CALL name=alloc-resource-at-index capture_id=70 return_hook=1 x0=0x000000010068a920 x1=0x000000000000001b x2=0x0000000000000001 x3=0x0000000000000000 x4=0x000000094ce4de80 x5=0x0000000000000001
AO46_AGX_PRIVATE_WINSYS_CALL name=resource-pool-create-pooled-resource capture_id=71 return_hook=1 x0=0x000000094d1bc770 x1=0x000000016fdfe10f x2=0x0000000000000001 x3=0x0000000000000000 x4=0x000000094ce4de80 x5=0x0000000000000001
AO46_AGX_PRIVATE_WINSYS_RESOURCE_CREATE_RECORD address=0x0000000424448620 bytes=0000000000000000008001000100000001010001304400000000000000000000000000000000000000000000000000000000000000000000000000000000000000000000000000000080000000000000000000000000000000000008000000000000000000000000
AO46_AGX_PRIVATE_WINSYS_CALL name=resource-create capture_id=72 return_hook=1 x0=0x000000094cc70110 x1=0x0000000424448620 x2=0x0000000000000068 x3=0x0000000000000001 x4=0x0000000000000000 x5=0x0000000424448620
Selector 9, 2E03, 2E03
AGX_CALL selector=9 scalar_in=0 struct_in=104 scalar_out_capacity=0 struct_out_capacity=88
2E03: call 9 (out 0x16fdfe010, 88), struct:
000000  00 00 00 00 00 00 00 00 00 80 01 00 01 00 00 00  | .........€......
000010  01 01 00 01 30 44 00 00 00 00 00 00 00 00 00 00  | ....0D..........
000020  00 00 00 00 00 00 00 00 00 00 00 00 00 00 00 00  | ................
*
000040  00 00 00 00 00 00 00 00 00 80 00 00 00 00 00 00  | .........€......
000050  00 00 00 00 00 00 00 00 00 00 00 08 00 00 00 00  | ................
000060  00 00 00 00 00 00 00 00
AGX_RESULT selector=9 status=0 scalar_out=0 struct_out=88
MODERN_ALLOCATE_MEM handle=28 gpu=100000d0000 cpu=104ee4000 size=8000 attributes=0 storage=0x4430 write_combined=0 private=0 reused=0
MODERN_ALLOCATE_REQUEST size_units_candidate=0
MODERN_ALLOCATE_REQUEST bytes=0000000000000000008001000100000001010001304400000000000000000000000000000000000000000000000000000000000000000000000000000000000000000000000000000080000000000000000000000000000000000008000000000000000000000000
AO46_AGX_PRIVATE_WINSYS_RETURN capture_id=72 name=resource-create storage=0x000000094cc70110 x0=0x000000094cc05410 x1=0x000000016fdfe008
AO46_AGX_PRIVATE_WINSYS_CALL name=resource-gpu-address capture_id=73 return_hook=1 x0=0x000000094cc05410 x1=0x000000094cc05410 x2=0x0000000000000000 x3=0x000000094cc05488 x4=0x00000001000abc3f x5=0x000000016fdfdaa0
AO46_AGX_PRIVATE_WINSYS_RETURN capture_id=73 name=resource-gpu-address storage=0x000000094cc05410 x0=0x00000100000d0000 x1=0x000000094cc05410
AO46_AGX_PRIVATE_WINSYS_RETURN capture_id=71 name=resource-pool-create-pooled-resource storage=0x000000094d1bc770 x0=0x000000094ce50780 x1=0x0000000000000103
AO46_AGX_PRIVATE_WINSYS_RETURN capture_id=70 name=alloc-resource-at-index storage=0x000000010068a920 x0=0x0000000000000000 x1=0x0000000000000103
AO46_AGX_PRIVATE_WINSYS_SLOT phase=after storage=0x000000010068a920 index=0x000000000000001b count=44 records=0x000000010068e5a0 record=0x000000010068ec60 record_resource=0x000000094ce50780 record_bytes=00000d00000100000040ee040100000000c0ee04010000000040ee04010000008007e54c09000000000000000000000000800000000000001c00000000000000
AO46_AGX_PRIVATE_WINSYS_CALL name=resource-list-add-resource capture_id=0 return_hook=0 x0=0x000000010068a9b0 x1=0x000000094ce507c0 x2=0x0000000000000001 x3=0x0000000000000103 x4=0x00000001000abc3f x5=0x000000016fdfdaa0
AO46_AGX_PRIVATE_WINSYS_CALL name=resource-list-add-resource capture_id=0 return_hook=0 x0=0x000000010068a9b0 x1=0x000000094cc9c040 x2=0x0000000000000080 x3=0x0000000000000000 x4=0x00000001000abc3f x5=0x000000016fdfdaa0
AO46_AGX_PRIVATE_WINSYS_SLOT phase=before storage=0x000000010068a920 index=0x000000000000000a count=44 slots=0x000000094cc84900 records=0x000000010068e5a0 slot_descriptor=0x000000094d1bc000 record=0x000000010068e820 slot_descriptor_bytes=812cd2ef01000001000000000000000008c01b4d09000000000000000000000018c01b4d090000000000000000000000082cd2ef010000003086670001000000505e680001000000680000000000000000366e010000000000000000000000000000000000000000 record_bytes=00000000000000000000000000000000000000000000000000000000000000000000000000000000000000000000000000000000000000000000000000000000
AO46_AGX_PRIVATE_WINSYS_CALL name=alloc-resource-at-index capture_id=74 return_hook=1 x0=0x000000010068a920 x1=0x000000000000000a x2=0x0000000000000000 x3=0x0000000104eb839c x4=0x0000000104eb81c0 x5=0x000000016fdfdaa0
AO46_AGX_PRIVATE_WINSYS_CALL name=resource-pool-create-pooled-resource capture_id=75 return_hook=1 x0=0x000000094d1bc000 x1=0x000000016fdfe0ef x2=0x0000000000000000 x3=0x0000000104eb839c x4=0x0000000104eb81c0 x5=0x000000016fdfdaa0
AO46_AGX_PRIVATE_WINSYS_RESOURCE_CREATE_RECORD address=0x0000000100685e50 bytes=0000000000000000809b0100010000000101000130440000000000000000000000000000000000000000000000000000000000000000000000000000000000000000000000000000809b000000000000000000000000000000000018000000000000000000000000
AO46_AGX_PRIVATE_WINSYS_CALL name=resource-create capture_id=76 return_hook=1 x0=0x000000094cc70110 x1=0x0000000100685e50 x2=0x0000000000000068 x3=0x0000000000000001 x4=0x0000000000000000 x5=0x0000000100685e50
Selector 9, 2E03, 2E03
AGX_CALL selector=9 scalar_in=0 struct_in=104 scalar_out_capacity=0 struct_out_capacity=88
2E03: call 9 (out 0x16fdfdff0, 88), struct:
000000  00 00 00 00 00 00 00 00 80 9B 01 00 01 00 00 00  | ........€.......
000010  01 01 00 01 30 44 00 00 00 00 00 00 00 00 00 00  | ....0D..........
000020  00 00 00 00 00 00 00 00 00 00 00 00 00 00 00 00  | ................
*
000040  00 00 00 00 00 00 00 00 80 9B 00 00 00 00 00 00  | ........€.......
000050  00 00 00 00 00 00 00 00 00 00 00 18 00 00 00 00  | ................
000060  00 00 00 00 00 00 00 00
AGX_RESULT selector=9 status=0 scalar_out=0 struct_out=88
MODERN_ALLOCATE_MEM handle=29 gpu=100000e0000 cpu=104eec000 size=c000 attributes=0 storage=0x4430 write_combined=0 private=0 reused=0
MODERN_ALLOCATE_REQUEST size_units_candidate=0
MODERN_ALLOCATE_REQUEST bytes=0000000000000000809b0100010000000101000130440000000000000000000000000000000000000000000000000000000000000000000000000000000000000000000000000000809b000000000000000000000000000000000018000000000000000000000000
AO46_AGX_PRIVATE_WINSYS_RETURN capture_id=76 name=resource-create storage=0x000000094cc70110 x0=0x000000094cc054b0 x1=0x000000016fdfdfe8
AO46_AGX_PRIVATE_WINSYS_CALL name=resource-gpu-address capture_id=77 return_hook=1 x0=0x000000094cc054b0 x1=0x000000094cc054b0 x2=0x0000000000000000 x3=0x000000094cc05528 x4=0x00000001000abc3f x5=0x000000016fdfda80
AO46_AGX_PRIVATE_WINSYS_RETURN capture_id=77 name=resource-gpu-address storage=0x000000094cc054b0 x0=0x00000100000e0000 x1=0x000000094cc054b0
AO46_AGX_PRIVATE_WINSYS_RETURN capture_id=75 name=resource-pool-create-pooled-resource storage=0x000000094d1bc000 x0=0x000000094ce50900 x1=0x0000000000000103
AO46_AGX_PRIVATE_WINSYS_RETURN capture_id=74 name=alloc-resource-at-index storage=0x000000010068a920 x0=0x0000000000000000 x1=0x0000000000000103
AO46_AGX_PRIVATE_WINSYS_SLOT phase=after storage=0x000000010068a920 index=0x000000000000000a count=44 records=0x000000010068e5a0 record=0x000000010068e820 record_resource=0x000000094ce50900 record_bytes=00000e000001000000c0ee04010000000080ef040100000000c0ee04010000000009e54c09000000000000000000000000c00000000000001d00000000000000
AO46_AGX_PRIVATE_WINSYS_CALL name=resource-list-add-resource capture_id=0 return_hook=0 x0=0x000000010068a9b0 x1=0x000000094ce50940 x2=0x0000000000000001 x3=0x0000000000000103 x4=0x000000094ce4e880 x5=0x0000000000000001
AO46_AGX_PRIVATE_WINSYS_CALL name=resource-list-add-resource capture_id=0 return_hook=0 x0=0x000000010068a9b0 x1=0x000000094cc9c2c0 x2=0x0000000000000080 x3=0x0000000000000000 x4=0x000000094ce4e880 x5=0x0000000000000001
AO46_AGX_PRIVATE_WINSYS_CALL name=resource-list-add-resource capture_id=0 return_hook=0 x0=0x000000010068a9b0 x1=0x000000094cde0c80 x2=0x0000000000000080 x3=0x0000000000000000 x4=0x000000094ce4e880 x5=0x0000000000000001
AO46_AGX_PRIVATE_WINSYS_CALL name=resource-list-add-resource capture_id=0 return_hook=0 x0=0x000000010068a9b0 x1=0x000000094cde03c0 x2=0x0000000000000080 x3=0x0000000000000103 x4=0x0000000000000000 x5=0x0000000000000001
AO46_AGX_PRIVATE_WINSYS_CALL name=resource-list-add-resource capture_id=0 return_hook=0 x0=0x000000010068a9b0 x1=0x000000094cde0200 x2=0x0000000000000080 x3=0x0000000000000103 x4=0x0000000000000000 x5=0x0000000000000001
AO46_AGX_PRIVATE_WINSYS_CALL name=resource-list-add-resource capture_id=0 return_hook=0 x0=0x000000010068a9b0 x1=0x000000094cc9c040 x2=0x0000000000000080 x3=0x000000016fdfe29c x4=0x0000000000000000 x5=0x0000000000000001
AO46_AGX_PRIVATE_WINSYS_CALL name=resource-list-add-resource capture_id=0 return_hook=0 x0=0x000000010068a9b0 x1=0x000000094cc9c180 x2=0x0000000000000080 x3=0x000000016fdfe29c x4=0x0000000000000000 x5=0x0000000000000001
AO46_AGX_PRIVATE_WINSYS_CALL name=resource-list-add-resource capture_id=0 return_hook=0 x0=0x000000010068a9b0 x1=0x000000094cde1000 x2=0x0000000000000001 x3=0x0000000000000008 x4=0x0000000000000000 x5=0x0000000000001120
AO46_AGX_PRIVATE_WINSYS_CALL name=resource-list-add-resource capture_id=0 return_hook=0 x0=0x000000010068a9b0 x1=0x000000094cde11c0 x2=0x0000000000000003 x3=0x00000001003c1f00 x4=0x000000094cc94690 x5=0x0000000000000000
AO46_AGX_PRIVATE_WINSYS_CALL name=resource-list-add-resource capture_id=0 return_hook=0 x0=0x000000010068a9b0 x1=0x000000094ce50040 x2=0x0000000000000001 x3=0x0000000000000000 x4=0x000000094cc94690 x5=0x0000000000000000
AO46_AGX_PRIVATE_WINSYS_CALL name=end-segment capture_id=0 return_hook=0 x0=0x000000010068a920 x1=0x0000000000000103 x2=0x0000000000000103 x3=0x0000000000000103 x4=0x000000016fdfe038 x5=0x000000016fdfe034
AO46_AGX_PRIVATE_WINSYS_CALL name=command-buffer-fill capture_id=0 return_hook=0 x0=0x000000010068baa0 x1=0x00000001fd6d92a8 x2=0x000000016ff12190 x3=0x0000000100686680 x4=0x000000016ff12200 x5=0x0000000000000001
AO46_AGX_PRIVATE_WINSYS_CALL name=queue-submit capture_id=0 return_hook=0 x0=0x000000094cc68100 x1=0x0000000000000000 x2=0x0000000000000001 x3=0x000000016ff12190 x4=0x0000000000000040 x5=0x000000016ff12214
MODERN_TRAP4_TRANSPORT queue=1 index=0 descriptor_bytes=64 carrier_offset=132 carrier_prefix=256 valid=1
MODERN_SUBMIT queue=1 header=2/1 completion0=94cc19590 completion1=94cc19560
MODERN_RESOURCE_REFERENCE source_handle=23 source_offset=0x50 target_handle=13 gpu_delta=0
MODERN_RESOURCE_REFERENCE source_handle=23 source_offset=0x58 target_handle=12 gpu_delta=0
MODERN_RESOURCE_REFERENCE source_handle=29 source_offset=0x1ba0 target_handle=21 gpu_delta=0
MODERN_RESOURCE_REFERENCE source_handle=29 source_offset=0x1ba8 target_handle=22 gpu_delta=0
MODERN_RESOURCE_SCAN mapped=10 changed=10 references=4 bytes_per_resource=65536
MODERN_SUBMIT_AUX pointer=0x16ff12214 descriptor_offset=132 readable_prefix=256
MODERN_SUBMIT_CARRIER queue=1 offset=132 prefix=256 fingerprint=7fcb1d0cb227eccb
000000  00 00 00 00 63 00 A3 E1 7C A3 8D E5 00 00 00 00  | ....c...|.......
000010  00 00 00 00 00 00 00 00 00 00 00 00 20 00 00 00  | ............ ...
000020  00 00 00 00 70 00 00 00 00 00 00 00 30 00 00 00  | ....p.......0...
000030  00 00 00 00 00 23 F1 6F 01 00 00 00 E1 FF FF FF  | .....#.o........
000040  FF FF FF FF 20 00 00 00 00 00 00 00 00 00 00 00  | .... ...........
000050  00 00 00 00 80 66 68 00 01 00 00 00 00 23 F1 6F  | ....€fh......#.o
000060  01 00 00 00 01 00 00 00 00 00 00 00 C0 22 F1 6F  | .............".o
000070  01 00 00 00 E8 49 A2 A8 01 00 00 00 01 00 00 00  | .....I..........
000080  00 00 00 00 00 00 00 00 00 00 00 00 A8 0C 24 ED  | ..............$.
000090  01 00 00 00 01 00 00 00 00 00 00 00 80 66 68 00  | ............€fh.
0000A0  01 00 00 00 28 00 00 00 00 00 00 00 60 27 F1 6F  | ....(.......`'.o
0000B0  01 00 00 00 18 27 EF 8F 01 00 00 00 00 00 00 00  | .....'..........
0000C0  00 00 00 00 80 66 68 00 01 00 00 00 01 00 00 00  | ....€fh.........
0000D0  00 00 00 00 01 00 00 00 00 00 00 00 30 00 00 00  | ............0...
0000E0  00 00 00 00 00 00 00 00 00 00 00 00 A0 BA 68 00  | ..............h.
0000F0  01 00 00 00 00 00 00 00 00 00 00 00 00 00 00 00  | ................

MODERN_SUBMIT_AUX_DIFF queue=1 baseline=256
MODERN_SUBMIT_AUX_EXTENDED bytes=4096
MODERN_SUBMIT_CARRIER_EXTENDED queue=1 prefix=4096 opaque_slot=0x1ff800000
AO46_AGX_PRIVATE_WINSYS_CALL name=trap4 capture_id=0 return_hook=0 x0=0x0000000000002e03 x1=0x0000000000000000 x2=0x0000000000000001 x3=0x0000000000000040 x4=0x000000016ff12190 x5=0x000000016ff12214
Trap4 connect=2E03, index=0, p1=1, p2=40, p3=16ff12190, p4=16ff12214, result=0
Dequeueing (dataQueue=0x104e60000, data=0x16ff9e510, buffer 40)
Return "(os/kern) successful", got 40 bytes
MODERN_COMPLETION queue=1 token=94cc19590 bytes=40
90 95 C1 4C 09 00 00 00 FF A3 1F 2E 41 58 02 00 F5 C9 63 2E 41 58 02 00 00 00 00 00 00 00 00 00 00 00 00 00 00 00 00 00
Dequeueing (dataQueue=0x104e60000, data=0x16ff9e510, buffer 40)
Return "(iokit/common) data underrun", got 40 bytes
Dequeueing (dataQueue=0x104e60000, data=0x16ff9e510, buffer 40)
Return "(os/kern) successful", got 40 bytes
MODERN_COMPLETION queue=1 token=94cc19560 bytes=40
60 95 C1 4C 09 00 00 00 F6 7F 6D 2E 41 58 02 00 6A B9 6D 2E 41 58 02 00 00 00 00 00 00 00 00 00 00 00 00 00 00 00 00 00
AO46_AGX_COMPUTE_RECORD complete elements=1024 bytes=4096
Dequeueing (dataQueue=0x104e60000, data=0x16ff9e510, buffer 40)
Return "(iokit/common) data underrun", got 40 bytes
AO46_AGX_PRIVATE_WINSYS_CALL name=resource-release capture_id=0 return_hook=0 x0=0x000000094cc05050 x1=0x00000001fd95aea8 x2=0x000000094cde1180 x3=0x0000000000000001 x4=0x000000094cc94150 x5=0x0000000000000002
Trap1 connect=2E03, index=1, p1=16, result=0
AO46_AGX_PRIVATE_WINSYS_CALL name=resource-release capture_id=0 return_hook=0 x0=0x000000094cc04fb0 x1=0x00000001fd95aea8 x2=0x000000094cde0fc0 x3=0x0000000000000001 x4=0x000000094cc94150 x5=0x0000000000000002
Trap1 connect=2E03, index=1, p1=15, result=0
Selector 8, 2E03, 2E03
AGX_CALL selector=8 scalar_in=1 struct_in=0 scalar_out_capacity=0 struct_out_capacity=0
2E03: call 8 (out 0x0, 0) 1
MODERN_NOTIFICATION_PORT_STATE phase=before selector=8 connect=2E03 id=1 port=3213 right=1 refs=1 result=0
MODERN_NOTIFICATION_PORT_STATE phase=before selector=8 connect=2E03 id=1 port=3213 right=0 refs=0 result=0
MODERN_NOTIFICATION_PORT_STATE phase=before selector=8 connect=2E03 id=1 port=3213 right=2 refs=0 result=0
Selector 17, 2E03, 2E03
AGX_CALL selector=17 scalar_in=1 struct_in=0 scalar_out_capacity=0 struct_out_capacity=0
2E03: call 11 (out 0x0, 0) 1
MODERN_NOTIFICATION_PORT_STATE phase=before selector=17 connect=2E03 id=1 port=3213 right=1 refs=0 result=0xf
MODERN_NOTIFICATION_PORT_STATE phase=before selector=17 connect=2E03 id=1 port=3213 right=0 refs=0 result=0xf
MODERN_NOTIFICATION_PORT_STATE phase=before selector=17 connect=2E03 id=1 port=3213 right=2 refs=0 result=0xf
MODERN_NOTIFICATION_PORT_STATE phase=after selector=17 connect=2E03 id=1 port=3213 right=1 refs=0 result=0xf
MODERN_NOTIFICATION_PORT_STATE phase=after selector=17 connect=2E03 id=1 port=3213 right=0 refs=0 result=0xf
MODERN_NOTIFICATION_PORT_STATE phase=after selector=17 connect=2E03 id=1 port=3213 right=2 refs=0 result=0xf
AGX_RESULT selector=17 status=0 scalar_out=0 struct_out=0
MODERN_QUEUE_LIFECYCLE selector=17 id=1
MODERN_NOTIFICATION_PORT_STATE phase=after selector=8 connect=2E03 id=1 port=3213 right=1 refs=0 result=0xf
MODERN_NOTIFICATION_PORT_STATE phase=after selector=8 connect=2E03 id=1 port=3213 right=0 refs=0 result=0xf
MODERN_NOTIFICATION_PORT_STATE phase=after selector=8 connect=2E03 id=1 port=3213 right=2 refs=0 result=0xf
AGX_RESULT selector=8 status=0 scalar_out=0 struct_out=0
MODERN_QUEUE_LIFECYCLE selector=8 id=1
Selector 15, 2E03, 2E03
AGX_CALL selector=15 scalar_in=1 struct_in=0 scalar_out_capacity=0 struct_out_capacity=0
2E03: call F (out 0x0, 0) 2
AGX_RESULT selector=15 status=0 scalar_out=0 struct_out=0
MODERN_OPAQUE_LIFECYCLE selector=15 value=2
Selector 15, 2E03, 2E03
AGX_CALL selector=15 scalar_in=1 struct_in=0 scalar_out_capacity=0 struct_out_capacity=0
2E03: call F (out 0x0, 0) 1
AGX_RESULT selector=15 status=0 scalar_out=0 struct_out=0
MODERN_OPAQUE_LIFECYCLE selector=15 value=1
AO46_AGX_PRIVATE_WINSYS_CALL name=resource-release capture_id=0 return_hook=0 x0=0x000000094cc050f0 x1=0x00000001fd95aea8 x2=0x000000094ce50000 x3=0x0000000000000001 x4=0x000000016fdfe140 x5=0x000000016fdfe19f
Trap1 connect=2E03, index=1, p1=17, result=0
AO46_AGX_PRIVATE_WINSYS_CALL name=resource-release capture_id=0 return_hook=0 x0=0x000000094cc05190 x1=0x00000001fd95aea8 x2=0x000000094ce50180 x3=0x0000000000000001 x4=0x000000094ce50080 x5=0x000000016fdfe050
Trap1 connect=2E03, index=1, p1=18, result=0
AO46_AGX_PRIVATE_WINSYS_CALL name=resource-release capture_id=0 return_hook=0 x0=0x000000094cc054b0 x1=0x00000001fd95aea8 x2=0x000000094ce50900 x3=0x0000000000000001 x4=0x000000094ce50200 x5=0x000000016fdfe050
Trap1 connect=2E03, index=1, p1=1d, result=0
AO46_AGX_PRIVATE_WINSYS_CALL name=resource-release capture_id=0 return_hook=0 x0=0x000000094cc05230 x1=0x00000001fd95aea8 x2=0x000000094ce50300 x3=0x0000000000000001 x4=0x000000094ce50980 x5=0x000000016fdfe050
Trap1 connect=2E03, index=1, p1=19, result=0
AO46_AGX_PRIVATE_WINSYS_CALL name=resource-release capture_id=0 return_hook=0 x0=0x000000094cc052d0 x1=0x00000001fd95aea8 x2=0x000000094ce50480 x3=0x0000000000000001 x4=0x000000094ce50380 x5=0x000000016fdfe050
Trap1 connect=2E03, index=1, p1=1a, result=0
AO46_AGX_PRIVATE_WINSYS_CALL name=resource-release capture_id=0 return_hook=0 x0=0x000000094cc05370 x1=0x00000001fd95aea8 x2=0x000000094ce50600 x3=0x0000000000000001 x4=0x000000094ce50500 x5=0x000000016fdfe050
Trap1 connect=2E03, index=1, p1=1b, result=0
AO46_AGX_PRIVATE_WINSYS_CALL name=resource-release capture_id=0 return_hook=0 x0=0x000000094cc05410 x1=0x00000001fd95aea8 x2=0x000000094ce50780 x3=0x0000000000000001 x4=0x000000094ce50680 x5=0x000000016fdfe050
Trap1 connect=2E03, index=1, p1=1c, result=0
Process 11360 launched: '<USER_HOME>/MGL/Khronos_AppleICDs/OpenGL_4.6(Core Profile)/mesa/build-ao46-asahi-arm64/src/asahi/lib/asahi_macos_compute_resource_record_trace' (arm64)
Process 11360 exited with status = 0 (0x00000000)
