(lldb) target create "/Users/gitanshchakravarty/MGL/Khronos_AppleICDs/OpenGL_4.6(Core Profile)/Apple_ICD/../mesa/build-ao46-asahi-arm64/src/asahi/lib/asahi_macos_compute_resource_record_trace"
Current executable set to '/Users/gitanshchakravarty/MGL/Khronos_AppleICDs/OpenGL_4.6(Core Profile)/mesa/build-ao46-asahi-arm64/src/asahi/lib/asahi_macos_compute_resource_record_trace' (arm64).
(lldb) settings set target.env-vars 'DYLD_INSERT_LIBRARIES=/Users/gitanshchakravarty/MGL/Khronos_AppleICDs/OpenGL_4.6(Core Profile)/Apple_ICD/../mesa/build-ao46-asahi-arm64/src/asahi/lib/libwrap.dylib' 'AGX_TRACE_UNBUFFERED=1' 'AGX_TRACE_CALL_SHAPES=1' 'AGX_TRACE_NOTIFICATION_PORTS=1' 'AGX_TRACE_ALLOCATION_REQUESTS=1' 'AGX_TRACE_SUBMISSION_DETAILS=1' 'AGX_TRACE_RESOURCE_REFS=1' 'AGX_TRACE_TRAP_AUX=1' 'AGX_TRACE_AUX_ANALYSIS=1' 'AGX_TRACE_AUX_EXTENDED=1'
(lldb) breakpoint set --name IOGPUMetalCommandBufferStorageBeginKernelCommands
Breakpoint 1: no locations (pending).
WARNING:  Unable to resolve breakpoint to any actual locations.
(lldb) breakpoint set --name IOGPUMetalCommandBufferStorageBeginSegment
Breakpoint 2: no locations (pending).
WARNING:  Unable to resolve breakpoint to any actual locations.
(lldb) breakpoint set --name IOGPUMetalCommandBufferStorageGrowKernelCommandBuffer
Breakpoint 3: no locations (pending).
WARNING:  Unable to resolve breakpoint to any actual locations.
(lldb) breakpoint set --name IOGPUMetalCommandBufferStorageEndKernelCommands
Breakpoint 4: no locations (pending).
WARNING:  Unable to resolve breakpoint to any actual locations.
(lldb) breakpoint set --name IOGPUMetalCommandBufferStorageEndSegment
Breakpoint 5: no locations (pending).
WARNING:  Unable to resolve breakpoint to any actual locations.
(lldb) breakpoint set --name IOGPUMetalCommandBufferStorageAllocResourceAtIndex
Breakpoint 6: no locations (pending).
WARNING:  Unable to resolve breakpoint to any actual locations.
(lldb) breakpoint set --name IOGPUMetalCommandBufferStorageAllocSidebandBuffer
Breakpoint 7: no locations (pending).
WARNING:  Unable to resolve breakpoint to any actual locations.
(lldb) breakpoint set --name IOGPUMetalCommandBufferStorageGrowSidebandBuffer
Breakpoint 8: no locations (pending).
WARNING:  Unable to resolve breakpoint to any actual locations.
(lldb) breakpoint set --name IOGPUMetalCommandBufferStorageMergeResidencySetList
Breakpoint 9: no locations (pending).
WARNING:  Unable to resolve breakpoint to any actual locations.
(lldb) breakpoint set --name IOGPUMetalCommandBufferStorageFinalizeResidencySetList
Breakpoint 10: no locations (pending).
WARNING:  Unable to resolve breakpoint to any actual locations.
(lldb) breakpoint set --name IOGPUMetalResidencySetListCreate
Breakpoint 11: no locations (pending).
WARNING:  Unable to resolve breakpoint to any actual locations.
(lldb) breakpoint set --name IOGPUMetalResidencySetListDestroy
Breakpoint 12: no locations (pending).
WARNING:  Unable to resolve breakpoint to any actual locations.
(lldb) breakpoint set --name IOGPUResourceListAddResource
Breakpoint 13: no locations (pending).
WARNING:  Unable to resolve breakpoint to any actual locations.
(lldb) breakpoint set --name IOGPUResourceListMerge
Breakpoint 14: no locations (pending).
WARNING:  Unable to resolve breakpoint to any actual locations.
(lldb) breakpoint set --name IOGPUResourceListMergeLists
Breakpoint 15: no locations (pending).
WARNING:  Unable to resolve breakpoint to any actual locations.
(lldb) breakpoint set --name IOGPUResourceListReset
Breakpoint 16: no locations (pending).
WARNING:  Unable to resolve breakpoint to any actual locations.
(lldb) breakpoint set --name IOGPUResourceGroupUpdateResources
Breakpoint 17: no locations (pending).
WARNING:  Unable to resolve breakpoint to any actual locations.
(lldb) breakpoint set --name IOGPUMetalCommandBufferStorageCreateExt
Breakpoint 18: no locations (pending).
WARNING:  Unable to resolve breakpoint to any actual locations.
(lldb) breakpoint set --name IOGPUCommandQueueSubmitCommandBuffers
Breakpoint 19: no locations (pending).
WARNING:  Unable to resolve breakpoint to any actual locations.
(lldb) breakpoint set --name IOConnectTrap4
Breakpoint 20: where = IOKit`IOConnectTrap4, address = 0x0000000184871d5c
(lldb) breakpoint set --name IOGPUResourceCreate
Breakpoint 21: no locations (pending).
WARNING:  Unable to resolve breakpoint to any actual locations.
(lldb) breakpoint set --name IOGPUResourceGetGPUVirtualAddress
Breakpoint 22: no locations (pending).
WARNING:  Unable to resolve breakpoint to any actual locations.
(lldb) breakpoint set --name IOGPUResourceRelease
Breakpoint 23: no locations (pending).
WARNING:  Unable to resolve breakpoint to any actual locations.
(lldb) breakpoint set --name "-[IOGPUMetalCommandBuffer fillCommandBufferArgs:commandQueue:]"
Breakpoint 24: no locations (pending).
WARNING:  Unable to resolve breakpoint to any actual locations.
(lldb) breakpoint set --name IOGPUMetalResourcePoolCreatePooledResource
Breakpoint 25: no locations (pending).
WARNING:  Unable to resolve breakpoint to any actual locations.
(lldb) breakpoint set --name "-[IOGPUMetalCommandBuffer initWithQueue:retainedReferences:synchronousDebugMode:]"
Breakpoint 26: no locations (pending).
WARNING:  Unable to resolve breakpoint to any actual locations.
(lldb) breakpoint set --name IOGPUMetalCommandBufferStoragePoolCreateStorage
Breakpoint 27: no locations (pending).
WARNING:  Unable to resolve breakpoint to any actual locations.
(lldb) breakpoint set --name "-[IOGPUMetalCommandBuffer beginSegment:]"
Breakpoint 28: no locations (pending).
WARNING:  Unable to resolve breakpoint to any actual locations.
(lldb) command script import '/Users/gitanshchakravarty/MGL/Khronos_AppleICDs/OpenGL_4.6(Core Profile)/Apple_ICD/scripts/agx_private_winsys_capture.py'
(lldb) breakpoint command add -F agx_private_winsys_capture.capture_begin_kernel_commands 1
(lldb) breakpoint command add -F agx_private_winsys_capture.capture_begin_segment 2
(lldb) breakpoint command add -F agx_private_winsys_capture.capture_grow_kernel_command_buffer 3
(lldb) breakpoint command add -F agx_private_winsys_capture.capture_end_kernel_commands 4
(lldb) breakpoint command add -F agx_private_winsys_capture.capture_end_segment 5
(lldb) breakpoint command add -F agx_private_winsys_capture.capture_alloc_resource_at_index 6
(lldb) breakpoint command add -F agx_private_winsys_capture.capture_alloc_sideband_buffer 7
(lldb) breakpoint command add -F agx_private_winsys_capture.capture_grow_sideband_buffer 8
(lldb) breakpoint command add -F agx_private_winsys_capture.capture_merge_residency_set_list 9
(lldb) breakpoint command add -F agx_private_winsys_capture.capture_finalize_residency_set_list 10
(lldb) breakpoint command add -F agx_private_winsys_capture.capture_residency_set_list_create 11
(lldb) breakpoint command add -F agx_private_winsys_capture.capture_residency_set_list_destroy 12
(lldb) breakpoint command add -F agx_private_winsys_capture.capture_resource_list_add_resource 13
(lldb) breakpoint command add -F agx_private_winsys_capture.capture_resource_list_merge 14
(lldb) breakpoint command add -F agx_private_winsys_capture.capture_resource_list_merge_lists 15
(lldb) breakpoint command add -F agx_private_winsys_capture.capture_resource_list_reset 16
(lldb) breakpoint command add -F agx_private_winsys_capture.capture_resource_group_update 17
(lldb) breakpoint command add -F agx_private_winsys_capture.capture_command_storage_create 18
(lldb) breakpoint command add -F agx_private_winsys_capture.capture_queue_submit 19
(lldb) breakpoint command add -F agx_private_winsys_capture.capture_trap4 20
(lldb) breakpoint command add -F agx_private_winsys_capture.capture_resource_create 21
(lldb) breakpoint command add -F agx_private_winsys_capture.capture_resource_gpu_address 22
(lldb) breakpoint command add -F agx_private_winsys_capture.capture_resource_release 23
(lldb) breakpoint command add -F agx_private_winsys_capture.capture_command_buffer_fill 24
(lldb) breakpoint command add -F agx_private_winsys_capture.capture_resource_pool_create_pooled_resource 25
(lldb) breakpoint command add -F agx_private_winsys_capture.capture_command_buffer_init 26
(lldb) breakpoint command add -F agx_private_winsys_capture.capture_storage_pool_create 27
(lldb) breakpoint command add -F agx_private_winsys_capture.capture_command_buffer_begin_segment 28
(lldb) run
1 location added to breakpoint 1
1 location added to breakpoint 2
1 location added to breakpoint 3
1 location added to breakpoint 4
1 location added to breakpoint 5
1 location added to breakpoint 6
1 location added to breakpoint 7
1 location added to breakpoint 8
1 location added to breakpoint 9
1 location added to breakpoint 10
1 location added to breakpoint 11
1 location added to breakpoint 12
1 location added to breakpoint 13
1 location added to breakpoint 14
1 location added to breakpoint 15
1 location added to breakpoint 16
1 location added to breakpoint 17
1 location added to breakpoint 18
1 location added to breakpoint 19
1 location added to breakpoint 21
1 location added to breakpoint 22
1 location added to breakpoint 23
1 location added to breakpoint 24
1 location added to breakpoint 25
1 location added to breakpoint 26
1 location added to breakpoint 27
1 location added to breakpoint 28
AO46_AGX_PRIVATE_WINSYS_RESOURCE_CREATE_RECORD address=0x000000071eca59d8 bytes=0000000000000000010001000100000001010001300400000000000000000000000000000000000000000000000000000000000000000000000000000000000000000000000000000000010000000000000000000000000000000008180000000000000000000000
AO46_AGX_PRIVATE_WINSYS_CALL name=resource-create capture_id=1 return_hook=1 x0=0x000000071ec70110 x1=0x000000071eca59d8 x2=0x0000000000000068 x3=0x000000071ec5f1c0 x4=0x000000071ec5e880 x5=0x0000000000000001
AO46_AGX_PRIVATE_WINSYS_RETURN capture_id=1 name=resource-create storage=0x000000071ec70110 x0=0x000000071ec04150 x1=0x000000016fdfdc18
AO46_AGX_PRIVATE_WINSYS_CALL name=resource-gpu-address capture_id=2 return_hook=1 x0=0x000000071ec04150 x1=0x00000001f3f76da8 x2=0x00000001a8a3c758 x3=0x000000071ec041c8 x4=0xffffffffffffe988 x5=0x0000000000000020
AO46_AGX_PRIVATE_WINSYS_RETURN capture_id=2 name=resource-gpu-address storage=0x000000071ec04150 x0=0x0000010000000000 x1=0x00000001f3f76da8
2F03: call 107, wake port 3E0F (out 0x0, 0)
, references:  0 10dae43c4 71eca4000
return 0
AO46_AGX_PRIVATE_WINSYS_RESOURCE_CREATE_RECORD address=0x000000016fdfe050 bytes=0000000000000000010001000100000001010001700400000000000000000000000000000000000000000000000000000100000000000000000000000000000000000000000000000038000000000000000000000000000000000058180000000000000000000000
AO46_AGX_PRIVATE_WINSYS_CALL name=resource-create capture_id=3 return_hook=1 x0=0x000000071ec70110 x1=0x000000016fdfe050 x2=0x0000000000000068 x3=0x0000000000000001 x4=0x0000000000000000 x5=0x000000016fdfe050
AO46_AGX_PRIVATE_WINSYS_RETURN capture_id=3 name=resource-create storage=0x000000071ec70110 x0=0x000000071ec04290 x1=0x000000016fdfdd48
AO46_AGX_PRIVATE_WINSYS_CALL name=resource-gpu-address capture_id=4 return_hook=1 x0=0x000000071ec04290 x1=0x000000071ec04290 x2=0x00000001a8a3c758 x3=0x000000071ec04308 x4=0xffffffffffffe988 x5=0x0000000000000010
AO46_AGX_PRIVATE_WINSYS_RETURN capture_id=4 name=resource-gpu-address storage=0x000000071ec04290 x0=0x0000006f00000000 x1=0x000000071ec04290
AO46_AGX_PRIVATE_WINSYS_RESOURCE_CREATE_RECORD address=0x000000071eca5930 bytes=0000000000000000010001000100000001010001300400000000000000000000000000000000000000000000000000000000000000000000000000000000000000000000000000000000010000000000000000000000000000000008180000000000000000000000
AO46_AGX_PRIVATE_WINSYS_CALL name=resource-create capture_id=5 return_hook=1 x0=0x000000071ec70110 x1=0x000000071eca5930 x2=0x0000000000000068 x3=0x0000000000000001 x4=0x0000000000000000 x5=0x000000071eca5930
AO46_AGX_PRIVATE_WINSYS_RETURN capture_id=5 name=resource-create storage=0x000000071ec70110 x0=0x000000071ec04470 x1=0x000000016fdfc0a8
AO46_AGX_PRIVATE_WINSYS_CALL name=resource-gpu-address capture_id=6 return_hook=1 x0=0x000000071ec04470 x1=0x000000071ec04470 x2=0x0000000000000000 x3=0x000000071ec044e8 x4=0xffffffffffffe988 x5=0x0000000000000010
AO46_AGX_PRIVATE_WINSYS_RETURN capture_id=6 name=resource-gpu-address storage=0x000000071ec04470 x0=0x0000010000018000 x1=0x000000071ec04470
Selector 7, 2F03, 2F03
AGX_CALL selector=7 scalar_in=0 struct_in=1040 scalar_out_capacity=0 struct_out_capacity=16
2F03: SET_API(/Users/gitanshchakravarty/MGL/Khronos_AppleICDs/OpenGL_4.6(Core Profile)/mesa/build-ao46-asahi-arm64/src/asahi/lib/asahi_macos_compute_resource_record_trace)
AGX_RESULT selector=7 status=0 scalar_out=0 struct_out=16
 struct
000000  01 00 00 00 00 00 00 00 31 4D BA B7 07 00 00 00  | ........1M......


Selector 16, 2F03, 2F03
AGX_CALL selector=16 scalar_in=2 struct_in=0 scalar_out_capacity=0 struct_out_capacity=16
2F03: call 10 (out 0x16fdfdee0, 16) 100 28
AGX_RESULT selector=16 status=0 scalar_out=0 struct_out=16
MODERN_NOTIFICATION_QUEUE data_queue=104e58000 id=1 config=100/28
Allocated notif port 3A0B
Set noficiation port connect=2F03, type=0, port=3A0B, reference=1
Selector 28, 2F03, 2F03
AGX_CALL selector=28 scalar_in=2 struct_in=0 scalar_out_capacity=0 struct_out_capacity=0
2F03: call 1C (out 0x0, 0) 1 1
AGX_RESULT selector=28 status=0 scalar_out=0 struct_out=0

AO46_AGX_PRIVATE_WINSYS_RESOURCE_CREATE_RECORD address=0x000000016fdfdcb8 bytes=000000000000000001000100010000000101000170040000000000000000000000000000000000000000000000000000010000000000000000000000000000000000000000000000000002000000000000000000000000000000000000000000c80a0b0e01000000
AO46_AGX_PRIVATE_WINSYS_CALL name=resource-create capture_id=7 return_hook=1 x0=0x000000071ec70110 x1=0x000000016fdfdcb8 x2=0x0000000000000068 x3=0xfffff0007fc00000 x4=0x0000000000000000 x5=0x0000000000000001
Selector 9, 2F03, 2F03
AGX_CALL selector=9 scalar_in=0 struct_in=104 scalar_out_capacity=0 struct_out_capacity=88
2F03: call 9 (out 0x16fdfda80, 88), struct:
000000  00 00 00 00 00 00 00 00 01 00 01 00 01 00 00 00  | ................
000010  01 01 00 01 70 04 00 00 00 00 00 00 00 00 00 00  | ....p...........
000020  00 00 00 00 00 00 00 00 00 00 00 00 00 00 00 00  | ................
000030  01 00 00 00 00 00 00 00 00 00 00 00 00 00 00 00  | ................
000040  00 00 00 00 00 00 00 00 00 00 02 00 00 00 00 00  | ................
000050  00 00 00 00 00 00 00 00 00 00 00 00 00 00 00 00  | ................
000060  C8 0A 0B 0E 01 00 00 00 
AGX_RESULT selector=9 status=0 scalar_out=0 struct_out=88
MODERN_ALLOCATE_MEM handle=4 gpu=10000030000 cpu=104e5c000 size=20000 attributes=0 storage=0x470 write_combined=0 private=0 reused=0
MODERN_ALLOCATE_REQUEST size_units_candidate=2
MODERN_ALLOCATE_REQUEST bytes=000000000000000001000100010000000101000170040000000000000000000000000000000000000000000000000000010000000000000000000000000000000000000000000000000002000000000000000000000000000000000000000000c80a0b0e01000000
AO46_AGX_PRIVATE_WINSYS_RETURN capture_id=7 name=resource-create storage=0x000000071ec70110 x0=0x000000071ec04510 x1=0x000000016fdfda78
AO46_AGX_PRIVATE_WINSYS_CALL name=resource-gpu-address capture_id=8 return_hook=1 x0=0x000000071ec04510 x1=0x000000071ec04510 x2=0x0000000000000000 x3=0x000000071ec04588 x4=0x00000001000abc3f x5=0x000000016fdfd510
AO46_AGX_PRIVATE_WINSYS_RETURN capture_id=8 name=resource-gpu-address storage=0x000000071ec04510 x0=0x0000010000030000 x1=0x000000071ec04510
AO46_AGX_PRIVATE_WINSYS_RESOURCE_CREATE_RECORD address=0x000000016fdfdfa8 bytes=8000000000000000010001000100000001010001300c0000000000000000000000000000000000000000000000000000000000000000000000c0e5040100000000c0e5040100000000000200000000000400000000000000000000001800000090150b0e01000000
AO46_AGX_PRIVATE_WINSYS_CALL name=resource-create capture_id=9 return_hook=1 x0=0x000000071ec70110 x1=0x000000016fdfdfa8 x2=0x0000000000000068 x3=0x0000000000000001 x4=0x0000000000000000 x5=0x000000016fdfdfa8
Selector 9, 2F03, 2F03
AGX_CALL selector=9 scalar_in=0 struct_in=104 scalar_out_capacity=0 struct_out_capacity=88
2F03: call 9 (out 0x16fdfddb0, 88), struct:
000000  80 00 00 00 00 00 00 00 01 00 01 00 01 00 00 00  | €...............
000010  01 01 00 01 30 0C 00 00 00 00 00 00 00 00 00 00  | ....0...........
000020  00 00 00 00 00 00 00 00 00 00 00 00 00 00 00 00  | ................
000030  00 00 00 00 00 00 00 00 00 C0 E5 04 01 00 00 00  | ................
000040  00 C0 E5 04 01 00 00 00 00 00 02 00 00 00 00 00  | ................
000050  04 00 00 00 00 00 00 00 00 00 00 00 18 00 00 00  | ................
000060  90 15 0B 0E 01 00 00 00 
AGX_RESULT selector=9 status=0 scalar_out=0 struct_out=88
MODERN_ALLOCATE_MEM handle=5 gpu=10000030000 cpu=0 size=20000 attributes=80 storage=0xc30 write_combined=0 private=0 reused=0
MODERN_ALLOCATE_REQUEST size_units_candidate=2
MODERN_ALLOCATE_REQUEST bytes=8000000000000000010001000100000001010001300c0000000000000000000000000000000000000000000000000000000000000000000000c0e5040100000000c0e5040100000000000200000000000400000000000000000000001800000090150b0e01000000
AO46_AGX_PRIVATE_WINSYS_RETURN capture_id=9 name=resource-create storage=0x000000071ec70110 x0=0x000000071ec04650 x1=0x000000016fdfdda8
AO46_AGX_PRIVATE_WINSYS_CALL name=resource-gpu-address capture_id=10 return_hook=1 x0=0x000000071ec04650 x1=0x000000071ec04650 x2=0x0000000000000000 x3=0x000000071ec046c8 x4=0x00000001000abc3f x5=0x000000016fdfd840
AO46_AGX_PRIVATE_WINSYS_RETURN capture_id=10 name=resource-gpu-address storage=0x000000071ec04650 x0=0x0000010000030000 x1=0x000000071ec04650
AO46_AGX_PRIVATE_WINSYS_RESOURCE_CREATE_RECORD address=0x000000016fdfdfa8 bytes=8000000000000000010001000100000001010001300c0000000000000000000000000000000000000000000000000000000000000000000000c2e5040100000000c0e5040100000000000200000000000400000000000000000000001800000090150b0e01000000
AO46_AGX_PRIVATE_WINSYS_CALL name=resource-create capture_id=11 return_hook=1 x0=0x000000071ec70110 x1=0x000000016fdfdfa8 x2=0x0000000000000068 x3=0x0000000000000004 x4=0x000000010067df40 x5=0x0000000000000001
Selector 9, 2F03, 2F03
AGX_CALL selector=9 scalar_in=0 struct_in=104 scalar_out_capacity=0 struct_out_capacity=88
2F03: call 9 (out 0x16fdfddb0, 88), struct:
000000  80 00 00 00 00 00 00 00 01 00 01 00 01 00 00 00  | €...............
000010  01 01 00 01 30 0C 00 00 00 00 00 00 00 00 00 00  | ....0...........
000020  00 00 00 00 00 00 00 00 00 00 00 00 00 00 00 00  | ................
000030  00 00 00 00 00 00 00 00 00 C2 E5 04 01 00 00 00  | ................
000040  00 C0 E5 04 01 00 00 00 00 00 02 00 00 00 00 00  | ................
000050  04 00 00 00 00 00 00 00 00 00 00 00 18 00 00 00  | ................
000060  90 15 0B 0E 01 00 00 00 
AGX_RESULT selector=9 status=0 scalar_out=0 struct_out=88
MODERN_ALLOCATE_MEM handle=6 gpu=10000030200 cpu=0 size=1fe00 attributes=80 storage=0xc30 write_combined=0 private=0 reused=0
MODERN_ALLOCATE_REQUEST size_units_candidate=2
MODERN_ALLOCATE_REQUEST bytes=8000000000000000010001000100000001010001300c0000000000000000000000000000000000000000000000000000000000000000000000c2e5040100000000c0e5040100000000000200000000000400000000000000000000001800000090150b0e01000000
AO46_AGX_PRIVATE_WINSYS_RETURN capture_id=11 name=resource-create storage=0x000000071ec70110 x0=0x000000071ec045b0 x1=0x000000016fdfdda8
AO46_AGX_PRIVATE_WINSYS_CALL name=resource-gpu-address capture_id=12 return_hook=1 x0=0x000000071ec045b0 x1=0x000000071ec045b0 x2=0x0000000000000000 x3=0x000000071ec04628 x4=0x00000001000abc3f x5=0x000000016fdfd840
AO46_AGX_PRIVATE_WINSYS_RETURN capture_id=12 name=resource-gpu-address storage=0x000000071ec045b0 x0=0x0000010000030200 x1=0x000000071ec045b0
AO46_AGX_PRIVATE_WINSYS_RESOURCE_CREATE_RECORD address=0x000000016fdfdfa8 bytes=8000000000000000010001000100000001010001300c0000000000000000000000000000000000000000000000000000000000000000000000c4e5040100000000c0e50401000000000002000000000004000000000000000000000018000000c85cca1e07000000
AO46_AGX_PRIVATE_WINSYS_CALL name=resource-create capture_id=13 return_hook=1 x0=0x000000071ec70110 x1=0x000000016fdfdfa8 x2=0x0000000000000068 x3=0x0000000000000001 x4=0x0000000000000000 x5=0x000000016fdfdfa8
Selector 9, 2F03, 2F03
AGX_CALL selector=9 scalar_in=0 struct_in=104 scalar_out_capacity=0 struct_out_capacity=88
2F03: call 9 (out 0x16fdfddb0, 88), struct:
000000  80 00 00 00 00 00 00 00 01 00 01 00 01 00 00 00  | €...............
000010  01 01 00 01 30 0C 00 00 00 00 00 00 00 00 00 00  | ....0...........
000020  00 00 00 00 00 00 00 00 00 00 00 00 00 00 00 00  | ................
000030  00 00 00 00 00 00 00 00 00 C4 E5 04 01 00 00 00  | ................
000040  00 C0 E5 04 01 00 00 00 00 00 02 00 00 00 00 00  | ................
000050  04 00 00 00 00 00 00 00 00 00 00 00 18 00 00 00  | ................
000060  C8 5C CA 1E 07 00 00 00 
AGX_RESULT selector=9 status=0 scalar_out=0 struct_out=88
MODERN_ALLOCATE_MEM handle=7 gpu=10000030400 cpu=0 size=1fc00 attributes=80 storage=0xc30 write_combined=0 private=0 reused=0
MODERN_ALLOCATE_REQUEST size_units_candidate=2
MODERN_ALLOCATE_REQUEST bytes=8000000000000000010001000100000001010001300c0000000000000000000000000000000000000000000000000000000000000000000000c4e5040100000000c0e50401000000000002000000000004000000000000000000000018000000c85cca1e07000000
AO46_AGX_PRIVATE_WINSYS_RETURN capture_id=13 name=resource-create storage=0x000000071ec70110 x0=0x000000071ec046f0 x1=0x000000016fdfdda8
AO46_AGX_PRIVATE_WINSYS_CALL name=resource-gpu-address capture_id=14 return_hook=1 x0=0x000000071ec046f0 x1=0x000000071ec046f0 x2=0x0000000000000000 x3=0x000000071ec04768 x4=0x00000001000abc3f x5=0x000000016fdfd840
AO46_AGX_PRIVATE_WINSYS_RETURN capture_id=14 name=resource-gpu-address storage=0x000000071ec046f0 x0=0x0000010000030400 x1=0x000000071ec046f0
AO46_AGX_PRIVATE_WINSYS_RESOURCE_CREATE_RECORD address=0x000000016fdfdfb8 bytes=8000000000000000010001000100000001010001300c0000000000000000000000000000000000000000000000000000000000000000000000c5e5040100000000c0e504010000000000020000000000040000000000000000000000180000002062ca1e07000000
AO46_AGX_PRIVATE_WINSYS_CALL name=resource-create capture_id=15 return_hook=1 x0=0x000000071ec70110 x1=0x000000016fdfdfb8 x2=0x0000000000000068 x3=0x0000000000000001 x4=0x0000000000000000 x5=0x000000016fdfdfb8
Selector 9, 2F03, 2F03
AGX_CALL selector=9 scalar_in=0 struct_in=104 scalar_out_capacity=0 struct_out_capacity=88
2F03: call 9 (out 0x16fdfddc0, 88), struct:
000000  80 00 00 00 00 00 00 00 01 00 01 00 01 00 00 00  | €...............
000010  01 01 00 01 30 0C 00 00 00 00 00 00 00 00 00 00  | ....0...........
000020  00 00 00 00 00 00 00 00 00 00 00 00 00 00 00 00  | ................
000030  00 00 00 00 00 00 00 00 00 C5 E5 04 01 00 00 00  | ................
000040  00 C0 E5 04 01 00 00 00 00 00 02 00 00 00 00 00  | ................
000050  04 00 00 00 00 00 00 00 00 00 00 00 18 00 00 00  | ................
000060  20 62 CA 1E 07 00 00 00 
AGX_RESULT selector=9 status=0 scalar_out=0 struct_out=88
MODERN_ALLOCATE_MEM handle=8 gpu=10000030500 cpu=0 size=1fb00 attributes=80 storage=0xc30 write_combined=0 private=0 reused=0
MODERN_ALLOCATE_REQUEST size_units_candidate=2
MODERN_ALLOCATE_REQUEST bytes=8000000000000000010001000100000001010001300c0000000000000000000000000000000000000000000000000000000000000000000000c5e5040100000000c0e504010000000000020000000000040000000000000000000000180000002062ca1e07000000
AO46_AGX_PRIVATE_WINSYS_RETURN capture_id=15 name=resource-create storage=0x000000071ec70110 x0=0x000000071ec04790 x1=0x000000016fdfddb8
AO46_AGX_PRIVATE_WINSYS_CALL name=resource-gpu-address capture_id=16 return_hook=1 x0=0x000000071ec04790 x1=0x000000071ec04790 x2=0x0000000000000000 x3=0x000000071ec04808 x4=0x00000001000abc3f x5=0x000000016fdfd850
AO46_AGX_PRIVATE_WINSYS_RETURN capture_id=16 name=resource-gpu-address storage=0x000000071ec04790 x0=0x0000010000030500 x1=0x000000071ec04790
AO46_AGX_PRIVATE_WINSYS_RESOURCE_CREATE_RECORD address=0x000000016fdfdfb8 bytes=8000000000000000010001000100000001010001300c0000000000000000000000000000000000000000000000000000000000000000000000c7e5040100000000c0e504010000000000020000000000040000000000000000000000180000004065ca1e07000000
AO46_AGX_PRIVATE_WINSYS_CALL name=resource-create capture_id=17 return_hook=1 x0=0x000000071ec70110 x1=0x000000016fdfdfb8 x2=0x0000000000000068 x3=0x0000000000000001 x4=0x0000000000000000 x5=0x000000016fdfdfb8
Selector 9, 2F03, 2F03
AGX_CALL selector=9 scalar_in=0 struct_in=104 scalar_out_capacity=0 struct_out_capacity=88
2F03: call 9 (out 0x16fdfddc0, 88), struct:
000000  80 00 00 00 00 00 00 00 01 00 01 00 01 00 00 00  | €...............
000010  01 01 00 01 30 0C 00 00 00 00 00 00 00 00 00 00  | ....0...........
000020  00 00 00 00 00 00 00 00 00 00 00 00 00 00 00 00  | ................
000030  00 00 00 00 00 00 00 00 00 C7 E5 04 01 00 00 00  | ................
000040  00 C0 E5 04 01 00 00 00 00 00 02 00 00 00 00 00  | ................
000050  04 00 00 00 00 00 00 00 00 00 00 00 18 00 00 00  | ................
000060  40 65 CA 1E 07 00 00 00 
AGX_RESULT selector=9 status=0 scalar_out=0 struct_out=88
MODERN_ALLOCATE_MEM handle=9 gpu=10000030700 cpu=0 size=1f900 attributes=80 storage=0xc30 write_combined=0 private=0 reused=0
MODERN_ALLOCATE_REQUEST size_units_candidate=2
MODERN_ALLOCATE_REQUEST bytes=8000000000000000010001000100000001010001300c0000000000000000000000000000000000000000000000000000000000000000000000c7e5040100000000c0e504010000000000020000000000040000000000000000000000180000004065ca1e07000000
AO46_AGX_PRIVATE_WINSYS_RETURN capture_id=17 name=resource-create storage=0x000000071ec70110 x0=0x000000071ec04830 x1=0x000000016fdfddb8
AO46_AGX_PRIVATE_WINSYS_CALL name=resource-gpu-address capture_id=18 return_hook=1 x0=0x000000071ec04830 x1=0x000000071ec04830 x2=0x0000000000000000 x3=0x000000071ec048a8 x4=0x00000001000abc3f x5=0x000000016fdfd850
AO46_AGX_PRIVATE_WINSYS_RETURN capture_id=18 name=resource-gpu-address storage=0x000000071ec04830 x0=0x0000010000030700 x1=0x000000071ec04830
AO46_AGX_PRIVATE_WINSYS_RESOURCE_CREATE_RECORD address=0x000000016fdfdfb8 bytes=8000000000000000010001000100000001010001300c0000000000000000000000000000000000000000000000000000000000000000000000c8e5040100000000c0e504010000000000020000000000040000000000000000000000180000006068ca1e07000000
AO46_AGX_PRIVATE_WINSYS_CALL name=resource-create capture_id=19 return_hook=1 x0=0x000000071ec70110 x1=0x000000016fdfdfb8 x2=0x0000000000000068 x3=0x0000000000000001 x4=0x0000000000000000 x5=0x000000016fdfdfb8
Selector 9, 2F03, 2F03
AGX_CALL selector=9 scalar_in=0 struct_in=104 scalar_out_capacity=0 struct_out_capacity=88
2F03: call 9 (out 0x16fdfddc0, 88), struct:
000000  80 00 00 00 00 00 00 00 01 00 01 00 01 00 00 00  | €...............
000010  01 01 00 01 30 0C 00 00 00 00 00 00 00 00 00 00  | ....0...........
000020  00 00 00 00 00 00 00 00 00 00 00 00 00 00 00 00  | ................
000030  00 00 00 00 00 00 00 00 00 C8 E5 04 01 00 00 00  | ................
000040  00 C0 E5 04 01 00 00 00 00 00 02 00 00 00 00 00  | ................
000050  04 00 00 00 00 00 00 00 00 00 00 00 18 00 00 00  | ................
000060  60 68 CA 1E 07 00 00 00 
AGX_RESULT selector=9 status=0 scalar_out=0 struct_out=88
MODERN_ALLOCATE_MEM handle=10 gpu=10000030800 cpu=0 size=1f800 attributes=80 storage=0xc30 write_combined=0 private=0 reused=0
MODERN_ALLOCATE_REQUEST size_units_candidate=2
MODERN_ALLOCATE_REQUEST bytes=8000000000000000010001000100000001010001300c0000000000000000000000000000000000000000000000000000000000000000000000c8e5040100000000c0e504010000000000020000000000040000000000000000000000180000006068ca1e07000000
AO46_AGX_PRIVATE_WINSYS_RETURN capture_id=19 name=resource-create storage=0x000000071ec70110 x0=0x000000071ec048d0 x1=0x000000016fdfddb8
AO46_AGX_PRIVATE_WINSYS_CALL name=resource-gpu-address capture_id=20 return_hook=1 x0=0x000000071ec048d0 x1=0x000000071ec048d0 x2=0x0000000000000000 x3=0x000000071ec04948 x4=0x00000001000abc3f x5=0x000000016fdfd850
AO46_AGX_PRIVATE_WINSYS_RETURN capture_id=20 name=resource-gpu-address storage=0x000000071ec048d0 x0=0x0000010000030800 x1=0x000000071ec048d0
AO46_AGX_PRIVATE_WINSYS_RESOURCE_CREATE_RECORD address=0x000000016fdfdfc8 bytes=8000000000000000010001000100000001010001300c0000000000000000000000000000000000000000000000000000000000000000000000c9e5040100000000c0e50401000000000002000000000004000000000000000000000018000000806bca1e07000000
AO46_AGX_PRIVATE_WINSYS_CALL name=resource-create capture_id=21 return_hook=1 x0=0x000000071ec70110 x1=0x000000016fdfdfc8 x2=0x0000000000000068 x3=0x0000000000000001 x4=0x0000000000000000 x5=0x000000016fdfdfc8
Selector 9, 2F03, 2F03
AGX_CALL selector=9 scalar_in=0 struct_in=104 scalar_out_capacity=0 struct_out_capacity=88
2F03: call 9 (out 0x16fdfddd0, 88), struct:
000000  80 00 00 00 00 00 00 00 01 00 01 00 01 00 00 00  | €...............
000010  01 01 00 01 30 0C 00 00 00 00 00 00 00 00 00 00  | ....0...........
000020  00 00 00 00 00 00 00 00 00 00 00 00 00 00 00 00  | ................
000030  00 00 00 00 00 00 00 00 00 C9 E5 04 01 00 00 00  | ................
000040  00 C0 E5 04 01 00 00 00 00 00 02 00 00 00 00 00  | ................
000050  04 00 00 00 00 00 00 00 00 00 00 00 18 00 00 00  | ................
000060  80 6B CA 1E 07 00 00 00 
AGX_RESULT selector=9 status=0 scalar_out=0 struct_out=88
MODERN_ALLOCATE_MEM handle=11 gpu=10000030900 cpu=0 size=1f700 attributes=80 storage=0xc30 write_combined=0 private=0 reused=0
MODERN_ALLOCATE_REQUEST size_units_candidate=2
MODERN_ALLOCATE_REQUEST bytes=8000000000000000010001000100000001010001300c0000000000000000000000000000000000000000000000000000000000000000000000c9e5040100000000c0e50401000000000002000000000004000000000000000000000018000000806bca1e07000000
AO46_AGX_PRIVATE_WINSYS_RETURN capture_id=21 name=resource-create storage=0x000000071ec70110 x0=0x000000071ec04970 x1=0x000000016fdfddc8
AO46_AGX_PRIVATE_WINSYS_CALL name=resource-gpu-address capture_id=22 return_hook=1 x0=0x000000071ec04970 x1=0x000000071ec04970 x2=0x0000000000000000 x3=0x000000071ec049e8 x4=0x00000001000abc3f x5=0x000000016fdfd860
AO46_AGX_PRIVATE_WINSYS_RETURN capture_id=22 name=resource-gpu-address storage=0x000000071ec04970 x0=0x0000010000030900 x1=0x000000071ec04970
AO46_AGX_PRIVATE_WINSYS_RESOURCE_CREATE_RECORD address=0x000000016fdfdfb8 bytes=8000000000000000010001000100000001010001300c0000000000000000000000000000000000000000000000000000000000000000000000d9e5040100000000c0e50401000000000002000000000004000000000000000000000018000000a06eca1e07000000
AO46_AGX_PRIVATE_WINSYS_CALL name=resource-create capture_id=23 return_hook=1 x0=0x000000071ec70110 x1=0x000000016fdfdfb8 x2=0x0000000000000068 x3=0xfffff0007fc00000 x4=0x000000071ec6c100 x5=0x0000000000000001
Selector 9, 2F03, 2F03
AGX_CALL selector=9 scalar_in=0 struct_in=104 scalar_out_capacity=0 struct_out_capacity=88
2F03: call 9 (out 0x16fdfddc0, 88), struct:
000000  80 00 00 00 00 00 00 00 01 00 01 00 01 00 00 00  | €...............
000010  01 01 00 01 30 0C 00 00 00 00 00 00 00 00 00 00  | ....0...........
000020  00 00 00 00 00 00 00 00 00 00 00 00 00 00 00 00  | ................
000030  00 00 00 00 00 00 00 00 00 D9 E5 04 01 00 00 00  | ................
000040  00 C0 E5 04 01 00 00 00 00 00 02 00 00 00 00 00  | ................
000050  04 00 00 00 00 00 00 00 00 00 00 00 18 00 00 00  | ................
000060  A0 6E CA 1E 07 00 00 00 
AGX_RESULT selector=9 status=0 scalar_out=0 struct_out=88
MODERN_ALLOCATE_MEM handle=12 gpu=10000031900 cpu=0 size=1e700 attributes=80 storage=0xc30 write_combined=0 private=0 reused=0
MODERN_ALLOCATE_REQUEST size_units_candidate=2
MODERN_ALLOCATE_REQUEST bytes=8000000000000000010001000100000001010001300c0000000000000000000000000000000000000000000000000000000000000000000000d9e5040100000000c0e50401000000000002000000000004000000000000000000000018000000a06eca1e07000000
AO46_AGX_PRIVATE_WINSYS_RETURN capture_id=23 name=resource-create storage=0x000000071ec70110 x0=0x000000071ec04a10 x1=0x000000016fdfddb8
AO46_AGX_PRIVATE_WINSYS_CALL name=resource-gpu-address capture_id=24 return_hook=1 x0=0x000000071ec04a10 x1=0x000000071ec04a10 x2=0x0000000000000000 x3=0x000000071ec04a88 x4=0x00000001000abc3f x5=0x000000016fdfd850
AO46_AGX_PRIVATE_WINSYS_RETURN capture_id=24 name=resource-gpu-address storage=0x000000071ec04a10 x0=0x0000010000031900 x1=0x000000071ec04a10
AO46_AGX_PRIVATE_WINSYS_RESOURCE_CREATE_RECORD address=0x000000016fdfdfb8 bytes=8000000000000000010001000100000001010001300c0000000000000000000000000000000000000000000000000000000000000000000000dae5040100000000c0e50401000000000002000000000004000000000000000000000018000000a871ca1e07000000
AO46_AGX_PRIVATE_WINSYS_CALL name=resource-create capture_id=25 return_hook=1 x0=0x000000071ec70110 x1=0x000000016fdfdfb8 x2=0x0000000000000068 x3=0x0000000000000001 x4=0x0000000000000000 x5=0x000000016fdfdfb8
Selector 9, 2F03, 2F03
AGX_CALL selector=9 scalar_in=0 struct_in=104 scalar_out_capacity=0 struct_out_capacity=88
2F03: call 9 (out 0x16fdfddc0, 88), struct:
000000  80 00 00 00 00 00 00 00 01 00 01 00 01 00 00 00  | €...............
000010  01 01 00 01 30 0C 00 00 00 00 00 00 00 00 00 00  | ....0...........
000020  00 00 00 00 00 00 00 00 00 00 00 00 00 00 00 00  | ................
000030  00 00 00 00 00 00 00 00 00 DA E5 04 01 00 00 00  | ................
000040  00 C0 E5 04 01 00 00 00 00 00 02 00 00 00 00 00  | ................
000050  04 00 00 00 00 00 00 00 00 00 00 00 18 00 00 00  | ................
000060  A8 71 CA 1E 07 00 00 00 
AGX_RESULT selector=9 status=0 scalar_out=0 struct_out=88
MODERN_ALLOCATE_MEM handle=13 gpu=10000031a00 cpu=0 size=1e600 attributes=80 storage=0xc30 write_combined=0 private=0 reused=0
MODERN_ALLOCATE_REQUEST size_units_candidate=2
MODERN_ALLOCATE_REQUEST bytes=8000000000000000010001000100000001010001300c0000000000000000000000000000000000000000000000000000000000000000000000dae5040100000000c0e50401000000000002000000000004000000000000000000000018000000a871ca1e07000000
AO46_AGX_PRIVATE_WINSYS_RETURN capture_id=25 name=resource-create storage=0x000000071ec70110 x0=0x000000071ec04ab0 x1=0x000000016fdfddb8
AO46_AGX_PRIVATE_WINSYS_CALL name=resource-gpu-address capture_id=26 return_hook=1 x0=0x000000071ec04ab0 x1=0x000000071ec04ab0 x2=0x0000000000000000 x3=0x000000071ec04b28 x4=0x00000001000abc3f x5=0x000000016fdfd850
AO46_AGX_PRIVATE_WINSYS_RETURN capture_id=26 name=resource-gpu-address storage=0x000000071ec04ab0 x0=0x0000010000031a00 x1=0x000000071ec04ab0
AO46_AGX_PRIVATE_WINSYS_RESOURCE_CREATE_RECORD address=0x000000016fdfdfb8 bytes=8000000000000000010001000100000001010001300c0000000000000000000000000000000000000000000000000000000000000000000000dbe5040100000000c0e50401000000000002000000000004000000000000000000000018000000b074ca1e07000000
AO46_AGX_PRIVATE_WINSYS_CALL name=resource-create capture_id=27 return_hook=1 x0=0x000000071ec70110 x1=0x000000016fdfdfb8 x2=0x0000000000000068 x3=0x0000000000000001 x4=0x0000000000000000 x5=0x000000016fdfdfb8
Selector 9, 2F03, 2F03
AGX_CALL selector=9 scalar_in=0 struct_in=104 scalar_out_capacity=0 struct_out_capacity=88
2F03: call 9 (out 0x16fdfddc0, 88), struct:
000000  80 00 00 00 00 00 00 00 01 00 01 00 01 00 00 00  | €...............
000010  01 01 00 01 30 0C 00 00 00 00 00 00 00 00 00 00  | ....0...........
000020  00 00 00 00 00 00 00 00 00 00 00 00 00 00 00 00  | ................
000030  00 00 00 00 00 00 00 00 00 DB E5 04 01 00 00 00  | ................
000040  00 C0 E5 04 01 00 00 00 00 00 02 00 00 00 00 00  | ................
000050  04 00 00 00 00 00 00 00 00 00 00 00 18 00 00 00  | ................
000060  B0 74 CA 1E 07 00 00 00 
AGX_RESULT selector=9 status=0 scalar_out=0 struct_out=88
MODERN_ALLOCATE_MEM handle=14 gpu=10000031b00 cpu=0 size=1e500 attributes=80 storage=0xc30 write_combined=0 private=0 reused=0
MODERN_ALLOCATE_REQUEST size_units_candidate=2
MODERN_ALLOCATE_REQUEST bytes=8000000000000000010001000100000001010001300c0000000000000000000000000000000000000000000000000000000000000000000000dbe5040100000000c0e50401000000000002000000000004000000000000000000000018000000b074ca1e07000000
AO46_AGX_PRIVATE_WINSYS_RETURN capture_id=27 name=resource-create storage=0x000000071ec70110 x0=0x000000071ec04b50 x1=0x000000016fdfddb8
AO46_AGX_PRIVATE_WINSYS_CALL name=resource-gpu-address capture_id=28 return_hook=1 x0=0x000000071ec04b50 x1=0x000000071ec04b50 x2=0x0000000000000000 x3=0x000000071ec04bc8 x4=0x00000001000abc3f x5=0x000000016fdfd850
AO46_AGX_PRIVATE_WINSYS_RETURN capture_id=28 name=resource-gpu-address storage=0x000000071ec04b50 x0=0x0000010000031b00 x1=0x000000071ec04b50
AO46_AGX_PRIVATE_WINSYS_RESOURCE_CREATE_RECORD address=0x000000016fdfdfb8 bytes=8000000000000000010001000100000001010001300c0000000000000000000000000000000000000000000000000000000000000000000000dce5040100000000c0e50401000000000002000000000004000000000000000000000018000000b877ca1e07000000
AO46_AGX_PRIVATE_WINSYS_CALL name=resource-create capture_id=29 return_hook=1 x0=0x000000071ec70110 x1=0x000000016fdfdfb8 x2=0x0000000000000068 x3=0x0000000000000001 x4=0x0000000000000000 x5=0x000000016fdfdfb8
Selector 9, 2F03, 2F03
AGX_CALL selector=9 scalar_in=0 struct_in=104 scalar_out_capacity=0 struct_out_capacity=88
2F03: call 9 (out 0x16fdfddc0, 88), struct:
000000  80 00 00 00 00 00 00 00 01 00 01 00 01 00 00 00  | €...............
000010  01 01 00 01 30 0C 00 00 00 00 00 00 00 00 00 00  | ....0...........
000020  00 00 00 00 00 00 00 00 00 00 00 00 00 00 00 00  | ................
000030  00 00 00 00 00 00 00 00 00 DC E5 04 01 00 00 00  | ................
000040  00 C0 E5 04 01 00 00 00 00 00 02 00 00 00 00 00  | ................
000050  04 00 00 00 00 00 00 00 00 00 00 00 18 00 00 00  | ................
000060  B8 77 CA 1E 07 00 00 00 
AGX_RESULT selector=9 status=0 scalar_out=0 struct_out=88
MODERN_ALLOCATE_MEM handle=15 gpu=10000031c00 cpu=0 size=1e400 attributes=80 storage=0xc30 write_combined=0 private=0 reused=0
MODERN_ALLOCATE_REQUEST size_units_candidate=2
MODERN_ALLOCATE_REQUEST bytes=8000000000000000010001000100000001010001300c0000000000000000000000000000000000000000000000000000000000000000000000dce5040100000000c0e50401000000000002000000000004000000000000000000000018000000b877ca1e07000000
AO46_AGX_PRIVATE_WINSYS_RETURN capture_id=29 name=resource-create storage=0x000000071ec70110 x0=0x000000071ec04bf0 x1=0x000000016fdfddb8
AO46_AGX_PRIVATE_WINSYS_CALL name=resource-gpu-address capture_id=30 return_hook=1 x0=0x000000071ec04bf0 x1=0x000000071ec04bf0 x2=0x0000000000000000 x3=0x000000071ec04c68 x4=0x00000001000abc3f x5=0x000000016fdfd850
AO46_AGX_PRIVATE_WINSYS_RETURN capture_id=30 name=resource-gpu-address storage=0x000000071ec04bf0 x0=0x0000010000031c00 x1=0x000000071ec04bf0
AO46_AGX_PRIVATE_WINSYS_RESOURCE_CREATE_RECORD address=0x000000016fdfdfb8 bytes=8000000000000000010001000100000001010001300c0000000000000000000000000000000000000000000000000000000000000000000000e4e5040100000000c0e50401000000000002000000000004000000000000000000000018000000c07aca1e07000000
AO46_AGX_PRIVATE_WINSYS_CALL name=resource-create capture_id=31 return_hook=1 x0=0x000000071ec70110 x1=0x000000016fdfdfb8 x2=0x0000000000000068 x3=0x0000000000000001 x4=0x0000000000000000 x5=0x000000016fdfdfb8
Selector 9, 2F03, 2F03
AGX_CALL selector=9 scalar_in=0 struct_in=104 scalar_out_capacity=0 struct_out_capacity=88
2F03: call 9 (out 0x16fdfddc0, 88), struct:
000000  80 00 00 00 00 00 00 00 01 00 01 00 01 00 00 00  | €...............
000010  01 01 00 01 30 0C 00 00 00 00 00 00 00 00 00 00  | ....0...........
000020  00 00 00 00 00 00 00 00 00 00 00 00 00 00 00 00  | ................
000030  00 00 00 00 00 00 00 00 00 E4 E5 04 01 00 00 00  | ................
000040  00 C0 E5 04 01 00 00 00 00 00 02 00 00 00 00 00  | ................
000050  04 00 00 00 00 00 00 00 00 00 00 00 18 00 00 00  | ................
000060  C0 7A CA 1E 07 00 00 00 
AGX_RESULT selector=9 status=0 scalar_out=0 struct_out=88
MODERN_ALLOCATE_MEM handle=16 gpu=10000032400 cpu=0 size=1dc00 attributes=80 storage=0xc30 write_combined=0 private=0 reused=0
MODERN_ALLOCATE_REQUEST size_units_candidate=2
MODERN_ALLOCATE_REQUEST bytes=8000000000000000010001000100000001010001300c0000000000000000000000000000000000000000000000000000000000000000000000e4e5040100000000c0e50401000000000002000000000004000000000000000000000018000000c07aca1e07000000
AO46_AGX_PRIVATE_WINSYS_RETURN capture_id=31 name=resource-create storage=0x000000071ec70110 x0=0x000000071ec04c90 x1=0x000000016fdfddb8
AO46_AGX_PRIVATE_WINSYS_CALL name=resource-gpu-address capture_id=32 return_hook=1 x0=0x000000071ec04c90 x1=0x000000071ec04c90 x2=0x0000000000000000 x3=0x000000071ec04d08 x4=0x00000001000abc3f x5=0x000000016fdfd850
AO46_AGX_PRIVATE_WINSYS_RETURN capture_id=32 name=resource-gpu-address storage=0x000000071ec04c90 x0=0x0000010000032400 x1=0x000000071ec04c90
AO46_AGX_PRIVATE_WINSYS_RESOURCE_CREATE_RECORD address=0x000000071eca5b28 bytes=0000000000000000010001000100000001010001308400000000000000000000000000000000000000000000000000000000000000000000000000000000000000000000000000000000010000000000000000000000000000000038180000000000000000000000
AO46_AGX_PRIVATE_WINSYS_CALL name=resource-create capture_id=33 return_hook=1 x0=0x000000071ec70110 x1=0x000000071eca5b28 x2=0x0000000000000068 x3=0x0000000000000001 x4=0x0000000000000000 x5=0x000000071eca5b28
Selector 9, 2F03, 2F03
AGX_CALL selector=9 scalar_in=0 struct_in=104 scalar_out_capacity=0 struct_out_capacity=88
2F03: call 9 (out 0x16fdfced0, 88), struct:
000000  00 00 00 00 00 00 00 00 01 00 01 00 01 00 00 00  | ................
000010  01 01 00 01 30 84 00 00 00 00 00 00 00 00 00 00  | ....0...........
000020  00 00 00 00 00 00 00 00 00 00 00 00 00 00 00 00  | ................
*
000040  00 00 00 00 00 00 00 00 00 00 01 00 00 00 00 00  | ................
000050  00 00 00 00 00 00 00 00 00 00 00 38 18 00 00 00  | ...........8....
000060  00 00 00 00 00 00 00 00 
AGX_RESULT selector=9 status=0 scalar_out=0 struct_out=88
MODERN_ALLOCATE_MEM handle=17 gpu=0 cpu=104e7c000 size=10000 attributes=0 storage=0x8430 write_combined=0 private=0 reused=0
MODERN_ALLOCATE_REQUEST size_units_candidate=1
MODERN_ALLOCATE_REQUEST bytes=0000000000000000010001000100000001010001308400000000000000000000000000000000000000000000000000000000000000000000000000000000000000000000000000000000010000000000000000000000000000000038180000000000000000000000
AO46_AGX_PRIVATE_WINSYS_RETURN capture_id=33 name=resource-create storage=0x000000071ec70110 x0=0x000000071ec04d30 x1=0x000000016fdfcec8
AO46_AGX_PRIVATE_WINSYS_CALL name=resource-gpu-address capture_id=34 return_hook=1 x0=0x000000071ec04d30 x1=0x000000071ec04d30 x2=0x0000000000000000 x3=0x000000071ec04da8 x4=0x00000001000abc3f x5=0x000000016fdfc960
AO46_AGX_PRIVATE_WINSYS_RETURN capture_id=34 name=resource-gpu-address storage=0x000000071ec04d30 x0=0x0000000000000000 x1=0x000000071ec04d30
AO46_AGX_PRIVATE_WINSYS_RESOURCE_CREATE_RECORD address=0x000000016fdfdd78 bytes=8000000000000000010001000100000001010001300c0000000000000000000000000000000000000000000000000000000000000000000000e5e5040100000000c0e50401000000000002000000000004000000000000000000000018000000c80a0b0e01000000
AO46_AGX_PRIVATE_WINSYS_CALL name=resource-create capture_id=35 return_hook=1 x0=0x000000071ec70110 x1=0x000000016fdfdd78 x2=0x0000000000000068 x3=0x0000000000000001 x4=0x0000000000000000 x5=0x000000016fdfdd78
Selector 9, 2F03, 2F03
AGX_CALL selector=9 scalar_in=0 struct_in=104 scalar_out_capacity=0 struct_out_capacity=88
2F03: call 9 (out 0x16fdfdb80, 88), struct:
000000  80 00 00 00 00 00 00 00 01 00 01 00 01 00 00 00  | €...............
000010  01 01 00 01 30 0C 00 00 00 00 00 00 00 00 00 00  | ....0...........
000020  00 00 00 00 00 00 00 00 00 00 00 00 00 00 00 00  | ................
000030  00 00 00 00 00 00 00 00 00 E5 E5 04 01 00 00 00  | ................
000040  00 C0 E5 04 01 00 00 00 00 00 02 00 00 00 00 00  | ................
000050  04 00 00 00 00 00 00 00 00 00 00 00 18 00 00 00  | ................
000060  C8 0A 0B 0E 01 00 00 00 
AGX_RESULT selector=9 status=0 scalar_out=0 struct_out=88
MODERN_ALLOCATE_MEM handle=18 gpu=10000032500 cpu=0 size=1db00 attributes=80 storage=0xc30 write_combined=0 private=0 reused=0
MODERN_ALLOCATE_REQUEST size_units_candidate=2
MODERN_ALLOCATE_REQUEST bytes=8000000000000000010001000100000001010001300c0000000000000000000000000000000000000000000000000000000000000000000000e5e5040100000000c0e50401000000000002000000000004000000000000000000000018000000c80a0b0e01000000
AO46_AGX_PRIVATE_WINSYS_RETURN capture_id=35 name=resource-create storage=0x000000071ec70110 x0=0x000000071ec04dd0 x1=0x000000016fdfdb78
AO46_AGX_PRIVATE_WINSYS_CALL name=resource-gpu-address capture_id=36 return_hook=1 x0=0x000000071ec04dd0 x1=0x000000071ec04dd0 x2=0x0000000000000000 x3=0x000000071ec04e48 x4=0x00000001000abc3f x5=0x000000016fdfd610
AO46_AGX_PRIVATE_WINSYS_RETURN capture_id=36 name=resource-gpu-address storage=0x000000071ec04dd0 x0=0x0000010000032500 x1=0x000000071ec04dd0
AO46_AGX_PRIVATE_WINSYS_RESOURCE_CREATE_RECORD address=0x000000016fdfdd18 bytes=000000000000000001000100010000000101000170040000000000000000000000000000000000000000000000000000010000000000000000000000000000000000000000000000000002000000000000000000000000000000000000000000c80a0b0e01000000
AO46_AGX_PRIVATE_WINSYS_CALL name=resource-create capture_id=37 return_hook=1 x0=0x000000071ec70110 x1=0x000000016fdfdd18 x2=0x0000000000000068 x3=0x0000000000000001 x4=0x0000000000020020 x5=0x000000016fdfdd18
Selector 9, 2F03, 2F03
AGX_CALL selector=9 scalar_in=0 struct_in=104 scalar_out_capacity=0 struct_out_capacity=88
2F03: call 9 (out 0x16fdfdae0, 88), struct:
000000  00 00 00 00 00 00 00 00 01 00 01 00 01 00 00 00  | ................
000010  01 01 00 01 70 04 00 00 00 00 00 00 00 00 00 00  | ....p...........
000020  00 00 00 00 00 00 00 00 00 00 00 00 00 00 00 00  | ................
000030  01 00 00 00 00 00 00 00 00 00 00 00 00 00 00 00  | ................
000040  00 00 00 00 00 00 00 00 00 00 02 00 00 00 00 00  | ................
000050  00 00 00 00 00 00 00 00 00 00 00 00 00 00 00 00  | ................
000060  C8 0A 0B 0E 01 00 00 00 
AGX_RESULT selector=9 status=0 scalar_out=0 struct_out=88
MODERN_ALLOCATE_MEM handle=19 gpu=10000058000 cpu=104e8c000 size=20000 attributes=0 storage=0x470 write_combined=0 private=0 reused=0
MODERN_ALLOCATE_REQUEST size_units_candidate=2
MODERN_ALLOCATE_REQUEST bytes=000000000000000001000100010000000101000170040000000000000000000000000000000000000000000000000000010000000000000000000000000000000000000000000000000002000000000000000000000000000000000000000000c80a0b0e01000000
AO46_AGX_PRIVATE_WINSYS_RETURN capture_id=37 name=resource-create storage=0x000000071ec70110 x0=0x000000071ec04e70 x1=0x000000016fdfdad8
AO46_AGX_PRIVATE_WINSYS_CALL name=resource-gpu-address capture_id=38 return_hook=1 x0=0x000000071ec04e70 x1=0x000000071ec04e70 x2=0x0000000000000000 x3=0x000000071ec04ee8 x4=0x00000001000abc3f x5=0x000000016fdfd570
AO46_AGX_PRIVATE_WINSYS_RETURN capture_id=38 name=resource-gpu-address storage=0x000000071ec04e70 x0=0x0000010000058000 x1=0x000000071ec04e70
AO46_AGX_PRIVATE_WINSYS_RESOURCE_CREATE_RECORD address=0x000000016fdfe008 bytes=8000000000000000010001000100000001010001300c0000000000000000000000000000000000000000000000000000000000000000000000c0e8040100000000c0e80401000000000002000000000013000000000000000000000018000000c80a0b0e01000000
AO46_AGX_PRIVATE_WINSYS_CALL name=resource-create capture_id=39 return_hook=1 x0=0x000000071ec70110 x1=0x000000016fdfe008 x2=0x0000000000000068 x3=0x0000000000000001 x4=0x0000000000020020 x5=0x000000016fdfe008
Selector 9, 2F03, 2F03
AGX_CALL selector=9 scalar_in=0 struct_in=104 scalar_out_capacity=0 struct_out_capacity=88
2F03: call 9 (out 0x16fdfde10, 88), struct:
000000  80 00 00 00 00 00 00 00 01 00 01 00 01 00 00 00  | €...............
000010  01 01 00 01 30 0C 00 00 00 00 00 00 00 00 00 00  | ....0...........
000020  00 00 00 00 00 00 00 00 00 00 00 00 00 00 00 00  | ................
000030  00 00 00 00 00 00 00 00 00 C0 E8 04 01 00 00 00  | ................
000040  00 C0 E8 04 01 00 00 00 00 00 02 00 00 00 00 00  | ................
000050  13 00 00 00 00 00 00 00 00 00 00 00 18 00 00 00  | ................
000060  C8 0A 0B 0E 01 00 00 00 
AGX_RESULT selector=9 status=0 scalar_out=0 struct_out=88
MODERN_ALLOCATE_MEM handle=20 gpu=10000058000 cpu=0 size=20000 attributes=80 storage=0xc30 write_combined=0 private=0 reused=0
MODERN_ALLOCATE_REQUEST size_units_candidate=2
MODERN_ALLOCATE_REQUEST bytes=8000000000000000010001000100000001010001300c0000000000000000000000000000000000000000000000000000000000000000000000c0e8040100000000c0e80401000000000002000000000013000000000000000000000018000000c80a0b0e01000000
AO46_AGX_PRIVATE_WINSYS_RETURN capture_id=39 name=resource-create storage=0x000000071ec70110 x0=0x000000071ec04f10 x1=0x000000016fdfde08
AO46_AGX_PRIVATE_WINSYS_CALL name=resource-gpu-address capture_id=40 return_hook=1 x0=0x000000071ec04f10 x1=0x000000071ec04f10 x2=0x0000000000000000 x3=0x000000071ec04f88 x4=0x00000001000abc3f x5=0x000000016fdfd8a0
AO46_AGX_PRIVATE_WINSYS_RETURN capture_id=40 name=resource-gpu-address storage=0x000000071ec04f10 x0=0x0000010000058000 x1=0x000000071ec04f10
AO46_AGX_COMPUTE_RECORD allocate input-shared
AO46_AGX_PRIVATE_WINSYS_RESOURCE_CREATE_RECORD address=0x000000016fdfe4b8 bytes=8000000000000000010001000100000001010001300c000000000000000000000000000000000000000000000000000000000000000000000005e6040100000000c0e50401000000000002000000000004000000000000000000000000000000c80a0b0e01000000
AO46_AGX_PRIVATE_WINSYS_CALL name=resource-create capture_id=41 return_hook=1 x0=0x000000071ec70110 x1=0x000000016fdfe4b8 x2=0x0000000000000068 x3=0x0000000000000001 x4=0x0000000000000000 x5=0x000000016fdfe4b8
Selector 9, 2F03, 2F03
AGX_CALL selector=9 scalar_in=0 struct_in=104 scalar_out_capacity=0 struct_out_capacity=88
2F03: call 9 (out 0x16fdfe2e0, 88), struct:
000000  80 00 00 00 00 00 00 00 01 00 01 00 01 00 00 00  | €...............
000010  01 01 00 01 30 0C 00 00 00 00 00 00 00 00 00 00  | ....0...........
000020  00 00 00 00 00 00 00 00 00 00 00 00 00 00 00 00  | ................
000030  00 00 00 00 00 00 00 00 00 05 E6 04 01 00 00 00  | ................
000040  00 C0 E5 04 01 00 00 00 00 00 02 00 00 00 00 00  | ................
000050  04 00 00 00 00 00 00 00 00 00 00 00 00 00 00 00  | ................
000060  C8 0A 0B 0E 01 00 00 00 
AGX_RESULT selector=9 status=0 scalar_out=0 struct_out=88
MODERN_ALLOCATE_MEM handle=21 gpu=10000034500 cpu=0 size=1bb00 attributes=80 storage=0xc30 write_combined=0 private=0 reused=0
MODERN_ALLOCATE_REQUEST size_units_candidate=2
MODERN_ALLOCATE_REQUEST bytes=8000000000000000010001000100000001010001300c000000000000000000000000000000000000000000000000000000000000000000000005e6040100000000c0e50401000000000002000000000004000000000000000000000000000000c80a0b0e01000000
AO46_AGX_PRIVATE_WINSYS_RETURN capture_id=41 name=resource-create storage=0x000000071ec70110 x0=0x000000071ec04fb0 x1=0x000000016fdfe2d8
AO46_AGX_PRIVATE_WINSYS_CALL name=resource-gpu-address capture_id=42 return_hook=1 x0=0x000000071ec04fb0 x1=0x000000071ec04fb0 x2=0x0000000000000000 x3=0x000000071ec05028 x4=0x00000001000abc3f x5=0x000000016fdfdd70
AO46_AGX_PRIVATE_WINSYS_RETURN capture_id=42 name=resource-gpu-address storage=0x000000071ec04fb0 x0=0x0000010000034500 x1=0x000000071ec04fb0
AO46_AGX_COMPUTE_RECORD allocate output-shared
AO46_AGX_PRIVATE_WINSYS_RESOURCE_CREATE_RECORD address=0x000000016fdfe4b8 bytes=8000000000000000010001000100000001010001300c000000000000000000000000000000000000000000000000000000000000000000000015e6040100000000c0e5040100000000000200000000000400000000000000000000000000000058807bef01000000
AO46_AGX_PRIVATE_WINSYS_CALL name=resource-create capture_id=43 return_hook=1 x0=0x000000071ec70110 x1=0x000000016fdfe4b8 x2=0x0000000000000068 x3=0x0000000000000001 x4=0x0000000000000000 x5=0x000000016fdfe4b8
Selector 9, 2F03, 2F03
AGX_CALL selector=9 scalar_in=0 struct_in=104 scalar_out_capacity=0 struct_out_capacity=88
2F03: call 9 (out 0x16fdfe2e0, 88), struct:
000000  80 00 00 00 00 00 00 00 01 00 01 00 01 00 00 00  | €...............
000010  01 01 00 01 30 0C 00 00 00 00 00 00 00 00 00 00  | ....0...........
000020  00 00 00 00 00 00 00 00 00 00 00 00 00 00 00 00  | ................
000030  00 00 00 00 00 00 00 00 00 15 E6 04 01 00 00 00  | ................
000040  00 C0 E5 04 01 00 00 00 00 00 02 00 00 00 00 00  | ................
000050  04 00 00 00 00 00 00 00 00 00 00 00 00 00 00 00  | ................
000060  58 80 7B EF 01 00 00 00 
AGX_RESULT selector=9 status=0 scalar_out=0 struct_out=88
MODERN_ALLOCATE_MEM handle=22 gpu=10000035500 cpu=0 size=1ab00 attributes=80 storage=0xc30 write_combined=0 private=0 reused=0
MODERN_ALLOCATE_REQUEST size_units_candidate=2
MODERN_ALLOCATE_REQUEST bytes=8000000000000000010001000100000001010001300c000000000000000000000000000000000000000000000000000000000000000000000015e6040100000000c0e5040100000000000200000000000400000000000000000000000000000058807bef01000000
AO46_AGX_PRIVATE_WINSYS_RETURN capture_id=43 name=resource-create storage=0x000000071ec70110 x0=0x000000071ec05050 x1=0x000000016fdfe2d8
AO46_AGX_PRIVATE_WINSYS_CALL name=resource-gpu-address capture_id=44 return_hook=1 x0=0x000000071ec05050 x1=0x000000071ec05050 x2=0x0000000000000000 x3=0x000000071ec050c8 x4=0x00000001000abc3f x5=0x000000016fdfdd70
AO46_AGX_PRIVATE_WINSYS_RETURN capture_id=44 name=resource-gpu-address storage=0x000000071ec05050 x0=0x0000010000035500 x1=0x000000071ec05050
AO46_AGX_COMPUTE_RECORD public-resource name=input object=0x71ede0fc0 gpu_va=0x10000034500 bytes=4096
AO46_AGX_COMPUTE_RECORD public-resource name=output object=0x71ede1180 gpu_va=0x10000035500 bytes=4096
AO46_AGX_COMPUTE_RECORD dispatch transform-input-to-output elements=1024 threads_per_group=32
AO46_AGX_PRIVATE_WINSYS_CALL name=command-buffer-init capture_id=45 return_hook=1 x0=0x0000000100683aa0 x1=0x00000001fe1359a8 x2=0x000000010067e680 x3=0x0000000000000001 x4=0x0000000000000000 x5=0x0000000040000001
Selector 6, 2F03, 2F03
AGX_CALL selector=6 scalar_in=0 struct_in=0 scalar_out_capacity=0 struct_out_capacity=16
2F03: call 6 (out 0x16fdfe368, 16)
AGX_RESULT selector=6 status=0 scalar_out=0 struct_out=16
AO46_AGX_PRIVATE_WINSYS_CALL name=storage-pool-create capture_id=46 return_hook=1 x0=0x000000071ec8c000 x1=0x00000007b7ba56fd x2=0x0000000000000001 x3=0x0000000000000103 x4=0x000000018376f757 x5=0x000000016fdfde40
AO46_AGX_PRIVATE_WINSYS_STORAGE_CREATE_PARAMS address=0x0000000100670910 bytes=c0c2031f0700000080c2031f0700000000c3031f070000000049c81e070000002c0000000000000080c4021f0700000060c0021f0700000040c3031f07000000
AO46_AGX_PRIVATE_WINSYS_CALL name=command-storage-create capture_id=47 return_hook=1 x0=0x0000000100670630 x1=0x0000000100670910 x2=0x00000007b7ba56fd x3=0x0000000000000001 x4=0x000000018376f757 x5=0x000000016fdfde40
Selector 14, 2F03, 2F03
AGX_CALL selector=14 scalar_in=2 struct_in=0 scalar_out_capacity=0 struct_out_capacity=16
2F03: call E (out 0x16fdfe230, 16) 4000 0
AGX_RESULT selector=14 status=0 scalar_out=0 struct_out=16
Selector 14, 2F03, 2F03
AGX_CALL selector=14 scalar_in=2 struct_in=0 scalar_out_capacity=0 struct_out_capacity=16
2F03: call E (out 0x16fdfe230, 16) 4000 1
AGX_RESULT selector=14 status=0 scalar_out=0 struct_out=16
AO46_AGX_PRIVATE_WINSYS_CALL name=begin-kernel-commands capture_id=48 return_hook=1 x0=0x0000000100682920 x1=0x0000000104eb0000 x2=0xffffffffffffffec x3=0x0000000104eb006c x4=0x0000000104eb0080 x5=0x000000016fdfdd50
AO46_AGX_PRIVATE_WINSYS_RETURN capture_id=48 name=begin-kernel-commands storage=0x0000000100682920 x0=0x0000000100682920 x1=0x0000000104eb0000
AO46_AGX_PRIVATE_WINSYS_RETURN capture_id=47 name=command-storage-create storage=0x0000000100670630 x0=0x0000000100682920 x1=0x0000000104eb0000
AO46_AGX_PRIVATE_WINSYS_RETURN capture_id=46 name=storage-pool-create storage=0x000000071ec8c000 x0=0x0000000100682920 x1=0x0000000104eb0000
AO46_AGX_PRIVATE_WINSYS_RETURN capture_id=45 name=command-buffer-init storage=0x0000000100683aa0 x0=0x0000000100683aa0 x1=0x0000000104eb0000
AO46_AGX_PRIVATE_WINSYS_SEGMENT_POINTER storage=0x0000000100682920 pointer=0x0000000104eb00ac kernel_base=0x0000000104eb0000 kernel_delta=0xac
AO46_AGX_PRIVATE_WINSYS_CALL name=begin-segment capture_id=49 return_hook=1 x0=0x0000000100682920 x1=0x0000000104eb00ac x2=0x0000000000000000 x3=0xfffff0007fc00000 x4=0x00000001006804c0 x5=0x0000000000000000
AO46_AGX_PRIVATE_WINSYS_CALL name=resource-list-reset capture_id=0 return_hook=0 x0=0x00000001006829b0 x1=0x0000000104eac048 x2=0x0000000000003fb8 x3=0x0000000000000001 x4=0x00000001006804c0 x5=0x0000000000000000
AO46_AGX_PRIVATE_WINSYS_RETURN capture_id=49 name=begin-segment storage=0x0000000100682920 x0=0x0000000c92400300 x1=0x0000000000000000
AO46_AGX_PRIVATE_WINSYS_SLOT phase=before storage=0x0000000100682920 index=0x0000000000000003 count=44 slots=0x000000071ec84900 records=0x00000001006865a0 slot_descriptor=0x000000010067c6d0 record=0x0000000100686660 slot_descriptor_bytes=812cd2ef010000010000000000000000d8c66700010000000000000000000000e8c66700010000000000000000000000082cd2ef01000000300667000100000040c7670001000000680000000000000000366e010000000000000000000000000000000000000000 record_bytes=00000000000000000000000000000000000000000000000000000000000000000000000000000000000000000000000000000000000000000000000000000000
AO46_AGX_PRIVATE_WINSYS_CALL name=alloc-resource-at-index capture_id=50 return_hook=1 x0=0x0000000100682920 x1=0x0000000000000003 x2=0x0000000000000001 x3=0x0000000c924003c0 x4=0x0000000c92400380 x5=0x0000000000000000
AO46_AGX_PRIVATE_WINSYS_CALL name=resource-pool-create-pooled-resource capture_id=51 return_hook=1 x0=0x000000010067c6d0 x1=0x000000016fdfe0ff x2=0x0000000000000001 x3=0x0000000c924003c0 x4=0x0000000c92400380 x5=0x0000000000000000
AO46_AGX_PRIVATE_WINSYS_RESOURCE_CREATE_RECORD address=0x000000010067c740 bytes=0000000000000000008001000100000001010001304400000000000000000000000000000000000000000000000000000000000000000000000000000000000000000000000000000080000000000000000000000000000000000008480000000000000000000000
AO46_AGX_PRIVATE_WINSYS_CALL name=resource-create capture_id=52 return_hook=1 x0=0x000000071ec70110 x1=0x000000010067c740 x2=0x0000000000000068 x3=0x0000000000000001 x4=0x0000000000000000 x5=0x000000010067c740
Selector 9, 2F03, 2F03
AGX_CALL selector=9 scalar_in=0 struct_in=104 scalar_out_capacity=0 struct_out_capacity=88
2F03: call 9 (out 0x16fdfe000, 88), struct:
000000  00 00 00 00 00 00 00 00 00 80 01 00 01 00 00 00  | .........€......
000010  01 01 00 01 30 44 00 00 00 00 00 00 00 00 00 00  | ....0D..........
000020  00 00 00 00 00 00 00 00 00 00 00 00 00 00 00 00  | ................
*
000040  00 00 00 00 00 00 00 00 00 80 00 00 00 00 00 00  | .........€......
000050  00 00 00 00 00 00 00 00 00 00 00 08 48 00 00 00  | ............H...
000060  00 00 00 00 00 00 00 00 
AGX_RESULT selector=9 status=0 scalar_out=0 struct_out=88
MODERN_ALLOCATE_MEM handle=23 gpu=10000080000 cpu=104eb4000 size=8000 attributes=0 storage=0x4430 write_combined=0 private=0 reused=0
MODERN_ALLOCATE_REQUEST size_units_candidate=0
MODERN_ALLOCATE_REQUEST bytes=0000000000000000008001000100000001010001304400000000000000000000000000000000000000000000000000000000000000000000000000000000000000000000000000000080000000000000000000000000000000000008480000000000000000000000
AO46_AGX_PRIVATE_WINSYS_RETURN capture_id=52 name=resource-create storage=0x000000071ec70110 x0=0x000000071ec050f0 x1=0x000000016fdfdff8
AO46_AGX_PRIVATE_WINSYS_CALL name=resource-gpu-address capture_id=53 return_hook=1 x0=0x000000071ec050f0 x1=0x000000071ec050f0 x2=0x0000000000000000 x3=0x000000071ec05168 x4=0x00000001000abc3f x5=0x000000016fdfda90
AO46_AGX_PRIVATE_WINSYS_RETURN capture_id=53 name=resource-gpu-address storage=0x000000071ec050f0 x0=0x0000010000080000 x1=0x000000071ec050f0
AO46_AGX_PRIVATE_WINSYS_RETURN capture_id=51 name=resource-pool-create-pooled-resource storage=0x000000010067c6d0 x0=0x000000071ee50000 x1=0x0000000000000103
AO46_AGX_PRIVATE_WINSYS_RETURN capture_id=50 name=alloc-resource-at-index storage=0x0000000100682920 x0=0x0000000000000000 x1=0x0000000000000103
AO46_AGX_PRIVATE_WINSYS_SLOT phase=after storage=0x0000000100682920 index=0x0000000000000003 count=44 records=0x00000001006865a0 record=0x0000000100686660 record_resource=0x000000071ee50000 record_bytes=00000800000100000040eb040100000000c0eb04010000000040eb04010000000000e51e07000000000000000000000000800000000000001700000000000000
AO46_AGX_PRIVATE_WINSYS_CALL name=resource-list-add-resource capture_id=0 return_hook=0 x0=0x00000001006829b0 x1=0x000000071ee50040 x2=0x0000000000000001 x3=0x0000000000000103 x4=0x00000001000abc3f x5=0x000000016fdfda90
AO46_AGX_PRIVATE_WINSYS_SLOT phase=before storage=0x0000000100682920 index=0x0000000000000005 count=44 slots=0x000000071ec84900 records=0x00000001006865a0 slot_descriptor=0x0000000100669370 record=0x00000001006866e0 slot_descriptor_bytes=812cd2ef0100000100000000000000007893660001000000000000000000000088936600010000000000000000000000082cd2ef010000003006670001000000e093660001000000680000000000000000366e010000000000000000000000000000000000000000 record_bytes=00000000000000000000000000000000000000000000000000000000000000000000000000000000000000000000000000000000000000000000000000000000
AO46_AGX_PRIVATE_WINSYS_CALL name=alloc-resource-at-index capture_id=54 return_hook=1 x0=0x0000000100682920 x1=0x0000000000000005 x2=0x0000000000000001 x3=0x0000000000000000 x4=0x00000001000abc3f x5=0x000000016fdfda90
AO46_AGX_PRIVATE_WINSYS_CALL name=resource-pool-create-pooled-resource capture_id=55 return_hook=1 x0=0x0000000100669370 x1=0x000000016fdfe0ff x2=0x0000000000000001 x3=0x0000000000000000 x4=0x00000001000abc3f x5=0x000000016fdfda90
AO46_AGX_PRIVATE_WINSYS_RESOURCE_CREATE_RECORD address=0x00000001006693e0 bytes=0000000000000000008001000100000001010001304400000000000000000000000000000000000000000000000000000000000000000000000000000000000000000000000000000080000000000000000000000000000000000018000000000000000000000000
AO46_AGX_PRIVATE_WINSYS_CALL name=resource-create capture_id=56 return_hook=1 x0=0x000000071ec70110 x1=0x00000001006693e0 x2=0x0000000000000068 x3=0xfffff0007fc00000 x4=0x000000071ec70280 x5=0x00000001006693e0
Selector 9, 2F03, 2F03
AGX_CALL selector=9 scalar_in=0 struct_in=104 scalar_out_capacity=0 struct_out_capacity=88
2F03: call 9 (out 0x16fdfe000, 88), struct:
000000  00 00 00 00 00 00 00 00 00 80 01 00 01 00 00 00  | .........€......
000010  01 01 00 01 30 44 00 00 00 00 00 00 00 00 00 00  | ....0D..........
000020  00 00 00 00 00 00 00 00 00 00 00 00 00 00 00 00  | ................
*
000040  00 00 00 00 00 00 00 00 00 80 00 00 00 00 00 00  | .........€......
000050  00 00 00 00 00 00 00 00 00 00 00 18 00 00 00 00  | ................
000060  00 00 00 00 00 00 00 00 
AGX_RESULT selector=9 status=0 scalar_out=0 struct_out=88
MODERN_ALLOCATE_MEM handle=24 gpu=10000090000 cpu=104ebc000 size=8000 attributes=0 storage=0x4430 write_combined=0 private=0 reused=0
MODERN_ALLOCATE_REQUEST size_units_candidate=0
MODERN_ALLOCATE_REQUEST bytes=0000000000000000008001000100000001010001304400000000000000000000000000000000000000000000000000000000000000000000000000000000000000000000000000000080000000000000000000000000000000000018000000000000000000000000
AO46_AGX_PRIVATE_WINSYS_RETURN capture_id=56 name=resource-create storage=0x000000071ec70110 x0=0x000000071ec05190 x1=0x000000016fdfdff8
AO46_AGX_PRIVATE_WINSYS_CALL name=resource-gpu-address capture_id=57 return_hook=1 x0=0x000000071ec05190 x1=0x000000071ec05190 x2=0x0000000000000000 x3=0x000000071ec05208 x4=0x00000001000abc3f x5=0x000000016fdfda90
AO46_AGX_PRIVATE_WINSYS_RETURN capture_id=57 name=resource-gpu-address storage=0x000000071ec05190 x0=0x0000010000090000 x1=0x000000071ec05190
AO46_AGX_PRIVATE_WINSYS_RETURN capture_id=55 name=resource-pool-create-pooled-resource storage=0x0000000100669370 x0=0x000000071ee50180 x1=0x0000000000000103
AO46_AGX_PRIVATE_WINSYS_RETURN capture_id=54 name=alloc-resource-at-index storage=0x0000000100682920 x0=0x0000000000000000 x1=0x0000000000000103
AO46_AGX_PRIVATE_WINSYS_SLOT phase=after storage=0x0000000100682920 index=0x0000000000000005 count=44 records=0x00000001006865a0 record=0x00000001006866e0 record_resource=0x000000071ee50180 record_bytes=000009000001000000c0eb04010000000040ec040100000000c0eb04010000008001e51e07000000000000000000000000800000000000001800000000000000
AO46_AGX_PRIVATE_WINSYS_CALL name=resource-list-add-resource capture_id=0 return_hook=0 x0=0x00000001006829b0 x1=0x000000071ee501c0 x2=0x0000000000000001 x3=0x0000000000000103 x4=0x000000071ee4c080 x5=0x000000016fdfded7
AO46_AGX_PRIVATE_WINSYS_SLOT phase=before storage=0x0000000100682920 index=0x000000000000000d count=44 slots=0x000000071ec84900 records=0x00000001006865a0 slot_descriptor=0x000000071f1bc150 record=0x00000001006868e0 slot_descriptor_bytes=812cd2ef01000001000000000000000058c11b1f07000000000000000000000068c11b1f070000000000000000000000082cd2ef010000003006670001000000008044920c000000680000000000000000366e010000000000000000000000000000000000000000 record_bytes=00000000000000000000000000000000000000000000000000000000000000000000000000000000000000000000000000000000000000000000000000000000
AO46_AGX_PRIVATE_WINSYS_CALL name=alloc-resource-at-index capture_id=58 return_hook=1 x0=0x0000000100682920 x1=0x000000000000000d x2=0x0000000000000001 x3=0x0000000000000000 x4=0x000000071ee4c080 x5=0x000000016fdfded7
AO46_AGX_PRIVATE_WINSYS_CALL name=resource-pool-create-pooled-resource capture_id=59 return_hook=1 x0=0x000000071f1bc150 x1=0x000000016fdfe0ff x2=0x0000000000000001 x3=0x0000000000000000 x4=0x000000071ee4c080 x5=0x000000016fdfded7
AO46_AGX_PRIVATE_WINSYS_RESOURCE_CREATE_RECORD address=0x0000000c92448000 bytes=0000000000000000008001000100000001010001304400000000000000000000000000000000000000000000000000000000000000000000000000000000000000000000000000000080000000000000000000000000000000000008000000000000000000000000
AO46_AGX_PRIVATE_WINSYS_CALL name=resource-create capture_id=60 return_hook=1 x0=0x000000071ec70110 x1=0x0000000c92448000 x2=0x0000000000000068 x3=0x0000000000000001 x4=0x0000000000000000 x5=0x0000000c92448000
Selector 9, 2F03, 2F03
AGX_CALL selector=9 scalar_in=0 struct_in=104 scalar_out_capacity=0 struct_out_capacity=88
2F03: call 9 (out 0x16fdfe000, 88), struct:
000000  00 00 00 00 00 00 00 00 00 80 01 00 01 00 00 00  | .........€......
000010  01 01 00 01 30 44 00 00 00 00 00 00 00 00 00 00  | ....0D..........
000020  00 00 00 00 00 00 00 00 00 00 00 00 00 00 00 00  | ................
*
000040  00 00 00 00 00 00 00 00 00 80 00 00 00 00 00 00  | .........€......
000050  00 00 00 00 00 00 00 00 00 00 00 08 00 00 00 00  | ................
000060  00 00 00 00 00 00 00 00 
AGX_RESULT selector=9 status=0 scalar_out=0 struct_out=88
MODERN_ALLOCATE_MEM handle=25 gpu=100000a0000 cpu=104ec4000 size=8000 attributes=0 storage=0x4430 write_combined=0 private=0 reused=0
MODERN_ALLOCATE_REQUEST size_units_candidate=0
MODERN_ALLOCATE_REQUEST bytes=0000000000000000008001000100000001010001304400000000000000000000000000000000000000000000000000000000000000000000000000000000000000000000000000000080000000000000000000000000000000000008000000000000000000000000
AO46_AGX_PRIVATE_WINSYS_RETURN capture_id=60 name=resource-create storage=0x000000071ec70110 x0=0x000000071ec05230 x1=0x000000016fdfdff8
AO46_AGX_PRIVATE_WINSYS_CALL name=resource-gpu-address capture_id=61 return_hook=1 x0=0x000000071ec05230 x1=0x000000071ec05230 x2=0x0000000000000000 x3=0x000000071ec052a8 x4=0x00000001000abc3f x5=0x000000016fdfda90
AO46_AGX_PRIVATE_WINSYS_RETURN capture_id=61 name=resource-gpu-address storage=0x000000071ec05230 x0=0x00000100000a0000 x1=0x000000071ec05230
AO46_AGX_PRIVATE_WINSYS_RETURN capture_id=59 name=resource-pool-create-pooled-resource storage=0x000000071f1bc150 x0=0x000000071ee50300 x1=0x0000000000000103
AO46_AGX_PRIVATE_WINSYS_RETURN capture_id=58 name=alloc-resource-at-index storage=0x0000000100682920 x0=0x0000000000000000 x1=0x0000000000000103
AO46_AGX_PRIVATE_WINSYS_SLOT phase=after storage=0x0000000100682920 index=0x000000000000000d count=44 records=0x00000001006865a0 record=0x00000001006868e0 record_resource=0x000000071ee50300 record_bytes=00000a00000100000040ec040100000000c0ec04010000000040ec04010000000003e51e07000000000000000000000000800000000000001900000000000000
AO46_AGX_PRIVATE_WINSYS_CALL name=resource-list-add-resource capture_id=0 return_hook=0 x0=0x00000001006829b0 x1=0x000000071ee50340 x2=0x0000000000000001 x3=0x0000000000000103 x4=0x000000071ee4ca80 x5=0x0000000000000001
AO46_AGX_PRIVATE_WINSYS_SLOT phase=before storage=0x0000000100682920 index=0x0000000000000016 count=44 slots=0x000000071ec84900 records=0x00000001006865a0 slot_descriptor=0x000000071f1bc540 record=0x0000000100686b20 slot_descriptor_bytes=812cd2ef01000001000000000000000048c51b1f07000000000000000000000058c51b1f070000000000000000000000082cd2ef010000003006670001000000f08344920c000000680000000000000000366e010000000000000000000000000000000000000000 record_bytes=00000000000000000000000000000000000000000000000000000000000000000000000000000000000000000000000000000000000000000000000000000000
AO46_AGX_PRIVATE_WINSYS_CALL name=alloc-resource-at-index capture_id=62 return_hook=1 x0=0x0000000100682920 x1=0x0000000000000016 x2=0x0000000000000001 x3=0x0000000000000000 x4=0x000000071ee4ca80 x5=0x0000000000000001
AO46_AGX_PRIVATE_WINSYS_CALL name=resource-pool-create-pooled-resource capture_id=63 return_hook=1 x0=0x000000071f1bc540 x1=0x000000016fdfe0ff x2=0x0000000000000001 x3=0x0000000000000000 x4=0x000000071ee4ca80 x5=0x0000000000000001
AO46_AGX_PRIVATE_WINSYS_RESOURCE_CREATE_RECORD address=0x0000000c924483f0 bytes=0000000000000000008001000100000001010001304400000000000000000000000000000000000000000000000000000000000000000000000000000000000000000000000000000080000000000000000000000000000000000008400000000000000000000000
AO46_AGX_PRIVATE_WINSYS_CALL name=resource-create capture_id=64 return_hook=1 x0=0x000000071ec70110 x1=0x0000000c924483f0 x2=0x0000000000000068 x3=0x0000000000000001 x4=0x0000000000000000 x5=0x0000000c924483f0
Selector 9, 2F03, 2F03
AGX_CALL selector=9 scalar_in=0 struct_in=104 scalar_out_capacity=0 struct_out_capacity=88
2F03: call 9 (out 0x16fdfe000, 88), struct:
000000  00 00 00 00 00 00 00 00 00 80 01 00 01 00 00 00  | .........€......
000010  01 01 00 01 30 44 00 00 00 00 00 00 00 00 00 00  | ....0D..........
000020  00 00 00 00 00 00 00 00 00 00 00 00 00 00 00 00  | ................
*
000040  00 00 00 00 00 00 00 00 00 80 00 00 00 00 00 00  | .........€......
000050  00 00 00 00 00 00 00 00 00 00 00 08 40 00 00 00  | ............@...
000060  00 00 00 00 00 00 00 00 
AGX_RESULT selector=9 status=0 scalar_out=0 struct_out=88
MODERN_ALLOCATE_MEM handle=26 gpu=100000b0000 cpu=104ecc000 size=8000 attributes=0 storage=0x4430 write_combined=0 private=0 reused=0
MODERN_ALLOCATE_REQUEST size_units_candidate=0
MODERN_ALLOCATE_REQUEST bytes=0000000000000000008001000100000001010001304400000000000000000000000000000000000000000000000000000000000000000000000000000000000000000000000000000080000000000000000000000000000000000008400000000000000000000000
AO46_AGX_PRIVATE_WINSYS_RETURN capture_id=64 name=resource-create storage=0x000000071ec70110 x0=0x000000071ec052d0 x1=0x000000016fdfdff8
AO46_AGX_PRIVATE_WINSYS_CALL name=resource-gpu-address capture_id=65 return_hook=1 x0=0x000000071ec052d0 x1=0x000000071ec052d0 x2=0x0000000000000000 x3=0x000000071ec05348 x4=0x00000001000abc3f x5=0x000000016fdfda90
AO46_AGX_PRIVATE_WINSYS_RETURN capture_id=65 name=resource-gpu-address storage=0x000000071ec052d0 x0=0x00000100000b0000 x1=0x000000071ec052d0
AO46_AGX_PRIVATE_WINSYS_RETURN capture_id=63 name=resource-pool-create-pooled-resource storage=0x000000071f1bc540 x0=0x000000071ee50480 x1=0x0000000000000103
AO46_AGX_PRIVATE_WINSYS_RETURN capture_id=62 name=alloc-resource-at-index storage=0x0000000100682920 x0=0x0000000000000000 x1=0x0000000000000103
AO46_AGX_PRIVATE_WINSYS_SLOT phase=after storage=0x0000000100682920 index=0x0000000000000016 count=44 records=0x00000001006865a0 record=0x0000000100686b20 record_resource=0x000000071ee50480 record_bytes=00000b000001000000c0ec04010000000040ed040100000000c0ec04010000008004e51e07000000000000000000000000800000000000001a00000000000000
AO46_AGX_PRIVATE_WINSYS_CALL name=resource-list-add-resource capture_id=0 return_hook=0 x0=0x00000001006829b0 x1=0x000000071ee504c0 x2=0x0000000000000001 x3=0x0000000000000103 x4=0x000000071ee4d480 x5=0x0000000000000001
AO46_AGX_PRIVATE_WINSYS_SLOT phase=before storage=0x0000000100682920 index=0x000000000000001a count=44 slots=0x000000071ec84900 records=0x00000001006865a0 slot_descriptor=0x000000071f1bc700 record=0x0000000100686c20 slot_descriptor_bytes=812cd2ef01000001000000000000000008c71b1f07000000000000000000000018c71b1f070000000000000000000000082cd2ef010000003006670001000000b08544920c000000680000000000000000366e010000000000000000000000000000000000000000 record_bytes=00000000000000000000000000000000000000000000000000000000000000000000000000000000000000000000000000000000000000000000000000000000
AO46_AGX_PRIVATE_WINSYS_CALL name=alloc-resource-at-index capture_id=66 return_hook=1 x0=0x0000000100682920 x1=0x000000000000001a x2=0x0000000000000001 x3=0x0000000000000000 x4=0x000000071ee4d480 x5=0x0000000000000001
AO46_AGX_PRIVATE_WINSYS_CALL name=resource-pool-create-pooled-resource capture_id=67 return_hook=1 x0=0x000000071f1bc700 x1=0x000000016fdfe0ff x2=0x0000000000000001 x3=0x0000000000000000 x4=0x000000071ee4d480 x5=0x0000000000000001
AO46_AGX_PRIVATE_WINSYS_RESOURCE_CREATE_RECORD address=0x0000000c924485b0 bytes=0000000000000000008001000100000001010001304400000000000000000000000000000000000000000000000000000000000000000000000000000000000000000000000000000080000000000000000000000000000000000008000000000000000000000000
AO46_AGX_PRIVATE_WINSYS_CALL name=resource-create capture_id=68 return_hook=1 x0=0x000000071ec70110 x1=0x0000000c924485b0 x2=0x0000000000000068 x3=0x0000000000000001 x4=0x0000000000000000 x5=0x0000000c924485b0
Selector 9, 2F03, 2F03
AGX_CALL selector=9 scalar_in=0 struct_in=104 scalar_out_capacity=0 struct_out_capacity=88
2F03: call 9 (out 0x16fdfe000, 88), struct:
000000  00 00 00 00 00 00 00 00 00 80 01 00 01 00 00 00  | .........€......
000010  01 01 00 01 30 44 00 00 00 00 00 00 00 00 00 00  | ....0D..........
000020  00 00 00 00 00 00 00 00 00 00 00 00 00 00 00 00  | ................
*
000040  00 00 00 00 00 00 00 00 00 80 00 00 00 00 00 00  | .........€......
000050  00 00 00 00 00 00 00 00 00 00 00 08 00 00 00 00  | ................
000060  00 00 00 00 00 00 00 00 
AGX_RESULT selector=9 status=0 scalar_out=0 struct_out=88
MODERN_ALLOCATE_MEM handle=27 gpu=100000c0000 cpu=104ed4000 size=8000 attributes=0 storage=0x4430 write_combined=0 private=0 reused=0
MODERN_ALLOCATE_REQUEST size_units_candidate=0
MODERN_ALLOCATE_REQUEST bytes=0000000000000000008001000100000001010001304400000000000000000000000000000000000000000000000000000000000000000000000000000000000000000000000000000080000000000000000000000000000000000008000000000000000000000000
AO46_AGX_PRIVATE_WINSYS_RETURN capture_id=68 name=resource-create storage=0x000000071ec70110 x0=0x000000071ec05370 x1=0x000000016fdfdff8
AO46_AGX_PRIVATE_WINSYS_CALL name=resource-gpu-address capture_id=69 return_hook=1 x0=0x000000071ec05370 x1=0x000000071ec05370 x2=0x0000000000000000 x3=0x000000071ec053e8 x4=0x00000001000abc3f x5=0x000000016fdfda90
AO46_AGX_PRIVATE_WINSYS_RETURN capture_id=69 name=resource-gpu-address storage=0x000000071ec05370 x0=0x00000100000c0000 x1=0x000000071ec05370
AO46_AGX_PRIVATE_WINSYS_RETURN capture_id=67 name=resource-pool-create-pooled-resource storage=0x000000071f1bc700 x0=0x000000071ee50600 x1=0x0000000000000103
AO46_AGX_PRIVATE_WINSYS_RETURN capture_id=66 name=alloc-resource-at-index storage=0x0000000100682920 x0=0x0000000000000000 x1=0x0000000000000103
AO46_AGX_PRIVATE_WINSYS_SLOT phase=after storage=0x0000000100682920 index=0x000000000000001a count=44 records=0x00000001006865a0 record=0x0000000100686c20 record_resource=0x000000071ee50600 record_bytes=00000c00000100000040ed040100000000c0ed04010000000040ed04010000000006e51e07000000000000000000000000800000000000001b00000000000000
AO46_AGX_PRIVATE_WINSYS_CALL name=resource-list-add-resource capture_id=0 return_hook=0 x0=0x00000001006829b0 x1=0x000000071ee50640 x2=0x0000000000000001 x3=0x0000000000000103 x4=0x000000071ee4de80 x5=0x0000000000000001
AO46_AGX_PRIVATE_WINSYS_SLOT phase=before storage=0x0000000100682920 index=0x000000000000001b count=44 slots=0x000000071ec84900 records=0x00000001006865a0 slot_descriptor=0x000000071f1bc770 record=0x0000000100686c60 slot_descriptor_bytes=812cd2ef01000001000000000000000078c71b1f07000000000000000000000088c71b1f070000000000000000000000082cd2ef010000003006670001000000208644920c000000680000000000000000366e010000000000000000000000000000000000000000 record_bytes=00000000000000000000000000000000000000000000000000000000000000000000000000000000000000000000000000000000000000000000000000000000
AO46_AGX_PRIVATE_WINSYS_CALL name=alloc-resource-at-index capture_id=70 return_hook=1 x0=0x0000000100682920 x1=0x000000000000001b x2=0x0000000000000001 x3=0x0000000000000000 x4=0x000000071ee4de80 x5=0x0000000000000001
AO46_AGX_PRIVATE_WINSYS_CALL name=resource-pool-create-pooled-resource capture_id=71 return_hook=1 x0=0x000000071f1bc770 x1=0x000000016fdfe0ff x2=0x0000000000000001 x3=0x0000000000000000 x4=0x000000071ee4de80 x5=0x0000000000000001
AO46_AGX_PRIVATE_WINSYS_RESOURCE_CREATE_RECORD address=0x0000000c92448620 bytes=0000000000000000008001000100000001010001304400000000000000000000000000000000000000000000000000000000000000000000000000000000000000000000000000000080000000000000000000000000000000000008000000000000000000000000
AO46_AGX_PRIVATE_WINSYS_CALL name=resource-create capture_id=72 return_hook=1 x0=0x000000071ec70110 x1=0x0000000c92448620 x2=0x0000000000000068 x3=0x0000000000000001 x4=0x0000000000000000 x5=0x0000000c92448620
Selector 9, 2F03, 2F03
AGX_CALL selector=9 scalar_in=0 struct_in=104 scalar_out_capacity=0 struct_out_capacity=88
2F03: call 9 (out 0x16fdfe000, 88), struct:
000000  00 00 00 00 00 00 00 00 00 80 01 00 01 00 00 00  | .........€......
000010  01 01 00 01 30 44 00 00 00 00 00 00 00 00 00 00  | ....0D..........
000020  00 00 00 00 00 00 00 00 00 00 00 00 00 00 00 00  | ................
*
000040  00 00 00 00 00 00 00 00 00 80 00 00 00 00 00 00  | .........€......
000050  00 00 00 00 00 00 00 00 00 00 00 08 00 00 00 00  | ................
000060  00 00 00 00 00 00 00 00 
AGX_RESULT selector=9 status=0 scalar_out=0 struct_out=88
MODERN_ALLOCATE_MEM handle=28 gpu=100000d0000 cpu=104edc000 size=8000 attributes=0 storage=0x4430 write_combined=0 private=0 reused=0
MODERN_ALLOCATE_REQUEST size_units_candidate=0
MODERN_ALLOCATE_REQUEST bytes=0000000000000000008001000100000001010001304400000000000000000000000000000000000000000000000000000000000000000000000000000000000000000000000000000080000000000000000000000000000000000008000000000000000000000000
AO46_AGX_PRIVATE_WINSYS_RETURN capture_id=72 name=resource-create storage=0x000000071ec70110 x0=0x000000071ec05410 x1=0x000000016fdfdff8
AO46_AGX_PRIVATE_WINSYS_CALL name=resource-gpu-address capture_id=73 return_hook=1 x0=0x000000071ec05410 x1=0x000000071ec05410 x2=0x0000000000000000 x3=0x000000071ec05488 x4=0x00000001000abc3f x5=0x000000016fdfda90
AO46_AGX_PRIVATE_WINSYS_RETURN capture_id=73 name=resource-gpu-address storage=0x000000071ec05410 x0=0x00000100000d0000 x1=0x000000071ec05410
AO46_AGX_PRIVATE_WINSYS_RETURN capture_id=71 name=resource-pool-create-pooled-resource storage=0x000000071f1bc770 x0=0x000000071ee50780 x1=0x0000000000000103
AO46_AGX_PRIVATE_WINSYS_RETURN capture_id=70 name=alloc-resource-at-index storage=0x0000000100682920 x0=0x0000000000000000 x1=0x0000000000000103
AO46_AGX_PRIVATE_WINSYS_SLOT phase=after storage=0x0000000100682920 index=0x000000000000001b count=44 records=0x00000001006865a0 record=0x0000000100686c60 record_resource=0x000000071ee50780 record_bytes=00000d000001000000c0ed04010000000040ee040100000000c0ed04010000008007e51e07000000000000000000000000800000000000001c00000000000000
AO46_AGX_PRIVATE_WINSYS_CALL name=resource-list-add-resource capture_id=0 return_hook=0 x0=0x00000001006829b0 x1=0x000000071ee507c0 x2=0x0000000000000001 x3=0x0000000000000103 x4=0x00000001000abc3f x5=0x000000016fdfda90
AO46_AGX_PRIVATE_WINSYS_CALL name=resource-list-add-resource capture_id=0 return_hook=0 x0=0x00000001006829b0 x1=0x000000071ec9c040 x2=0x0000000000000080 x3=0x0000000000000000 x4=0x00000001000abc3f x5=0x000000016fdfda90
AO46_AGX_PRIVATE_WINSYS_SLOT phase=before storage=0x0000000100682920 index=0x000000000000000a count=44 slots=0x000000071ec84900 records=0x00000001006865a0 slot_descriptor=0x000000071f1bc000 record=0x0000000100686820 slot_descriptor_bytes=812cd2ef01000001000000000000000008c01b1f07000000000000000000000018c01b1f070000000000000000000000082cd2ef01000000300667000100000050de670001000000680000000000000000366e010000000000000000000000000000000000000000 record_bytes=00000000000000000000000000000000000000000000000000000000000000000000000000000000000000000000000000000000000000000000000000000000
AO46_AGX_PRIVATE_WINSYS_CALL name=alloc-resource-at-index capture_id=74 return_hook=1 x0=0x0000000100682920 x1=0x000000000000000a x2=0x0000000000000000 x3=0x0000000104eb039c x4=0x0000000104eb01c0 x5=0x000000016fdfda90
AO46_AGX_PRIVATE_WINSYS_CALL name=resource-pool-create-pooled-resource capture_id=75 return_hook=1 x0=0x000000071f1bc000 x1=0x000000016fdfe0df x2=0x0000000000000000 x3=0x0000000104eb039c x4=0x0000000104eb01c0 x5=0x000000016fdfda90
AO46_AGX_PRIVATE_WINSYS_RESOURCE_CREATE_RECORD address=0x000000010067de50 bytes=0000000000000000809b0100010000000101000130440000000000000000000000000000000000000000000000000000000000000000000000000000000000000000000000000000809b000000000000000000000000000000000018000000000000000000000000
AO46_AGX_PRIVATE_WINSYS_CALL name=resource-create capture_id=76 return_hook=1 x0=0x000000071ec70110 x1=0x000000010067de50 x2=0x0000000000000068 x3=0x0000000000000001 x4=0x0000000000000000 x5=0x000000010067de50
Selector 9, 2F03, 2F03
AGX_CALL selector=9 scalar_in=0 struct_in=104 scalar_out_capacity=0 struct_out_capacity=88
2F03: call 9 (out 0x16fdfdfe0, 88), struct:
000000  00 00 00 00 00 00 00 00 80 9B 01 00 01 00 00 00  | ........€.......
000010  01 01 00 01 30 44 00 00 00 00 00 00 00 00 00 00  | ....0D..........
000020  00 00 00 00 00 00 00 00 00 00 00 00 00 00 00 00  | ................
*
000040  00 00 00 00 00 00 00 00 80 9B 00 00 00 00 00 00  | ........€.......
000050  00 00 00 00 00 00 00 00 00 00 00 18 00 00 00 00  | ................
000060  00 00 00 00 00 00 00 00 
AGX_RESULT selector=9 status=0 scalar_out=0 struct_out=88
MODERN_ALLOCATE_MEM handle=29 gpu=100000e0000 cpu=104ee4000 size=c000 attributes=0 storage=0x4430 write_combined=0 private=0 reused=0
MODERN_ALLOCATE_REQUEST size_units_candidate=0
MODERN_ALLOCATE_REQUEST bytes=0000000000000000809b0100010000000101000130440000000000000000000000000000000000000000000000000000000000000000000000000000000000000000000000000000809b000000000000000000000000000000000018000000000000000000000000
AO46_AGX_PRIVATE_WINSYS_RETURN capture_id=76 name=resource-create storage=0x000000071ec70110 x0=0x000000071ec054b0 x1=0x000000016fdfdfd8
AO46_AGX_PRIVATE_WINSYS_CALL name=resource-gpu-address capture_id=77 return_hook=1 x0=0x000000071ec054b0 x1=0x000000071ec054b0 x2=0x0000000000000000 x3=0x000000071ec05528 x4=0x00000001000abc3f x5=0x000000016fdfda70
AO46_AGX_PRIVATE_WINSYS_RETURN capture_id=77 name=resource-gpu-address storage=0x000000071ec054b0 x0=0x00000100000e0000 x1=0x000000071ec054b0
AO46_AGX_PRIVATE_WINSYS_RETURN capture_id=75 name=resource-pool-create-pooled-resource storage=0x000000071f1bc000 x0=0x000000071ee50900 x1=0x0000000000000103
AO46_AGX_PRIVATE_WINSYS_RETURN capture_id=74 name=alloc-resource-at-index storage=0x0000000100682920 x0=0x0000000000000000 x1=0x0000000000000103
AO46_AGX_PRIVATE_WINSYS_SLOT phase=after storage=0x0000000100682920 index=0x000000000000000a count=44 records=0x00000001006865a0 record=0x0000000100686820 record_resource=0x000000071ee50900 record_bytes=00000e00000100000040ee04010000000000ef04010000000040ee04010000000009e51e07000000000000000000000000c00000000000001d00000000000000
AO46_AGX_PRIVATE_WINSYS_CALL name=resource-list-add-resource capture_id=0 return_hook=0 x0=0x00000001006829b0 x1=0x000000071ee50940 x2=0x0000000000000001 x3=0x0000000000000103 x4=0x000000071ee4e880 x5=0x0000000000000001
AO46_AGX_PRIVATE_WINSYS_CALL name=resource-list-add-resource capture_id=0 return_hook=0 x0=0x00000001006829b0 x1=0x000000071ec9c2c0 x2=0x0000000000000080 x3=0x0000000000000000 x4=0x000000071ee4e880 x5=0x0000000000000001
AO46_AGX_PRIVATE_WINSYS_CALL name=resource-list-add-resource capture_id=0 return_hook=0 x0=0x00000001006829b0 x1=0x000000071ede0c80 x2=0x0000000000000080 x3=0x0000000000000000 x4=0x000000071ee4e880 x5=0x0000000000000001
AO46_AGX_PRIVATE_WINSYS_CALL name=resource-list-add-resource capture_id=0 return_hook=0 x0=0x00000001006829b0 x1=0x000000071ede03c0 x2=0x0000000000000080 x3=0x0000000000000103 x4=0x0000000000000000 x5=0x0000000000000001
AO46_AGX_PRIVATE_WINSYS_CALL name=resource-list-add-resource capture_id=0 return_hook=0 x0=0x00000001006829b0 x1=0x000000071ede0200 x2=0x0000000000000080 x3=0x0000000000000103 x4=0x0000000000000000 x5=0x0000000000000001
AO46_AGX_PRIVATE_WINSYS_CALL name=resource-list-add-resource capture_id=0 return_hook=0 x0=0x00000001006829b0 x1=0x000000071ec9c040 x2=0x0000000000000080 x3=0x000000016fdfe28c x4=0x0000000000000000 x5=0x0000000000000001
AO46_AGX_PRIVATE_WINSYS_CALL name=resource-list-add-resource capture_id=0 return_hook=0 x0=0x00000001006829b0 x1=0x000000071ec9c180 x2=0x0000000000000080 x3=0x000000016fdfe28c x4=0x0000000000000000 x5=0x0000000000000001
AO46_AGX_PRIVATE_WINSYS_CALL name=resource-list-add-resource capture_id=0 return_hook=0 x0=0x00000001006829b0 x1=0x000000071ede1000 x2=0x0000000000000001 x3=0x0000000000000008 x4=0x0000000000000000 x5=0x0000000000001120
AO46_AGX_PRIVATE_WINSYS_CALL name=resource-list-add-resource capture_id=0 return_hook=0 x0=0x00000001006829b0 x1=0x000000071ede11c0 x2=0x0000000000000003 x3=0x00000001001d1f00 x4=0x000000071ec94690 x5=0x0000000000000000
AO46_AGX_PRIVATE_WINSYS_CALL name=resource-list-add-resource capture_id=0 return_hook=0 x0=0x00000001006829b0 x1=0x000000071ee50040 x2=0x0000000000000001 x3=0x0000000000000000 x4=0x000000071ec94690 x5=0x0000000000000000
AO46_AGX_PRIVATE_WINSYS_CALL name=end-segment capture_id=0 return_hook=0 x0=0x0000000100682920 x1=0x0000000000000103 x2=0x0000000000000103 x3=0x0000000000000103 x4=0x000000016fdfe028 x5=0x000000016fdfe024
AO46_AGX_PRIVATE_WINSYS_CALL name=command-buffer-fill capture_id=0 return_hook=0 x0=0x0000000100683aa0 x1=0x00000001fd6d92a8 x2=0x000000016fe86190 x3=0x000000010067e680 x4=0x000000016fe86200 x5=0x0000000000000001
AO46_AGX_PRIVATE_WINSYS_CALL name=queue-submit capture_id=0 return_hook=0 x0=0x000000071ec68100 x1=0x0000000000000000 x2=0x0000000000000001 x3=0x000000016fe86190 x4=0x0000000000000040 x5=0x000000016fe86214
MODERN_TRAP4_TRANSPORT queue=1 index=0 descriptor_bytes=64 carrier_offset=132 carrier_prefix=256 valid=1
MODERN_SUBMIT queue=1 header=2/1 completion0=71ec195c0 completion1=71ec195f0
MODERN_RESOURCE_REFERENCE source_handle=23 source_offset=0x50 target_handle=13 gpu_delta=0
MODERN_RESOURCE_REFERENCE source_handle=23 source_offset=0x58 target_handle=12 gpu_delta=0
MODERN_RESOURCE_REFERENCE source_handle=29 source_offset=0x1ba0 target_handle=21 gpu_delta=0
MODERN_RESOURCE_REFERENCE source_handle=29 source_offset=0x1ba8 target_handle=22 gpu_delta=0
MODERN_RESOURCE_SCAN mapped=10 changed=10 references=4 bytes_per_resource=65536
MODERN_SUBMIT_AUX pointer=0x16fe86214 descriptor_offset=132 readable_prefix=256
MODERN_SUBMIT_CARRIER queue=1 offset=132 prefix=256 fingerprint=cc711ec37c5bdccf
000000  00 00 00 00 F1 00 99 F6 27 9B B2 2B 00 00 00 00  | ........'..+....
000010  00 00 00 00 00 00 00 00 00 00 00 00 20 00 00 00  | ............ ...
000020  00 00 00 00 70 00 00 00 00 00 00 00 30 00 00 00  | ....p.......0...
000030  00 00 00 00 00 63 E8 6F 01 00 00 00 E1 FF FF FF  | .....c.o........
000040  FF FF FF FF 20 00 00 00 00 00 00 00 00 00 00 00  | .... ...........
000050  00 00 00 00 80 E6 67 00 01 00 00 00 00 63 E8 6F  | ....€.g......c.o
000060  01 00 00 00 01 00 00 00 00 00 00 00 C0 62 E8 6F  | .............b.o
000070  01 00 00 00 E8 49 A2 A8 01 00 00 00 01 00 00 00  | .....I..........
000080  00 00 00 00 00 00 00 00 00 00 00 00 A8 0C 24 ED  | ..............$.
000090  01 00 00 00 01 00 00 00 00 00 00 00 80 E6 67 00  | ............€.g.
0000A0  01 00 00 00 28 00 00 00 00 00 00 00 60 67 E8 6F  | ....(.......`g.o
0000B0  01 00 00 00 18 27 EF 8F 01 00 00 00 00 00 00 00  | .....'..........
0000C0  00 00 00 00 80 E6 67 00 01 00 00 00 01 00 00 00  | ....€.g.........
0000D0  00 00 00 00 01 00 00 00 00 00 00 00 30 00 00 00  | ............0...
0000E0  00 00 00 00 00 00 00 00 00 00 00 00 A0 3A 68 00  | .............:h.
0000F0  01 00 00 00 00 00 00 00 00 00 00 00 00 00 00 00  | ................

MODERN_SUBMIT_AUX_DIFF queue=1 baseline=256
MODERN_SUBMIT_AUX_EXTENDED bytes=4096
MODERN_SUBMIT_CARRIER_EXTENDED queue=1 prefix=4096 opaque_slot=0x1ff800000
AO46_AGX_PRIVATE_WINSYS_CALL name=trap4 capture_id=0 return_hook=0 x0=0x0000000000002f03 x1=0x0000000000000000 x2=0x0000000000000001 x3=0x0000000000000040 x4=0x000000016fe86190 x5=0x000000016fe86214
Trap4 connect=2F03, index=0, p1=1, p2=40, p3=16fe86190, p4=16fe86214, result=0
Dequeueing (dataQueue=0x104e58000, data=0x16ff12510, buffer 40)
Return "(os/kern) successful", got 40 bytes
MODERN_COMPLETION queue=1 token=71ec195c0 bytes=40
C0 95 C1 1E 07 00 00 00 AB CC D1 9C 38 58 02 00 65 11 00 9D 38 58 02 00 00 00 00 00 00 00 00 00 00 00 00 00 00 00 00 00 
Dequeueing (dataQueue=0x104e58000, data=0x16ff12510, buffer 40)
Return "(iokit/common) data underrun", got 40 bytes
Dequeueing (dataQueue=0x104e58000, data=0x16ff12510, buffer 40)
Return "(os/kern) successful", got 40 bytes
MODERN_COMPLETION queue=1 token=71ec195f0 bytes=40
F0 95 C1 1E 07 00 00 00 FA 8A 00 9D 38 58 02 00 5D 3D 01 9D 38 58 02 00 00 00 00 00 00 00 00 00 00 00 00 00 00 00 00 00 
Dequeueing (dataQueue=0x104e58000, data=0x16ff12510, buffer 40)
Return "(iokit/common) data underrun", got 40 bytes
AO46_AGX_COMPUTE_RECORD complete elements=1024 bytes=4096
AO46_AGX_PRIVATE_WINSYS_CALL name=resource-release capture_id=0 return_hook=0 x0=0x000000071ec05050 x1=0x00000001fd95aea8 x2=0x000000071ede1180 x3=0x0000000000000001 x4=0x000000071ec94150 x5=0x0000000000000002
Trap1 connect=2F03, index=1, p1=16, result=0
AO46_AGX_PRIVATE_WINSYS_CALL name=resource-release capture_id=0 return_hook=0 x0=0x000000071ec04fb0 x1=0x00000001fd95aea8 x2=0x000000071ede0fc0 x3=0x0000000000000001 x4=0x000000071ec94150 x5=0x0000000000000002
Trap1 connect=2F03, index=1, p1=15, result=0
Selector 8, 2F03, 2F03
AGX_CALL selector=8 scalar_in=1 struct_in=0 scalar_out_capacity=0 struct_out_capacity=0
2F03: call 8 (out 0x0, 0) 1
MODERN_NOTIFICATION_PORT_STATE phase=before selector=8 connect=2F03 id=1 port=3A0B right=1 refs=1 result=0
MODERN_NOTIFICATION_PORT_STATE phase=before selector=8 connect=2F03 id=1 port=3A0B right=0 refs=0 result=0
MODERN_NOTIFICATION_PORT_STATE phase=before selector=8 connect=2F03 id=1 port=3A0B right=2 refs=0 result=0
Selector 17, 2F03, 2F03
AGX_CALL selector=17 scalar_in=1 struct_in=0 scalar_out_capacity=0 struct_out_capacity=0
2F03: call 11 (out 0x0, 0) 1
MODERN_NOTIFICATION_PORT_STATE phase=before selector=17 connect=2F03 id=1 port=3A0B right=1 refs=0 result=0xf
MODERN_NOTIFICATION_PORT_STATE phase=before selector=17 connect=2F03 id=1 port=3A0B right=0 refs=0 result=0xf
MODERN_NOTIFICATION_PORT_STATE phase=before selector=17 connect=2F03 id=1 port=3A0B right=2 refs=0 result=0xf
MODERN_NOTIFICATION_PORT_STATE phase=after selector=17 connect=2F03 id=1 port=3A0B right=1 refs=0 result=0xf
MODERN_NOTIFICATION_PORT_STATE phase=after selector=17 connect=2F03 id=1 port=3A0B right=0 refs=0 result=0xf
MODERN_NOTIFICATION_PORT_STATE phase=after selector=17 connect=2F03 id=1 port=3A0B right=2 refs=0 result=0xf
AGX_RESULT selector=17 status=0 scalar_out=0 struct_out=0
MODERN_QUEUE_LIFECYCLE selector=17 id=1
MODERN_NOTIFICATION_PORT_STATE phase=after selector=8 connect=2F03 id=1 port=3A0B right=1 refs=0 result=0xf
MODERN_NOTIFICATION_PORT_STATE phase=after selector=8 connect=2F03 id=1 port=3A0B right=0 refs=0 result=0xf
MODERN_NOTIFICATION_PORT_STATE phase=after selector=8 connect=2F03 id=1 port=3A0B right=2 refs=0 result=0xf
AGX_RESULT selector=8 status=0 scalar_out=0 struct_out=0
MODERN_QUEUE_LIFECYCLE selector=8 id=1
Selector 15, 2F03, 2F03
AGX_CALL selector=15 scalar_in=1 struct_in=0 scalar_out_capacity=0 struct_out_capacity=0
2F03: call F (out 0x0, 0) 2
AGX_RESULT selector=15 status=0 scalar_out=0 struct_out=0
MODERN_OPAQUE_LIFECYCLE selector=15 value=2
Selector 15, 2F03, 2F03
AGX_CALL selector=15 scalar_in=1 struct_in=0 scalar_out_capacity=0 struct_out_capacity=0
2F03: call F (out 0x0, 0) 1
AGX_RESULT selector=15 status=0 scalar_out=0 struct_out=0
MODERN_OPAQUE_LIFECYCLE selector=15 value=1
AO46_AGX_PRIVATE_WINSYS_CALL name=resource-release capture_id=0 return_hook=0 x0=0x000000071ec050f0 x1=0x00000001fd95aea8 x2=0x000000071ee50000 x3=0x0000000000000001 x4=0x000000016fdfe130 x5=0x000000016fdfe18f
Trap1 connect=2F03, index=1, p1=17, result=0
AO46_AGX_PRIVATE_WINSYS_CALL name=resource-release capture_id=0 return_hook=0 x0=0x000000071ec05190 x1=0x00000001fd95aea8 x2=0x000000071ee50180 x3=0x0000000000000001 x4=0x000000071ee50080 x5=0x000000016fdfe040
Trap1 connect=2F03, index=1, p1=18, result=0
AO46_AGX_PRIVATE_WINSYS_CALL name=resource-release capture_id=0 return_hook=0 x0=0x000000071ec054b0 x1=0x00000001fd95aea8 x2=0x000000071ee50900 x3=0x0000000000000001 x4=0x000000071ee50200 x5=0x000000016fdfe040
Trap1 connect=2F03, index=1, p1=1d, result=0
AO46_AGX_PRIVATE_WINSYS_CALL name=resource-release capture_id=0 return_hook=0 x0=0x000000071ec05230 x1=0x00000001fd95aea8 x2=0x000000071ee50300 x3=0x0000000000000001 x4=0x000000071ee50980 x5=0x000000016fdfe040
Trap1 connect=2F03, index=1, p1=19, result=0
AO46_AGX_PRIVATE_WINSYS_CALL name=resource-release capture_id=0 return_hook=0 x0=0x000000071ec052d0 x1=0x00000001fd95aea8 x2=0x000000071ee50480 x3=0x0000000000000001 x4=0x000000071ee50380 x5=0x000000016fdfe040
Trap1 connect=2F03, index=1, p1=1a, result=0
AO46_AGX_PRIVATE_WINSYS_CALL name=resource-release capture_id=0 return_hook=0 x0=0x000000071ec05370 x1=0x00000001fd95aea8 x2=0x000000071ee50600 x3=0x0000000000000001 x4=0x000000071ee50500 x5=0x000000016fdfe040
Trap1 connect=2F03, index=1, p1=1b, result=0
AO46_AGX_PRIVATE_WINSYS_CALL name=resource-release capture_id=0 return_hook=0 x0=0x000000071ec05410 x1=0x00000001fd95aea8 x2=0x000000071ee50780 x3=0x0000000000000001 x4=0x000000071ee50680 x5=0x000000016fdfe040
Trap1 connect=2F03, index=1, p1=1c, result=0
Process 11123 launched: '/Users/gitanshchakravarty/MGL/Khronos_AppleICDs/OpenGL_4.6(Core Profile)/mesa/build-ao46-asahi-arm64/src/asahi/lib/asahi_macos_compute_resource_record_trace' (arm64)
Process 11123 exited with status = 0 (0x00000000)
