(lldb) target create "/Users/gitanshchakravarty/MGL/Khronos_AppleICDs/OpenGL_4.6(Core Profile)/Apple_ICD/artifacts/phase2-session/AppleAGXResourceConstructorControl"
Current executable set to '/Users/gitanshchakravarty/MGL/Khronos_AppleICDs/OpenGL_4.6(Core Profile)/Apple_ICD/artifacts/phase2-session/AppleAGXResourceConstructorControl' (arm64).
(lldb) breakpoint set --name ao46_resource_constructor_capture_ready
Breakpoint 1: where = AppleAGXResourceConstructorControl`ao46_resource_constructor_capture_ready, address = 0x0000000100001348
(lldb) run
Process 4638 launched: '/Users/gitanshchakravarty/MGL/Khronos_AppleICDs/OpenGL_4.6(Core Profile)/Apple_ICD/artifacts/phase2-session/AppleAGXResourceConstructorControl' (arm64)
Process 4638 stopped
* thread #1, queue = 'com.apple.main-thread', stop reason = breakpoint 1.1
    frame #0: 0x0000000100001348 AppleAGXResourceConstructorControl`ao46_resource_constructor_capture_ready
AppleAGXResourceConstructorControl`ao46_resource_constructor_capture_ready:
->  0x100001348 <+0>: ret    

AppleAGXResourceConstructorControl`main:
    0x10000134c <+0>: stp    x28, x27, [sp, #-0x20]!
    0x100001350 <+4>: stp    x29, x30, [sp, #0x10]
    0x100001354 <+8>: add    x29, sp, #0x10
Target 0: (AppleAGXResourceConstructorControl) stopped.
(lldb) image lookup --name IOGPUResourceCreate
1 match found in /System/Library/PrivateFrameworks/IOGPU.framework/Versions/A/IOGPU:
        Address: IOGPU[0x00000001a56c8780] (IOGPU.__TEXT.__text + 116112)
        Summary: IOGPU`IOGPUResourceCreate
(lldb) breakpoint set --name IOGPUResourceCreate
Breakpoint 2: where = IOGPU`IOGPUResourceCreate, address = 0x00000001a8a3c780
(lldb) breakpoint set --name IOGPUResourceRelease
Breakpoint 3: where = IOGPU`IOGPUResourceRelease, address = 0x00000001a8a3c9b0
(lldb) breakpoint set --name IOGPUResourceGetGPUVirtualAddress
Breakpoint 4: where = IOGPU`IOGPUResourceGetGPUVirtualAddress, address = 0x00000001a8a3ca30
(lldb) breakpoint set --name IOGPUResourceGetGPUVirtualAddressLength
Breakpoint 5: where = IOGPU`IOGPUResourceGetGPUVirtualAddressLength, address = 0x00000001a8a3ca38
(lldb) breakpoint set --name IOConnectCallMethod
Breakpoint 6: where = IOKit`IOConnectCallMethod, address = 0x0000000187bc0cd4
(lldb) command script import '/Users/gitanshchakravarty/MGL/Khronos_AppleICDs/OpenGL_4.6(Core Profile)/Apple_ICD/scripts/iogpu_resource_constructor_capture.py'
(lldb) breakpoint command add -F iogpu_resource_constructor_capture.capture_resource_constructor 2
(lldb) breakpoint command add -F iogpu_resource_constructor_capture.capture_resource_release 3
(lldb) breakpoint command add -F iogpu_resource_constructor_capture.capture_resource_gpu_virtual_address 4
(lldb) breakpoint command add -F iogpu_resource_constructor_capture.capture_resource_gpu_virtual_address_length 5
(lldb) breakpoint command add -F iogpu_resource_constructor_capture.capture_resource_selector9 6
(lldb) continue
AO46_RESOURCE_CONSTRUCTOR_CONTROL device_ref=0x00000001005fa550
AO46_RESOURCE_CONSTRUCTOR_CONTROL phase=shared-4k-a bytes=4096 options=0
AO46_IOGPU_RESOURCE_FRAME capture_id=1 phase=unknown device=0x00000001005fa550 args=0x000000016fdfe108 bytes=104 x3=0x0000000000000001 x4=0x0000000000000000 x5=0x000000016fdfe108 x6=0x0000000000000068 x7=0x0000000000020000 return_hook=1 data=000000000000000001000100010000000101000170040000000000000000000000000000000000000000000000000000010000000000000000000000000000000000000000000000000002000000000000000000000000000000000000000000c80a0b0e01000000
AO46_IOGPU_RESOURCE_SELECTOR9 phase=unknown args=0x000000016fdfe108 bytes=104 data=000000000000000001000100010000000101000170040000000000000000000000000000000000000000000000000000010000000000000000000000000000000000000000000000000002000000000000000000000000000000000000000000c80a0b0e01000000
AO46_IOGPU_RESOURCE_CREATE_RETURN capture_id=1 phase=unknown device=0x00000001005fa550 args=0x000000016fdfe108 resource=0x0000000947014290
AO46_IOGPU_RESOURCE_OBJECT capture_id=1 resource=0x0000000947014290 data_bytes=0x0000000100554000 data_size=0x0000000000020000 resident_data_size=0x0000000000020000 gpu_virtual_address=0x0000010000018000 gpu_virtual_address_length=0x0000000000020000
AO46_IOGPU_RESOURCE_ACCESSOR capture_id=2 function=gpu-virtual-address phase=unknown resource=0x0000000947014290 return_hook=1
AO46_IOGPU_RESOURCE_ACCESSOR_RETURN capture_id=2 function=gpu-virtual-address phase=unknown resource=0x0000000947014290 value=0x0000010000018000
AO46_IOGPU_RESOURCE_FRAME capture_id=3 phase=unknown device=0x00000001005fa550 args=0x000000016fdfe3d8 bytes=104 x3=0xfffff0007fc00000 x4=0x0000000946c09b40 x5=0x0000000000000001 x6=0xffffffffbfc007ff x7=0xfffff0003ffff800 return_hook=1 data=8000000000000000010001000100000001010001300c0000000000000000000000000000000000000000000000000000000000000000000000405500010000000040550001000000000002000000000003000000000000000000000000000000c80a0b0e01000000
AO46_IOGPU_RESOURCE_SELECTOR9 phase=unknown args=0x000000016fdfe3d8 bytes=104 data=8000000000000000010001000100000001010001300c0000000000000000000000000000000000000000000000000000000000000000000000405500010000000040550001000000000002000000000003000000000000000000000000000000c80a0b0e01000000
AO46_IOGPU_RESOURCE_CREATE_RETURN capture_id=3 phase=unknown device=0x00000001005fa550 args=0x000000016fdfe3d8 resource=0x0000000947014330
AO46_IOGPU_RESOURCE_OBJECT capture_id=3 resource=0x0000000947014330 data_bytes=0x0000000000000000 data_size=0x0000000000020000 resident_data_size=0x0000000000020000 gpu_virtual_address=0x0000010000018000 gpu_virtual_address_length=0x0000000000020000
AO46_IOGPU_RESOURCE_ACCESSOR capture_id=4 function=gpu-virtual-address phase=unknown resource=0x0000000947014330 return_hook=1
AO46_IOGPU_RESOURCE_ACCESSOR_RETURN capture_id=4 function=gpu-virtual-address phase=unknown resource=0x0000000947014330 value=0x0000010000018000
AO46_RESOURCE_CONSTRUCTOR_CONTROL phase=shared-4k-b bytes=4096 options=0
AO46_IOGPU_RESOURCE_FRAME capture_id=5 phase=unknown device=0x00000001005fa550 args=0x000000016fdfe3d8 bytes=104 x3=0x0000000000000001 x4=0x0000000000000000 x5=0x000000016fdfe3d8 x6=0x0000000000000068 x7=0x000000016fdfe3d8 return_hook=1 data=8000000000000000010001000100000001010001300c0000000000000000000000000000000000000000000000000000000000000000000000505500010000000040550001000000000002000000000003000000000000000000000000000000c80a0b0e01000000
AO46_IOGPU_RESOURCE_SELECTOR9 phase=unknown args=0x000000016fdfe3d8 bytes=104 data=8000000000000000010001000100000001010001300c0000000000000000000000000000000000000000000000000000000000000000000000505500010000000040550001000000000002000000000003000000000000000000000000000000c80a0b0e01000000
AO46_IOGPU_RESOURCE_CREATE_RETURN capture_id=5 phase=unknown device=0x00000001005fa550 args=0x000000016fdfe3d8 resource=0x00000009470143d0
AO46_IOGPU_RESOURCE_OBJECT capture_id=5 resource=0x00000009470143d0 data_bytes=0x0000000000000000 data_size=0x0000000000020000 resident_data_size=0x0000000000020000 gpu_virtual_address=0x0000010000019000 gpu_virtual_address_length=0x000000000001f000
AO46_IOGPU_RESOURCE_ACCESSOR capture_id=6 function=gpu-virtual-address phase=unknown resource=0x00000009470143d0 return_hook=1
AO46_IOGPU_RESOURCE_ACCESSOR_RETURN capture_id=6 function=gpu-virtual-address phase=unknown resource=0x00000009470143d0 value=0x0000010000019000
AO46_RESOURCE_CONSTRUCTOR_CONTROL phase=shared-128k bytes=131072 options=0
AO46_IOGPU_RESOURCE_FRAME capture_id=7 phase=unknown device=0x00000001005fa550 args=0x000000016fdfe3d8 bytes=104 x3=0xfffff0007fc00000 x4=0x0000000946c09bc0 x5=0x0000000000000001 x6=0xffffffffbfc007ff x7=0xfffff0003ffff800 return_hook=1 data=000000000000000001000100010000000101000170040000000000000000000000000000000000000000000000000000010000000000000000000000000000000000000000000000000002000000000000000000000000000000000000000000c80a0b0e01000000
AO46_IOGPU_RESOURCE_SELECTOR9 phase=unknown args=0x000000016fdfe3d8 bytes=104 data=000000000000000001000100010000000101000170040000000000000000000000000000000000000000000000000000010000000000000000000000000000000000000000000000000002000000000000000000000000000000000000000000c80a0b0e01000000
AO46_IOGPU_RESOURCE_CREATE_RETURN capture_id=7 phase=unknown device=0x00000001005fa550 args=0x000000016fdfe3d8 resource=0x0000000947014470
AO46_IOGPU_RESOURCE_OBJECT capture_id=7 resource=0x0000000947014470 data_bytes=0x0000000104adc000 data_size=0x0000000000020000 resident_data_size=0x0000000000020000 gpu_virtual_address=0x0000010000040000 gpu_virtual_address_length=0x0000000000020000
AO46_IOGPU_RESOURCE_ACCESSOR capture_id=8 function=gpu-virtual-address phase=unknown resource=0x0000000947014470 return_hook=1
AO46_IOGPU_RESOURCE_ACCESSOR_RETURN capture_id=8 function=gpu-virtual-address phase=unknown resource=0x0000000947014470 value=0x0000010000040000
AO46_RESOURCE_CONSTRUCTOR_CONTROL phase=private-4k bytes=4096 options=0x20
AO46_IOGPU_RESOURCE_FRAME capture_id=9 phase=unknown device=0x00000001005fa550 args=0x000000016fdfe108 bytes=104 x3=0x0000000000000001 x4=0x0000000000020020 x5=0x000000016fdfe108 x6=0x0000000000000068 x7=0x0000000000020000 return_hook=1 data=000000000000000001000100010000000101000170040000000000000000000000000000000000000000000000000000010000000000000000000000000000000000000000000000000002000000000000000000000000000000000000000000c80a0b0e01000000
AO46_IOGPU_RESOURCE_SELECTOR9 phase=unknown args=0x000000016fdfe108 bytes=104 data=000000000000000001000100010000000101000170040000000000000000000000000000000000000000000000000000010000000000000000000000000000000000000000000000000002000000000000000000000000000000000000000000c80a0b0e01000000
AO46_IOGPU_RESOURCE_CREATE_RETURN capture_id=9 phase=unknown device=0x00000001005fa550 args=0x000000016fdfe108 resource=0x0000000947014510
AO46_IOGPU_RESOURCE_OBJECT capture_id=9 resource=0x0000000947014510 data_bytes=0x0000000104afc000 data_size=0x0000000000020000 resident_data_size=0x0000000000020000 gpu_virtual_address=0x0000010000068000 gpu_virtual_address_length=0x0000000000020000
AO46_IOGPU_RESOURCE_ACCESSOR capture_id=10 function=gpu-virtual-address phase=unknown resource=0x0000000947014510 return_hook=1
AO46_IOGPU_RESOURCE_ACCESSOR_RETURN capture_id=10 function=gpu-virtual-address phase=unknown resource=0x0000000947014510 value=0x0000010000068000
AO46_IOGPU_RESOURCE_FRAME capture_id=11 phase=unknown device=0x00000001005fa550 args=0x000000016fdfe3d8 bytes=104 x3=0x0000000000000001 x4=0x0000000000020020 x5=0x000000016fdfe3d8 x6=0x0000000000000068 x7=0x000000016fdfe3d8 return_hook=1 data=8000000000000000010001000100000001010001300c0000000000000000000000000000000000000000000000000000000000000000000000c0af040100000000c0af040100000000000200000000000700000000000000000000000000000058807bef01000000
AO46_IOGPU_RESOURCE_SELECTOR9 phase=unknown args=0x000000016fdfe3d8 bytes=104 data=8000000000000000010001000100000001010001300c0000000000000000000000000000000000000000000000000000000000000000000000c0af040100000000c0af040100000000000200000000000700000000000000000000000000000058807bef01000000
AO46_IOGPU_RESOURCE_CREATE_RETURN capture_id=11 phase=unknown device=0x00000001005fa550 args=0x000000016fdfe3d8 resource=0x00000009470145b0
AO46_IOGPU_RESOURCE_OBJECT capture_id=11 resource=0x00000009470145b0 data_bytes=0x0000000000000000 data_size=0x0000000000020000 resident_data_size=0x0000000000020000 gpu_virtual_address=0x0000010000068000 gpu_virtual_address_length=0x0000000000020000
AO46_IOGPU_RESOURCE_ACCESSOR capture_id=12 function=gpu-virtual-address phase=unknown resource=0x00000009470145b0 return_hook=1
AO46_IOGPU_RESOURCE_ACCESSOR_RETURN capture_id=12 function=gpu-virtual-address phase=unknown resource=0x00000009470145b0 value=0x0000010000068000
AO46_RESOURCE_CONSTRUCTOR_CONTROL phase=writecombined-4k bytes=4096 options=0x1
AO46_IOGPU_RESOURCE_FRAME capture_id=13 phase=unknown device=0x00000001005fa550 args=0x000000016fdfe108 bytes=104 x3=0x0000000000000001 x4=0x0000000000000001 x5=0x000000016fdfe108 x6=0x0000000000000068 x7=0x0000000000020000 return_hook=1 data=00000000000400000100010001000000010100017004000000000000000000000000000000000000000000000000000001000000000000000000000000000000000000000000000000000200000000000000000000000000000000000000000000535f0001000000
AO46_IOGPU_RESOURCE_SELECTOR9 phase=unknown args=0x000000016fdfe108 bytes=104 data=00000000000400000100010001000000010100017004000000000000000000000000000000000000000000000000000001000000000000000000000000000000000000000000000000000200000000000000000000000000000000000000000000535f0001000000
AO46_IOGPU_RESOURCE_CREATE_RETURN capture_id=13 phase=unknown device=0x00000001005fa550 args=0x000000016fdfe108 resource=0x0000000947014650
AO46_IOGPU_RESOURCE_OBJECT capture_id=13 resource=0x0000000947014650 data_bytes=0x0000000104b1c000 data_size=0x0000000000020000 resident_data_size=0x0000000000020000 gpu_virtual_address=0x0000010000090000 gpu_virtual_address_length=0x0000000000020000
AO46_IOGPU_RESOURCE_ACCESSOR capture_id=14 function=gpu-virtual-address phase=unknown resource=0x0000000947014650 return_hook=1
AO46_IOGPU_RESOURCE_ACCESSOR_RETURN capture_id=14 function=gpu-virtual-address phase=unknown resource=0x0000000947014650 value=0x0000010000090000
AO46_IOGPU_RESOURCE_FRAME capture_id=15 phase=unknown device=0x00000001005fa550 args=0x000000016fdfe3d8 bytes=104 x3=0x0000000000000001 x4=0x0000000000000001 x5=0x000000016fdfe3d8 x6=0x0000000000000068 x7=0x000000016fdfe3d8 return_hook=1 data=8000000000000000010001000100000001010001300c0000000000000000000000000000000000000000000000000000000000000000000000c0b1040100000000c0b1040100000000000200000000000900000000000000000000000000000058807bef01000000
AO46_IOGPU_RESOURCE_SELECTOR9 phase=unknown args=0x000000016fdfe3d8 bytes=104 data=8000000000000000010001000100000001010001300c0000000000000000000000000000000000000000000000000000000000000000000000c0b1040100000000c0b1040100000000000200000000000900000000000000000000000000000058807bef01000000
AO46_IOGPU_RESOURCE_CREATE_RETURN capture_id=15 phase=unknown device=0x00000001005fa550 args=0x000000016fdfe3d8 resource=0x00000009470146f0
AO46_IOGPU_RESOURCE_OBJECT capture_id=15 resource=0x00000009470146f0 data_bytes=0x0000000000000000 data_size=0x0000000000020000 resident_data_size=0x0000000000020000 gpu_virtual_address=0x0000010000090000 gpu_virtual_address_length=0x0000000000020000
AO46_IOGPU_RESOURCE_ACCESSOR capture_id=16 function=gpu-virtual-address phase=unknown resource=0x00000009470146f0 return_hook=1
AO46_IOGPU_RESOURCE_ACCESSOR_RETURN capture_id=16 function=gpu-virtual-address phase=unknown resource=0x00000009470146f0 value=0x0000010000090000
AO46_RESOURCE_CONSTRUCTOR_CONTROL phase=shared-untracked-4k bytes=4096 options=0x1
AO46_IOGPU_RESOURCE_FRAME capture_id=17 phase=unknown device=0x00000001005fa550 args=0x000000016fdfe3d8 bytes=104 x3=0x0000000000000001 x4=0x0000000000000001 x5=0x000000016fdfe3d8 x6=0x0000000000000068 x7=0x000000016fdfe3d8 return_hook=1 data=8000000000000000010001000100000001010001300c0000000000000000000000000000000000000000000000000000000000000000000000d0b1040100000000c0b1040100000000000200000000000900000000000000000000000000000058807bef01000000
AO46_IOGPU_RESOURCE_SELECTOR9 phase=unknown args=0x000000016fdfe3d8 bytes=104 data=8000000000000000010001000100000001010001300c0000000000000000000000000000000000000000000000000000000000000000000000d0b1040100000000c0b1040100000000000200000000000900000000000000000000000000000058807bef01000000
AO46_IOGPU_RESOURCE_CREATE_RETURN capture_id=17 phase=unknown device=0x00000001005fa550 args=0x000000016fdfe3d8 resource=0x0000000947014790
AO46_IOGPU_RESOURCE_OBJECT capture_id=17 resource=0x0000000947014790 data_bytes=0x0000000000000000 data_size=0x0000000000020000 resident_data_size=0x0000000000020000 gpu_virtual_address=0x0000010000091000 gpu_virtual_address_length=0x000000000001f000
AO46_IOGPU_RESOURCE_ACCESSOR capture_id=18 function=gpu-virtual-address phase=unknown resource=0x0000000947014790 return_hook=1
AO46_IOGPU_RESOURCE_ACCESSOR_RETURN capture_id=18 function=gpu-virtual-address phase=unknown resource=0x0000000947014790 value=0x0000010000091000
AO46_RESOURCE_CONSTRUCTOR_CONTROL phase=shared-8k bytes=8192 options=0
AO46_IOGPU_RESOURCE_FRAME capture_id=19 phase=unknown device=0x00000001005fa550 args=0x000000016fdfe3d8 bytes=104 x3=0xfffff0007fc00000 x4=0x0000000946c5c280 x5=0x000000016fdfe3d8 x6=0x0000000000000068 x7=0x000000016fdfe3d8 return_hook=1 data=8000000000000000010001000100000001010001300c000000000000000000000000000000000000000000000000000000000000000000000060550001000000004055000100000000000200000000000300000000000000000000000000000058807bef01000000
AO46_IOGPU_RESOURCE_SELECTOR9 phase=unknown args=0x000000016fdfe3d8 bytes=104 data=8000000000000000010001000100000001010001300c000000000000000000000000000000000000000000000000000000000000000000000060550001000000004055000100000000000200000000000300000000000000000000000000000058807bef01000000
AO46_IOGPU_RESOURCE_CREATE_RETURN capture_id=19 phase=unknown device=0x00000001005fa550 args=0x000000016fdfe3d8 resource=0x0000000947014830
AO46_IOGPU_RESOURCE_OBJECT capture_id=19 resource=0x0000000947014830 data_bytes=0x0000000000000000 data_size=0x0000000000020000 resident_data_size=0x0000000000020000 gpu_virtual_address=0x000001000001a000 gpu_virtual_address_length=0x000000000001e000
AO46_IOGPU_RESOURCE_ACCESSOR capture_id=20 function=gpu-virtual-address phase=unknown resource=0x0000000947014830 return_hook=1
AO46_IOGPU_RESOURCE_ACCESSOR_RETURN capture_id=20 function=gpu-virtual-address phase=unknown resource=0x0000000947014830 value=0x000001000001a000
AO46_RESOURCE_CONSTRUCTOR_CONTROL phase=shared-16k bytes=16384 options=0
AO46_IOGPU_RESOURCE_FRAME capture_id=21 phase=unknown device=0x00000001005fa550 args=0x000000016fdfe3d8 bytes=104 x3=0x0000000000000001 x4=0x0000000000000000 x5=0x000000016fdfe3d8 x6=0x0000000000000068 x7=0x0000000000004000 return_hook=1 data=00000000000000000100010001000000010100017004000000000000000000000000000000000000000000000000000001000000000000000000000000000000000000000000000000400000000000000000000000000000000000000000000058807bef01000000
AO46_IOGPU_RESOURCE_SELECTOR9 phase=unknown args=0x000000016fdfe3d8 bytes=104 data=00000000000000000100010001000000010100017004000000000000000000000000000000000000000000000000000001000000000000000000000000000000000000000000000000400000000000000000000000000000000000000000000058807bef01000000
AO46_IOGPU_RESOURCE_CREATE_RETURN capture_id=21 phase=unknown device=0x00000001005fa550 args=0x000000016fdfe3d8 resource=0x00000009470148d0
AO46_IOGPU_RESOURCE_OBJECT capture_id=21 resource=0x00000009470148d0 data_bytes=0x00000001000d8000 data_size=0x0000000000004000 resident_data_size=0x0000000000004000 gpu_virtual_address=0x00000100000b8000 gpu_virtual_address_length=0x0000000000004000
AO46_IOGPU_RESOURCE_ACCESSOR capture_id=22 function=gpu-virtual-address phase=unknown resource=0x00000009470148d0 return_hook=1
AO46_IOGPU_RESOURCE_ACCESSOR_RETURN capture_id=22 function=gpu-virtual-address phase=unknown resource=0x00000009470148d0 value=0x00000100000b8000
AO46_RESOURCE_CONSTRUCTOR_CONTROL phase=shared-16k-b bytes=16384 options=0
AO46_IOGPU_RESOURCE_FRAME capture_id=23 phase=unknown device=0x00000001005fa550 args=0x000000016fdfe3d8 bytes=104 x3=0x0000000000000001 x4=0x0000000000000000 x5=0x000000016fdfe3d8 x6=0x0000000000000068 x7=0x0000000000004000 return_hook=1 data=00000000000000000100010001000000010100017004000000000000000000000000000000000000000000000000000001000000000000000000000000000000000000000000000000400000000000000000000000000000000000000000000058807bef01000000
AO46_IOGPU_RESOURCE_SELECTOR9 phase=unknown args=0x000000016fdfe3d8 bytes=104 data=00000000000000000100010001000000010100017004000000000000000000000000000000000000000000000000000001000000000000000000000000000000000000000000000000400000000000000000000000000000000000000000000058807bef01000000
AO46_IOGPU_RESOURCE_CREATE_RETURN capture_id=23 phase=unknown device=0x00000001005fa550 args=0x000000016fdfe3d8 resource=0x0000000947014970
AO46_IOGPU_RESOURCE_OBJECT capture_id=23 resource=0x0000000947014970 data_bytes=0x00000001000dc000 data_size=0x0000000000004000 resident_data_size=0x0000000000004000 gpu_virtual_address=0x00000100000c0000 gpu_virtual_address_length=0x0000000000004000
AO46_IOGPU_RESOURCE_ACCESSOR capture_id=24 function=gpu-virtual-address phase=unknown resource=0x0000000947014970 return_hook=1
AO46_IOGPU_RESOURCE_ACCESSOR_RETURN capture_id=24 function=gpu-virtual-address phase=unknown resource=0x0000000947014970 value=0x00000100000c0000
AO46_RESOURCE_CONSTRUCTOR_CONTROL phase=shared-16k-writecombined bytes=16384 options=0x1
AO46_IOGPU_RESOURCE_FRAME capture_id=25 phase=unknown device=0x00000001005fa550 args=0x000000016fdfe3d8 bytes=104 x3=0x0000000000000001 x4=0x0000000000000001 x5=0x000000016fdfe3d8 x6=0x0000000000000068 x7=0x0000000000004000 return_hook=1 data=00000000000400000100010001000000010100017004000000000000000000000000000000000000000000000000000001000000000000000000000000000000000000000000000000400000000000000000000000000000000000000000000058807bef01000000
AO46_IOGPU_RESOURCE_SELECTOR9 phase=unknown args=0x000000016fdfe3d8 bytes=104 data=00000000000400000100010001000000010100017004000000000000000000000000000000000000000000000000000001000000000000000000000000000000000000000000000000400000000000000000000000000000000000000000000058807bef01000000
AO46_IOGPU_RESOURCE_CREATE_RETURN capture_id=25 phase=unknown device=0x00000001005fa550 args=0x000000016fdfe3d8 resource=0x0000000947014a10
AO46_IOGPU_RESOURCE_OBJECT capture_id=25 resource=0x0000000947014a10 data_bytes=0x00000001000e0000 data_size=0x0000000000004000 resident_data_size=0x0000000000004000 gpu_virtual_address=0x00000100000c8000 gpu_virtual_address_length=0x0000000000004000
AO46_IOGPU_RESOURCE_ACCESSOR capture_id=26 function=gpu-virtual-address phase=unknown resource=0x0000000947014a10 return_hook=1
AO46_IOGPU_RESOURCE_ACCESSOR_RETURN capture_id=26 function=gpu-virtual-address phase=unknown resource=0x0000000947014a10 value=0x00000100000c8000
AO46_RESOURCE_CONSTRUCTOR_CONTROL phase=shared-32k bytes=32768 options=0
AO46_IOGPU_RESOURCE_FRAME capture_id=27 phase=unknown device=0x00000001005fa550 args=0x000000016fdfe3d8 bytes=104 x3=0x0000000000000001 x4=0x0000000000000000 x5=0x000000016fdfe3d8 x6=0x0000000000000068 x7=0x0000000000008000 return_hook=1 data=00000000000000000100010001000000010100017004000000000000000000000000000000000000000000000000000001000000000000000000000000000000000000000000000000800000000000000000000000000000000000000000000058807bef01000000
AO46_IOGPU_RESOURCE_SELECTOR9 phase=unknown args=0x000000016fdfe3d8 bytes=104 data=00000000000000000100010001000000010100017004000000000000000000000000000000000000000000000000000001000000000000000000000000000000000000000000000000800000000000000000000000000000000000000000000058807bef01000000
AO46_IOGPU_RESOURCE_CREATE_RETURN capture_id=27 phase=unknown device=0x00000001005fa550 args=0x000000016fdfe3d8 resource=0x0000000947014ab0
AO46_IOGPU_RESOURCE_OBJECT capture_id=27 resource=0x0000000947014ab0 data_bytes=0x00000001000e4000 data_size=0x0000000000008000 resident_data_size=0x0000000000008000 gpu_virtual_address=0x00000100000d0000 gpu_virtual_address_length=0x0000000000008000
AO46_IOGPU_RESOURCE_ACCESSOR capture_id=28 function=gpu-virtual-address phase=unknown resource=0x0000000947014ab0 return_hook=1
AO46_IOGPU_RESOURCE_ACCESSOR_RETURN capture_id=28 function=gpu-virtual-address phase=unknown resource=0x0000000947014ab0 value=0x00000100000d0000
AO46_RESOURCE_CONSTRUCTOR_CONTROL phase=oversized-failure bytes=14302248961 options=0
AO46_IOGPU_RESOURCE_FRAME capture_id=29 phase=unknown device=0x00000001005fa550 args=0x000000016fdfe3d8 bytes=104 x3=0x0000000000000001 x4=0x0000000000000000 x5=0x000000016fdfe3d8 x6=0x0000000000000068 x7=0x00000003547b4000 return_hook=1 data=00000000000000000100010001000000010100017004000000000000000000000000000000000000000000000000000001000000000000000000000000000000000000000000000000407b54030000000000000000000000000000000000000058807bef01000000
AO46_IOGPU_RESOURCE_SELECTOR9 phase=unknown args=0x000000016fdfe3d8 bytes=104 data=00000000000000000100010001000000010100017004000000000000000000000000000000000000000000000000000001000000000000000000000000000000000000000000000000407b54030000000000000000000000000000000000000058807bef01000000
AO46_IOGPU_RESOURCE_CREATE_RETURN capture_id=29 phase=unknown device=0x00000001005fa550 args=0x000000016fdfe3d8 resource=0x0000000000000000
AO46_IOGPU_RESOURCE_OBJECT capture_id=29 resource=0x0000000000000000 fields=null
AO46_RESOURCE_CONSTRUCTOR_CONTROL allocation_failure phase=oversized-failure limit=14302248960 requested=14302248961 rejected=1
AO46_RESOURCE_CONSTRUCTOR_CONTROL phase=shared-16k-after-failure bytes=16384 options=0
AO46_IOGPU_RESOURCE_FRAME capture_id=30 phase=unknown device=0x00000001005fa550 args=0x000000016fdfe3d8 bytes=104 x3=0x0000000000000001 x4=0x0000000000000000 x5=0x000000016fdfe3d8 x6=0x0000000000000068 x7=0x0000000000004000 return_hook=1 data=000000000000000001000100010000000101000170040000000000000000000000000000000000000000000000000000010000000000000000000000000000000000000000000000004000000000000000000000000000000000000000000000c80a0b0e01000000
AO46_IOGPU_RESOURCE_SELECTOR9 phase=unknown args=0x000000016fdfe3d8 bytes=104 data=000000000000000001000100010000000101000170040000000000000000000000000000000000000000000000000000010000000000000000000000000000000000000000000000004000000000000000000000000000000000000000000000c80a0b0e01000000
AO46_IOGPU_RESOURCE_CREATE_RETURN capture_id=30 phase=unknown device=0x00000001005fa550 args=0x000000016fdfe3d8 resource=0x0000000947014b50
AO46_IOGPU_RESOURCE_OBJECT capture_id=30 resource=0x0000000947014b50 data_bytes=0x00000001000ec000 data_size=0x0000000000004000 resident_data_size=0x0000000000004000 gpu_virtual_address=0x00000100000e0000 gpu_virtual_address_length=0x0000000000004000
AO46_IOGPU_RESOURCE_ACCESSOR capture_id=31 function=gpu-virtual-address phase=unknown resource=0x0000000947014b50 return_hook=1
AO46_IOGPU_RESOURCE_ACCESSOR_RETURN capture_id=31 function=gpu-virtual-address phase=unknown resource=0x0000000947014b50 value=0x00000100000e0000
AO46_RESOURCE_CONSTRUCTOR_CONTROL phase=shared-16k-after-failure-b bytes=16384 options=0
AO46_IOGPU_RESOURCE_FRAME capture_id=32 phase=unknown device=0x00000001005fa550 args=0x000000016fdfe3d8 bytes=104 x3=0x0000000000000001 x4=0x0000000000000000 x5=0x000000016fdfe3d8 x6=0x0000000000000068 x7=0x0000000000004000 return_hook=1 data=00000000000000000100010001000000010100017004000000000000000000000000000000000000000000000000000001000000000000000000000000000000000000000000000000400000000000000000000000000000000000000000000058807bef01000000
AO46_IOGPU_RESOURCE_SELECTOR9 phase=unknown args=0x000000016fdfe3d8 bytes=104 data=00000000000000000100010001000000010100017004000000000000000000000000000000000000000000000000000001000000000000000000000000000000000000000000000000400000000000000000000000000000000000000000000058807bef01000000
AO46_IOGPU_RESOURCE_CREATE_RETURN capture_id=32 phase=unknown device=0x00000001005fa550 args=0x000000016fdfe3d8 resource=0x0000000947014bf0
AO46_IOGPU_RESOURCE_OBJECT capture_id=32 resource=0x0000000947014bf0 data_bytes=0x0000000100574000 data_size=0x0000000000004000 resident_data_size=0x0000000000004000 gpu_virtual_address=0x00000100000e8000 gpu_virtual_address_length=0x0000000000004000
AO46_IOGPU_RESOURCE_ACCESSOR capture_id=33 function=gpu-virtual-address phase=unknown resource=0x0000000947014bf0 return_hook=1
AO46_IOGPU_RESOURCE_ACCESSOR_RETURN capture_id=33 function=gpu-virtual-address phase=unknown resource=0x0000000947014bf0 value=0x00000100000e8000
AO46_RESOURCE_CONSTRUCTOR_CONTROL mapping shared=1 writecombined=1 untracked=1 private_pointer=1 shared_edge=46a0 writecombined_edge=464f untracked_edge=4655
AO46_RESOURCE_CONSTRUCTOR_CONTROL public_mapping phase=shared-4k-a contents=0x0000000100554000 logical_size=4096 gpu_address=0x0000010000018000
AO46_RESOURCE_CONSTRUCTOR_CONTROL public_mapping phase=shared-4k-b contents=0x0000000100555000 logical_size=4096 gpu_address=0x0000010000019000
AO46_RESOURCE_CONSTRUCTOR_CONTROL public_mapping phase=shared-128k contents=0x0000000104adc000 logical_size=131072 gpu_address=0x0000010000040000
AO46_RESOURCE_CONSTRUCTOR_CONTROL public_mapping phase=private-4k contents=0x0000000104afc000 logical_size=4096 gpu_address=0x0000010000068000
AO46_RESOURCE_CONSTRUCTOR_CONTROL public_mapping phase=writecombined-4k contents=0x0000000104b1c000 logical_size=4096 gpu_address=0x0000010000090000
AO46_RESOURCE_CONSTRUCTOR_CONTROL public_mapping phase=shared-untracked-4k contents=0x0000000104b1d000 logical_size=4096 gpu_address=0x0000010000091000
AO46_RESOURCE_CONSTRUCTOR_CONTROL public_mapping phase=shared-8k contents=0x0000000100556000 logical_size=8192 gpu_address=0x000001000001a000
AO46_RESOURCE_CONSTRUCTOR_CONTROL public_mapping phase=shared-16k contents=0x00000001000d8000 logical_size=16384 gpu_address=0x00000100000b8000
AO46_RESOURCE_CONSTRUCTOR_CONTROL public_mapping phase=shared-16k-b contents=0x00000001000dc000 logical_size=16384 gpu_address=0x00000100000c0000
AO46_RESOURCE_CONSTRUCTOR_CONTROL public_mapping phase=shared-16k-writecombined contents=0x00000001000e0000 logical_size=16384 gpu_address=0x00000100000c8000
AO46_RESOURCE_CONSTRUCTOR_CONTROL public_mapping phase=shared-32k contents=0x00000001000e4000 logical_size=32768 gpu_address=0x00000100000d0000
AO46_RESOURCE_CONSTRUCTOR_CONTROL public_mapping phase=shared-16k-after-failure contents=0x00000001000ec000 logical_size=16384 gpu_address=0x00000100000e0000
AO46_RESOURCE_CONSTRUCTOR_CONTROL public_mapping phase=shared-16k-after-failure-b contents=0x0000000100574000 logical_size=16384 gpu_address=0x00000100000e8000
Apple AGX resource constructor control: shared_4k=0x1005f6300 shared_128k=0x1005ff400 private_4k=0x100600db0 writecombined_4k=0x100606b00
AO46_RESOURCE_CONSTRUCTOR_CONTROL phase=release
AO46_IOGPU_RESOURCE_RELEASE phase=unknown resource=0x0000000947014330
AO46_IOGPU_RESOURCE_RELEASE phase=unknown resource=0x00000009470143d0
AO46_IOGPU_RESOURCE_RELEASE phase=unknown resource=0x0000000947014470
AO46_IOGPU_RESOURCE_RELEASE phase=unknown resource=0x0000000947014510
AO46_IOGPU_RESOURCE_RELEASE phase=unknown resource=0x00000009470145b0
AO46_IOGPU_RESOURCE_RELEASE phase=unknown resource=0x00000009470146f0
AO46_IOGPU_RESOURCE_RELEASE phase=unknown resource=0x0000000947014650
AO46_IOGPU_RESOURCE_RELEASE phase=unknown resource=0x0000000947014790
AO46_IOGPU_RESOURCE_RELEASE phase=unknown resource=0x0000000947014290
AO46_IOGPU_RESOURCE_RELEASE phase=unknown resource=0x0000000947014830
AO46_IOGPU_RESOURCE_RELEASE phase=unknown resource=0x00000009470148d0
AO46_IOGPU_RESOURCE_RELEASE phase=unknown resource=0x0000000947014970
AO46_IOGPU_RESOURCE_RELEASE phase=unknown resource=0x0000000947014a10
AO46_IOGPU_RESOURCE_RELEASE phase=unknown resource=0x0000000947014ab0
AO46_IOGPU_RESOURCE_RELEASE phase=unknown resource=0x0000000947014b50
AO46_IOGPU_RESOURCE_RELEASE phase=unknown resource=0x0000000947014bf0
Process 4638 resuming
Process 4638 exited with status = 0 (0x00000000)
