(lldb) target create "/Users/gitanshchakravarty/MGL/Khronos_AppleICDs/OpenGL_4.6(Core Profile)/Apple_ICD/../mesa/build-ao46-asahi-arm64/src/asahi/lib/asahi_macos_compute_resource_record_trace"
Current executable set to '/Users/gitanshchakravarty/MGL/Khronos_AppleICDs/OpenGL_4.6(Core Profile)/mesa/build-ao46-asahi-arm64/src/asahi/lib/asahi_macos_compute_resource_record_trace' (arm64).
(lldb) settings set target.env-vars 'DYLD_INSERT_LIBRARIES=/Users/gitanshchakravarty/MGL/Khronos_AppleICDs/OpenGL_4.6(Core Profile)/Apple_ICD/../mesa/build-ao46-asahi-arm64/src/asahi/lib/libwrap.dylib' 'AGX_TRACE_UNBUFFERED=1' 'AGX_TRACE_CALL_SHAPES=1' 'AGX_TRACE_NOTIFICATION_PORTS=1' 'AGX_TRACE_ALLOCATION_REQUESTS=1' 'AGX_TRACE_SUBMISSION_DETAILS=1' 'AGX_TRACE_RESOURCE_REFS=1' 'AGX_TRACE_TRAP_AUX=1' 'AGX_TRACE_AUX_ANALYSIS=1' 'AGX_TRACE_AUX_EXTENDED=1'
(lldb) breakpoint set --name IOGPUMetalCommandBufferStorageBeginKernelCommands
Breakpoint 1: no locations (pending).
WARNING:  Unable to resolve breakpoint to any actual locations.
(lldb) breakpoint set --name IOGPUMetalCommandBufferStorageBeginSegment
Breakpoint 2: no locations (pending).
WARNING:  Unable to resolve breakpoint to any actual locations.
(lldb) breakpoint set --name IOGPUMetalCommandBufferStorageGrowKernelCommandBuffer
Breakpoint 3: no locations (pending).
WARNING:  Unable to resolve breakpoint to any actual locations.
(lldb) breakpoint set --name IOGPUMetalCommandBufferStorageEndKernelCommands
Breakpoint 4: no locations (pending).
WARNING:  Unable to resolve breakpoint to any actual locations.
(lldb) breakpoint set --name IOGPUMetalCommandBufferStorageEndSegment
Breakpoint 5: no locations (pending).
WARNING:  Unable to resolve breakpoint to any actual locations.
(lldb) breakpoint set --name IOGPUMetalCommandBufferStorageAllocResourceAtIndex
Breakpoint 6: no locations (pending).
WARNING:  Unable to resolve breakpoint to any actual locations.
(lldb) breakpoint set --name IOGPUMetalCommandBufferStorageAllocSidebandBuffer
Breakpoint 7: no locations (pending).
WARNING:  Unable to resolve breakpoint to any actual locations.
(lldb) breakpoint set --name IOGPUMetalCommandBufferStorageGrowSidebandBuffer
Breakpoint 8: no locations (pending).
WARNING:  Unable to resolve breakpoint to any actual locations.
(lldb) breakpoint set --name IOGPUMetalCommandBufferStorageMergeResidencySetList
Breakpoint 9: no locations (pending).
WARNING:  Unable to resolve breakpoint to any actual locations.
(lldb) breakpoint set --name IOGPUMetalCommandBufferStorageFinalizeResidencySetList
Breakpoint 10: no locations (pending).
WARNING:  Unable to resolve breakpoint to any actual locations.
(lldb) breakpoint set --name IOGPUMetalResidencySetListCreate
Breakpoint 11: no locations (pending).
WARNING:  Unable to resolve breakpoint to any actual locations.
(lldb) breakpoint set --name IOGPUMetalResidencySetListDestroy
Breakpoint 12: no locations (pending).
WARNING:  Unable to resolve breakpoint to any actual locations.
(lldb) breakpoint set --name IOGPUResourceListAddResource
Breakpoint 13: no locations (pending).
WARNING:  Unable to resolve breakpoint to any actual locations.
(lldb) breakpoint set --name IOGPUResourceListMerge
Breakpoint 14: no locations (pending).
WARNING:  Unable to resolve breakpoint to any actual locations.
(lldb) breakpoint set --name IOGPUResourceListMergeLists
Breakpoint 15: no locations (pending).
WARNING:  Unable to resolve breakpoint to any actual locations.
(lldb) breakpoint set --name IOGPUResourceListReset
Breakpoint 16: no locations (pending).
WARNING:  Unable to resolve breakpoint to any actual locations.
(lldb) breakpoint set --name IOGPUResourceGroupUpdateResources
Breakpoint 17: no locations (pending).
WARNING:  Unable to resolve breakpoint to any actual locations.
(lldb) breakpoint set --name IOGPUMetalCommandBufferStorageCreateExt
Breakpoint 18: no locations (pending).
WARNING:  Unable to resolve breakpoint to any actual locations.
(lldb) breakpoint set --name IOGPUCommandQueueSubmitCommandBuffers
Breakpoint 19: no locations (pending).
WARNING:  Unable to resolve breakpoint to any actual locations.
(lldb) breakpoint set --name IOConnectTrap4
Breakpoint 20: where = IOKit`IOConnectTrap4, address = 0x0000000184871d5c
(lldb) breakpoint set --name IOGPUResourceCreate
Breakpoint 21: no locations (pending).
WARNING:  Unable to resolve breakpoint to any actual locations.
(lldb) breakpoint set --name IOGPUResourceGetGPUVirtualAddress
Breakpoint 22: no locations (pending).
WARNING:  Unable to resolve breakpoint to any actual locations.
(lldb) breakpoint set --name IOGPUResourceRelease
Breakpoint 23: no locations (pending).
WARNING:  Unable to resolve breakpoint to any actual locations.
(lldb) breakpoint set --name "-[IOGPUMetalCommandBuffer fillCommandBufferArgs:commandQueue:]"
Breakpoint 24: no locations (pending).
WARNING:  Unable to resolve breakpoint to any actual locations.
(lldb) breakpoint set --name IOGPUMetalResourcePoolCreatePooledResource
Breakpoint 25: no locations (pending).
WARNING:  Unable to resolve breakpoint to any actual locations.
(lldb) breakpoint set --name "-[IOGPUMetalCommandBuffer initWithQueue:retainedReferences:synchronousDebugMode:]"
Breakpoint 26: no locations (pending).
WARNING:  Unable to resolve breakpoint to any actual locations.
(lldb) breakpoint set --name IOGPUMetalCommandBufferStoragePoolCreateStorage
Breakpoint 27: no locations (pending).
WARNING:  Unable to resolve breakpoint to any actual locations.
(lldb) breakpoint set --name "-[IOGPUMetalCommandBuffer beginSegment:]"
Breakpoint 28: no locations (pending).
WARNING:  Unable to resolve breakpoint to any actual locations.
(lldb) command script import '/Users/gitanshchakravarty/MGL/Khronos_AppleICDs/OpenGL_4.6(Core Profile)/Apple_ICD/scripts/agx_private_winsys_capture.py'
(lldb) breakpoint command add -F agx_private_winsys_capture.capture_begin_kernel_commands 1
(lldb) breakpoint command add -F agx_private_winsys_capture.capture_begin_segment 2
(lldb) breakpoint command add -F agx_private_winsys_capture.capture_grow_kernel_command_buffer 3
(lldb) breakpoint command add -F agx_private_winsys_capture.capture_end_kernel_commands 4
(lldb) breakpoint command add -F agx_private_winsys_capture.capture_end_segment 5
(lldb) breakpoint command add -F agx_private_winsys_capture.capture_alloc_resource_at_index 6
(lldb) breakpoint command add -F agx_private_winsys_capture.capture_alloc_sideband_buffer 7
(lldb) breakpoint command add -F agx_private_winsys_capture.capture_grow_sideband_buffer 8
(lldb) breakpoint command add -F agx_private_winsys_capture.capture_merge_residency_set_list 9
(lldb) breakpoint command add -F agx_private_winsys_capture.capture_finalize_residency_set_list 10
(lldb) breakpoint command add -F agx_private_winsys_capture.capture_residency_set_list_create 11
(lldb) breakpoint command add -F agx_private_winsys_capture.capture_residency_set_list_destroy 12
(lldb) breakpoint command add -F agx_private_winsys_capture.capture_resource_list_add_resource 13
(lldb) breakpoint command add -F agx_private_winsys_capture.capture_resource_list_merge 14
(lldb) breakpoint command add -F agx_private_winsys_capture.capture_resource_list_merge_lists 15
(lldb) breakpoint command add -F agx_private_winsys_capture.capture_resource_list_reset 16
(lldb) breakpoint command add -F agx_private_winsys_capture.capture_resource_group_update 17
(lldb) breakpoint command add -F agx_private_winsys_capture.capture_command_storage_create 18
(lldb) breakpoint command add -F agx_private_winsys_capture.capture_queue_submit 19
(lldb) breakpoint command add -F agx_private_winsys_capture.capture_trap4 20
(lldb) breakpoint command add -F agx_private_winsys_capture.capture_resource_create 21
(lldb) breakpoint command add -F agx_private_winsys_capture.capture_resource_gpu_address 22
(lldb) breakpoint command add -F agx_private_winsys_capture.capture_resource_release 23
(lldb) breakpoint command add -F agx_private_winsys_capture.capture_command_buffer_fill 24
(lldb) breakpoint command add -F agx_private_winsys_capture.capture_resource_pool_create_pooled_resource 25
(lldb) breakpoint command add -F agx_private_winsys_capture.capture_command_buffer_init 26
(lldb) breakpoint command add -F agx_private_winsys_capture.capture_storage_pool_create 27
(lldb) breakpoint command add -F agx_private_winsys_capture.capture_command_buffer_begin_segment 28
(lldb) run
1 location added to breakpoint 1
1 location added to breakpoint 2
1 location added to breakpoint 3
1 location added to breakpoint 4
1 location added to breakpoint 5
1 location added to breakpoint 6
1 location added to breakpoint 7
1 location added to breakpoint 8
1 location added to breakpoint 9
1 location added to breakpoint 10
1 location added to breakpoint 11
1 location added to breakpoint 12
1 location added to breakpoint 13
1 location added to breakpoint 14
1 location added to breakpoint 15
1 location added to breakpoint 16
1 location added to breakpoint 17
1 location added to breakpoint 18
1 location added to breakpoint 19
1 location added to breakpoint 21
1 location added to breakpoint 22
1 location added to breakpoint 23
1 location added to breakpoint 24
1 location added to breakpoint 25
1 location added to breakpoint 26
1 location added to breakpoint 27
1 location added to breakpoint 28
AO46_AGX_PRIVATE_WINSYS_CALL name=resource-create capture_id=1 return_hook=1 x0=0x0000000100596480 x1=0x0000000b0ac719d8 x2=0x0000000000000068 x3=0x0000000b0b0531c0 x4=0x0000000b0b052880 x5=0x0000000000000001
AO46_AGX_PRIVATE_WINSYS_RETURN capture_id=1 name=resource-create storage=0x0000000100596480 x0=0x0000000b0ac201f0 x1=0x000000016fdfdc18
AO46_AGX_PRIVATE_WINSYS_CALL name=resource-gpu-address capture_id=2 return_hook=1 x0=0x0000000b0ac201f0 x1=0x00000001f3f76da8 x2=0x00000001a8a3c758 x3=0x0000000b0ac20268 x4=0xffffffffffffe988 x5=0x0000000000000020
AO46_AGX_PRIVATE_WINSYS_RETURN capture_id=2 name=resource-gpu-address storage=0x0000000b0ac201f0 x0=0x0000010000000000 x1=0x00000001f3f76da8
2D03: call 107, wake port 2E0F (out 0x0, 0)
, references:  0 10dae43c4 b0ac70000
return 0
AO46_AGX_PRIVATE_WINSYS_CALL name=resource-create capture_id=3 return_hook=1 x0=0x0000000100596480 x1=0x000000016fdfe050 x2=0x0000000000000068 x3=0x0000000000000001 x4=0x0000000000000000 x5=0x000000016fdfe050
AO46_AGX_PRIVATE_WINSYS_RETURN capture_id=3 name=resource-create storage=0x0000000100596480 x0=0x0000000b0ac20290 x1=0x000000016fdfdd48
AO46_AGX_PRIVATE_WINSYS_CALL name=resource-gpu-address capture_id=4 return_hook=1 x0=0x0000000b0ac20290 x1=0x00000001f3f76da8 x2=0x00000001a8a3c758 x3=0x0000000b0ac20308 x4=0xffffffffffffe988 x5=0x0000000000000010
AO46_AGX_PRIVATE_WINSYS_RETURN capture_id=4 name=resource-gpu-address storage=0x0000000b0ac20290 x0=0x0000006f00000000 x1=0x00000001f3f76da8
AO46_AGX_PRIVATE_WINSYS_CALL name=resource-create capture_id=5 return_hook=1 x0=0x0000000100596480 x1=0x0000000b0ac71930 x2=0x0000000000000068 x3=0x0000000000000001 x4=0x0000000000000000 x5=0x0000000b0ac71930
AO46_AGX_PRIVATE_WINSYS_RETURN capture_id=5 name=resource-create storage=0x0000000100596480 x0=0x0000000b0ac20470 x1=0x000000016fdfc0a8
AO46_AGX_PRIVATE_WINSYS_CALL name=resource-gpu-address capture_id=6 return_hook=1 x0=0x0000000b0ac20470 x1=0x0000000b0ac20470 x2=0x0000000000000000 x3=0x0000000b0ac204e8 x4=0xffffffffffffe988 x5=0x0000000000000010
AO46_AGX_PRIVATE_WINSYS_RETURN capture_id=6 name=resource-gpu-address storage=0x0000000b0ac20470 x0=0x0000010000018000 x1=0x0000000b0ac20470
Selector 7, 2D03, 2D03
AGX_CALL selector=7 scalar_in=0 struct_in=1040 scalar_out_capacity=0 struct_out_capacity=16
2D03: SET_API(/Users/gitanshchakravarty/MGL/Khronos_AppleICDs/OpenGL_4.6(Core Profile)/mesa/build-ao46-asahi-arm64/src/asahi/lib/asahi_macos_compute_resource_record_trace)
AGX_RESULT selector=7 status=0 scalar_out=0 struct_out=16
 struct
000000  01 00 00 00 00 00 00 00 E8 5F A6 A7 07 00 00 00  | ........._......


Selector 16, 2D03, 2D03
AGX_CALL selector=16 scalar_in=2 struct_in=0 scalar_out_capacity=0 struct_out_capacity=16
2D03: call 10 (out 0x16fdfdee0, 16) 100 28
AGX_RESULT selector=16 status=0 scalar_out=0 struct_out=16
MODERN_NOTIFICATION_QUEUE data_queue=100488000 id=1 config=100/28
Allocated notif port 3C07
Set noficiation port connect=2D03, type=0, port=3C07, reference=1
Selector 28, 2D03, 2D03
AGX_CALL selector=28 scalar_in=2 struct_in=0 scalar_out_capacity=0 struct_out_capacity=0
2D03: call 1C (out 0x0, 0) 1 1
AGX_RESULT selector=28 status=0 scalar_out=0 struct_out=0

AO46_AGX_PRIVATE_WINSYS_CALL name=resource-create capture_id=7 return_hook=1 x0=0x0000000100596480 x1=0x000000016fdfdcb8 x2=0x0000000000000068 x3=0xfffff0007fc00000 x4=0x0000000b0ac243c0 x5=0x0000000000000001
Selector 9, 2D03, 2D03
AGX_CALL selector=9 scalar_in=0 struct_in=104 scalar_out_capacity=0 struct_out_capacity=88
2D03: call 9 (out 0x16fdfda80, 88), struct:
000000  00 00 00 00 00 00 00 00 01 00 01 00 01 00 00 00  | ................
000010  01 01 00 01 70 04 00 00 00 00 00 00 00 00 00 00  | ....p...........
000020  00 00 00 00 00 00 00 00 00 00 00 00 00 00 00 00  | ................
000030  01 00 00 00 00 00 00 00 00 00 00 00 00 00 00 00  | ................
000040  00 00 00 00 00 00 00 00 00 00 02 00 00 00 00 00  | ................
000050  00 00 00 00 00 00 00 00 00 00 00 00 00 00 00 00  | ................
000060  C8 0A 0B 0E 01 00 00 00 
AGX_RESULT selector=9 status=0 scalar_out=0 struct_out=88
MODERN_ALLOCATE_MEM handle=4 gpu=10000030000 cpu=104d8c000 size=20000 attributes=0 storage=0x470 write_combined=0 private=0 reused=0
MODERN_ALLOCATE_REQUEST size_units_candidate=2
MODERN_ALLOCATE_REQUEST bytes=000000000000000001000100010000000101000170040000000000000000000000000000000000000000000000000000010000000000000000000000000000000000000000000000000002000000000000000000000000000000000000000000c80a0b0e01000000
AO46_AGX_PRIVATE_WINSYS_RETURN capture_id=7 name=resource-create storage=0x0000000100596480 x0=0x0000000b0ac20510 x1=0x000000016fdfda78
AO46_AGX_PRIVATE_WINSYS_CALL name=resource-gpu-address capture_id=8 return_hook=1 x0=0x0000000b0ac20510 x1=0x0000000b0ac20510 x2=0x0000000000000000 x3=0x0000000b0ac20588 x4=0x00000001000abc3f x5=0x000000016fdfd510
AO46_AGX_PRIVATE_WINSYS_RETURN capture_id=8 name=resource-gpu-address storage=0x0000000b0ac20510 x0=0x0000010000030000 x1=0x0000000b0ac20510
AO46_AGX_PRIVATE_WINSYS_CALL name=resource-create capture_id=9 return_hook=1 x0=0x0000000100596480 x1=0x000000016fdfdfa8 x2=0x0000000000000068 x3=0x0000000000000001 x4=0x0000000000000000 x5=0x000000016fdfdfa8
Selector 9, 2D03, 2D03
AGX_CALL selector=9 scalar_in=0 struct_in=104 scalar_out_capacity=0 struct_out_capacity=88
2D03: call 9 (out 0x16fdfddb0, 88), struct:
000000  80 00 00 00 00 00 00 00 01 00 01 00 01 00 00 00  | €...............
000010  01 01 00 01 30 0C 00 00 00 00 00 00 00 00 00 00  | ....0...........
000020  00 00 00 00 00 00 00 00 00 00 00 00 00 00 00 00  | ................
000030  00 00 00 00 00 00 00 00 00 C0 D8 04 01 00 00 00  | ................
000040  00 C0 D8 04 01 00 00 00 00 00 02 00 00 00 00 00  | ................
000050  04 00 00 00 00 00 00 00 00 00 00 00 18 00 00 00  | ................
000060  90 15 0B 0E 01 00 00 00 
AGX_RESULT selector=9 status=0 scalar_out=0 struct_out=88
MODERN_ALLOCATE_MEM handle=5 gpu=10000030000 cpu=0 size=20000 attributes=80 storage=0xc30 write_combined=0 private=0 reused=0
MODERN_ALLOCATE_REQUEST size_units_candidate=2
MODERN_ALLOCATE_REQUEST bytes=8000000000000000010001000100000001010001300c0000000000000000000000000000000000000000000000000000000000000000000000c0d8040100000000c0d8040100000000000200000000000400000000000000000000001800000090150b0e01000000
AO46_AGX_PRIVATE_WINSYS_RETURN capture_id=9 name=resource-create storage=0x0000000100596480 x0=0x0000000b0ac20650 x1=0x000000016fdfdda8
AO46_AGX_PRIVATE_WINSYS_CALL name=resource-gpu-address capture_id=10 return_hook=1 x0=0x0000000b0ac20650 x1=0x0000000b0ac20650 x2=0x0000000000000000 x3=0x0000000b0ac206c8 x4=0x00000001000abc3f x5=0x000000016fdfd840
AO46_AGX_PRIVATE_WINSYS_RETURN capture_id=10 name=resource-gpu-address storage=0x0000000b0ac20650 x0=0x0000010000030000 x1=0x0000000b0ac20650
AO46_AGX_PRIVATE_WINSYS_CALL name=resource-create capture_id=11 return_hook=1 x0=0x0000000100596480 x1=0x000000016fdfdfa8 x2=0x0000000000000068 x3=0xfffff0007fc00000 x4=0x0000000b0ac24440 x5=0x0000000000000001
Selector 9, 2D03, 2D03
AGX_CALL selector=9 scalar_in=0 struct_in=104 scalar_out_capacity=0 struct_out_capacity=88
2D03: call 9 (out 0x16fdfddb0, 88), struct:
000000  80 00 00 00 00 00 00 00 01 00 01 00 01 00 00 00  | €...............
000010  01 01 00 01 30 0C 00 00 00 00 00 00 00 00 00 00  | ....0...........
000020  00 00 00 00 00 00 00 00 00 00 00 00 00 00 00 00  | ................
000030  00 00 00 00 00 00 00 00 00 C2 D8 04 01 00 00 00  | ................
000040  00 C0 D8 04 01 00 00 00 00 00 02 00 00 00 00 00  | ................
000050  04 00 00 00 00 00 00 00 00 00 00 00 18 00 00 00  | ................
000060  90 15 0B 0E 01 00 00 00 
AGX_RESULT selector=9 status=0 scalar_out=0 struct_out=88
MODERN_ALLOCATE_MEM handle=6 gpu=10000030200 cpu=0 size=1fe00 attributes=80 storage=0xc30 write_combined=0 private=0 reused=0
MODERN_ALLOCATE_REQUEST size_units_candidate=2
MODERN_ALLOCATE_REQUEST bytes=8000000000000000010001000100000001010001300c0000000000000000000000000000000000000000000000000000000000000000000000c2d8040100000000c0d8040100000000000200000000000400000000000000000000001800000090150b0e01000000
AO46_AGX_PRIVATE_WINSYS_RETURN capture_id=11 name=resource-create storage=0x0000000100596480 x0=0x0000000b0ac205b0 x1=0x000000016fdfdda8
AO46_AGX_PRIVATE_WINSYS_CALL name=resource-gpu-address capture_id=12 return_hook=1 x0=0x0000000b0ac205b0 x1=0x0000000b0ac205b0 x2=0x0000000000000000 x3=0x0000000b0ac20628 x4=0x00000001000abc3f x5=0x000000016fdfd840
AO46_AGX_PRIVATE_WINSYS_RETURN capture_id=12 name=resource-gpu-address storage=0x0000000b0ac205b0 x0=0x0000010000030200 x1=0x0000000b0ac205b0
AO46_AGX_PRIVATE_WINSYS_CALL name=resource-create capture_id=13 return_hook=1 x0=0x0000000100596480 x1=0x000000016fdfdfa8 x2=0x0000000000000068 x3=0x0000000000000001 x4=0x0000000000000000 x5=0x000000016fdfdfa8
Selector 9, 2D03, 2D03
AGX_CALL selector=9 scalar_in=0 struct_in=104 scalar_out_capacity=0 struct_out_capacity=88
2D03: call 9 (out 0x16fdfddb0, 88), struct:
000000  80 00 00 00 00 00 00 00 01 00 01 00 01 00 00 00  | €...............
000010  01 01 00 01 30 0C 00 00 00 00 00 00 00 00 00 00  | ....0...........
000020  00 00 00 00 00 00 00 00 00 00 00 00 00 00 00 00  | ................
000030  00 00 00 00 00 00 00 00 00 C4 D8 04 01 00 00 00  | ................
000040  00 C0 D8 04 01 00 00 00 00 00 02 00 00 00 00 00  | ................
000050  04 00 00 00 00 00 00 00 00 00 00 00 18 00 00 00  | ................
000060  C8 1C C7 0A 0B 00 00 00 
AGX_RESULT selector=9 status=0 scalar_out=0 struct_out=88
MODERN_ALLOCATE_MEM handle=7 gpu=10000030400 cpu=0 size=1fc00 attributes=80 storage=0xc30 write_combined=0 private=0 reused=0
MODERN_ALLOCATE_REQUEST size_units_candidate=2
MODERN_ALLOCATE_REQUEST bytes=8000000000000000010001000100000001010001300c0000000000000000000000000000000000000000000000000000000000000000000000c4d8040100000000c0d80401000000000002000000000004000000000000000000000018000000c81cc70a0b000000
AO46_AGX_PRIVATE_WINSYS_RETURN capture_id=13 name=resource-create storage=0x0000000100596480 x0=0x0000000b0ac206f0 x1=0x000000016fdfdda8
AO46_AGX_PRIVATE_WINSYS_CALL name=resource-gpu-address capture_id=14 return_hook=1 x0=0x0000000b0ac206f0 x1=0x0000000b0ac206f0 x2=0x0000000000000000 x3=0x0000000b0ac20768 x4=0x00000001000abc3f x5=0x000000016fdfd840
AO46_AGX_PRIVATE_WINSYS_RETURN capture_id=14 name=resource-gpu-address storage=0x0000000b0ac206f0 x0=0x0000010000030400 x1=0x0000000b0ac206f0
AO46_AGX_PRIVATE_WINSYS_CALL name=resource-create capture_id=15 return_hook=1 x0=0x0000000100596480 x1=0x000000016fdfdfb8 x2=0x0000000000000068 x3=0x0000000000000001 x4=0x0000000000000000 x5=0x000000016fdfdfb8
Selector 9, 2D03, 2D03
AGX_CALL selector=9 scalar_in=0 struct_in=104 scalar_out_capacity=0 struct_out_capacity=88
2D03: call 9 (out 0x16fdfddc0, 88), struct:
000000  80 00 00 00 00 00 00 00 01 00 01 00 01 00 00 00  | €...............
000010  01 01 00 01 30 0C 00 00 00 00 00 00 00 00 00 00  | ....0...........
000020  00 00 00 00 00 00 00 00 00 00 00 00 00 00 00 00  | ................
000030  00 00 00 00 00 00 00 00 00 C5 D8 04 01 00 00 00  | ................
000040  00 C0 D8 04 01 00 00 00 00 00 02 00 00 00 00 00  | ................
000050  04 00 00 00 00 00 00 00 00 00 00 00 18 00 00 00  | ................
000060  20 22 C7 0A 0B 00 00 00 
AGX_RESULT selector=9 status=0 scalar_out=0 struct_out=88
MODERN_ALLOCATE_MEM handle=8 gpu=10000030500 cpu=0 size=1fb00 attributes=80 storage=0xc30 write_combined=0 private=0 reused=0
MODERN_ALLOCATE_REQUEST size_units_candidate=2
MODERN_ALLOCATE_REQUEST bytes=8000000000000000010001000100000001010001300c0000000000000000000000000000000000000000000000000000000000000000000000c5d8040100000000c0d804010000000000020000000000040000000000000000000000180000002022c70a0b000000
AO46_AGX_PRIVATE_WINSYS_RETURN capture_id=15 name=resource-create storage=0x0000000100596480 x0=0x0000000b0ac20790 x1=0x000000016fdfddb8
AO46_AGX_PRIVATE_WINSYS_CALL name=resource-gpu-address capture_id=16 return_hook=1 x0=0x0000000b0ac20790 x1=0x0000000b0ac20790 x2=0x0000000000000000 x3=0x0000000b0ac20808 x4=0x00000001000abc3f x5=0x000000016fdfd850
AO46_AGX_PRIVATE_WINSYS_RETURN capture_id=16 name=resource-gpu-address storage=0x0000000b0ac20790 x0=0x0000010000030500 x1=0x0000000b0ac20790
AO46_AGX_PRIVATE_WINSYS_CALL name=resource-create capture_id=17 return_hook=1 x0=0x0000000100596480 x1=0x000000016fdfdfb8 x2=0x0000000000000068 x3=0x0000000000000001 x4=0x0000000000000000 x5=0x000000016fdfdfb8
Selector 9, 2D03, 2D03
AGX_CALL selector=9 scalar_in=0 struct_in=104 scalar_out_capacity=0 struct_out_capacity=88
2D03: call 9 (out 0x16fdfddc0, 88), struct:
000000  80 00 00 00 00 00 00 00 01 00 01 00 01 00 00 00  | €...............
000010  01 01 00 01 30 0C 00 00 00 00 00 00 00 00 00 00  | ....0...........
000020  00 00 00 00 00 00 00 00 00 00 00 00 00 00 00 00  | ................
000030  00 00 00 00 00 00 00 00 00 C7 D8 04 01 00 00 00  | ................
000040  00 C0 D8 04 01 00 00 00 00 00 02 00 00 00 00 00  | ................
000050  04 00 00 00 00 00 00 00 00 00 00 00 18 00 00 00  | ................
000060  40 25 C7 0A 0B 00 00 00 
AGX_RESULT selector=9 status=0 scalar_out=0 struct_out=88
MODERN_ALLOCATE_MEM handle=9 gpu=10000030700 cpu=0 size=1f900 attributes=80 storage=0xc30 write_combined=0 private=0 reused=0
MODERN_ALLOCATE_REQUEST size_units_candidate=2
MODERN_ALLOCATE_REQUEST bytes=8000000000000000010001000100000001010001300c0000000000000000000000000000000000000000000000000000000000000000000000c7d8040100000000c0d804010000000000020000000000040000000000000000000000180000004025c70a0b000000
AO46_AGX_PRIVATE_WINSYS_RETURN capture_id=17 name=resource-create storage=0x0000000100596480 x0=0x0000000b0ac20830 x1=0x000000016fdfddb8
AO46_AGX_PRIVATE_WINSYS_CALL name=resource-gpu-address capture_id=18 return_hook=1 x0=0x0000000b0ac20830 x1=0x0000000b0ac20830 x2=0x0000000000000000 x3=0x0000000b0ac208a8 x4=0x00000001000abc3f x5=0x000000016fdfd850
AO46_AGX_PRIVATE_WINSYS_RETURN capture_id=18 name=resource-gpu-address storage=0x0000000b0ac20830 x0=0x0000010000030700 x1=0x0000000b0ac20830
AO46_AGX_PRIVATE_WINSYS_CALL name=resource-create capture_id=19 return_hook=1 x0=0x0000000100596480 x1=0x000000016fdfdfb8 x2=0x0000000000000068 x3=0x0000000000000001 x4=0x0000000000000000 x5=0x000000016fdfdfb8
Selector 9, 2D03, 2D03
AGX_CALL selector=9 scalar_in=0 struct_in=104 scalar_out_capacity=0 struct_out_capacity=88
2D03: call 9 (out 0x16fdfddc0, 88), struct:
000000  80 00 00 00 00 00 00 00 01 00 01 00 01 00 00 00  | €...............
000010  01 01 00 01 30 0C 00 00 00 00 00 00 00 00 00 00  | ....0...........
000020  00 00 00 00 00 00 00 00 00 00 00 00 00 00 00 00  | ................
000030  00 00 00 00 00 00 00 00 00 C8 D8 04 01 00 00 00  | ................
000040  00 C0 D8 04 01 00 00 00 00 00 02 00 00 00 00 00  | ................
000050  04 00 00 00 00 00 00 00 00 00 00 00 18 00 00 00  | ................
000060  60 28 C7 0A 0B 00 00 00 
AGX_RESULT selector=9 status=0 scalar_out=0 struct_out=88
MODERN_ALLOCATE_MEM handle=10 gpu=10000030800 cpu=0 size=1f800 attributes=80 storage=0xc30 write_combined=0 private=0 reused=0
MODERN_ALLOCATE_REQUEST size_units_candidate=2
MODERN_ALLOCATE_REQUEST bytes=8000000000000000010001000100000001010001300c0000000000000000000000000000000000000000000000000000000000000000000000c8d8040100000000c0d804010000000000020000000000040000000000000000000000180000006028c70a0b000000
AO46_AGX_PRIVATE_WINSYS_RETURN capture_id=19 name=resource-create storage=0x0000000100596480 x0=0x0000000b0ac208d0 x1=0x000000016fdfddb8
AO46_AGX_PRIVATE_WINSYS_CALL name=resource-gpu-address capture_id=20 return_hook=1 x0=0x0000000b0ac208d0 x1=0x0000000b0ac208d0 x2=0x0000000000000000 x3=0x0000000b0ac20948 x4=0x00000001000abc3f x5=0x000000016fdfd850
AO46_AGX_PRIVATE_WINSYS_RETURN capture_id=20 name=resource-gpu-address storage=0x0000000b0ac208d0 x0=0x0000010000030800 x1=0x0000000b0ac208d0
AO46_AGX_PRIVATE_WINSYS_CALL name=resource-create capture_id=21 return_hook=1 x0=0x0000000100596480 x1=0x000000016fdfdfc8 x2=0x0000000000000068 x3=0x0000000000000001 x4=0x0000000000000000 x5=0x000000016fdfdfc8
Selector 9, 2D03, 2D03
AGX_CALL selector=9 scalar_in=0 struct_in=104 scalar_out_capacity=0 struct_out_capacity=88
2D03: call 9 (out 0x16fdfddd0, 88), struct:
000000  80 00 00 00 00 00 00 00 01 00 01 00 01 00 00 00  | €...............
000010  01 01 00 01 30 0C 00 00 00 00 00 00 00 00 00 00  | ....0...........
000020  00 00 00 00 00 00 00 00 00 00 00 00 00 00 00 00  | ................
000030  00 00 00 00 00 00 00 00 00 C9 D8 04 01 00 00 00  | ................
000040  00 C0 D8 04 01 00 00 00 00 00 02 00 00 00 00 00  | ................
000050  04 00 00 00 00 00 00 00 00 00 00 00 18 00 00 00  | ................
000060  80 2B C7 0A 0B 00 00 00 
AGX_RESULT selector=9 status=0 scalar_out=0 struct_out=88
MODERN_ALLOCATE_MEM handle=11 gpu=10000030900 cpu=0 size=1f700 attributes=80 storage=0xc30 write_combined=0 private=0 reused=0
MODERN_ALLOCATE_REQUEST size_units_candidate=2
MODERN_ALLOCATE_REQUEST bytes=8000000000000000010001000100000001010001300c0000000000000000000000000000000000000000000000000000000000000000000000c9d8040100000000c0d80401000000000002000000000004000000000000000000000018000000802bc70a0b000000
AO46_AGX_PRIVATE_WINSYS_RETURN capture_id=21 name=resource-create storage=0x0000000100596480 x0=0x0000000b0ac20970 x1=0x000000016fdfddc8
AO46_AGX_PRIVATE_WINSYS_CALL name=resource-gpu-address capture_id=22 return_hook=1 x0=0x0000000b0ac20970 x1=0x0000000b0ac20970 x2=0x0000000000000000 x3=0x0000000b0ac209e8 x4=0x00000001000abc3f x5=0x000000016fdfd860
AO46_AGX_PRIVATE_WINSYS_RETURN capture_id=22 name=resource-gpu-address storage=0x0000000b0ac20970 x0=0x0000010000030900 x1=0x0000000b0ac20970
AO46_AGX_PRIVATE_WINSYS_CALL name=resource-create capture_id=23 return_hook=1 x0=0x0000000100596480 x1=0x000000016fdfdfb8 x2=0x0000000000000068 x3=0xfffff0007fc00000 x4=0x0000000b0b000280 x5=0x0000000000000001
Selector 9, 2D03, 2D03
AGX_CALL selector=9 scalar_in=0 struct_in=104 scalar_out_capacity=0 struct_out_capacity=88
2D03: call 9 (out 0x16fdfddc0, 88), struct:
000000  80 00 00 00 00 00 00 00 01 00 01 00 01 00 00 00  | €...............
000010  01 01 00 01 30 0C 00 00 00 00 00 00 00 00 00 00  | ....0...........
000020  00 00 00 00 00 00 00 00 00 00 00 00 00 00 00 00  | ................
000030  00 00 00 00 00 00 00 00 00 D9 D8 04 01 00 00 00  | ................
000040  00 C0 D8 04 01 00 00 00 00 00 02 00 00 00 00 00  | ................
000050  04 00 00 00 00 00 00 00 00 00 00 00 18 00 00 00  | ................
000060  A0 2E C7 0A 0B 00 00 00 
AGX_RESULT selector=9 status=0 scalar_out=0 struct_out=88
MODERN_ALLOCATE_MEM handle=12 gpu=10000031900 cpu=0 size=1e700 attributes=80 storage=0xc30 write_combined=0 private=0 reused=0
MODERN_ALLOCATE_REQUEST size_units_candidate=2
MODERN_ALLOCATE_REQUEST bytes=8000000000000000010001000100000001010001300c0000000000000000000000000000000000000000000000000000000000000000000000d9d8040100000000c0d80401000000000002000000000004000000000000000000000018000000a02ec70a0b000000
AO46_AGX_PRIVATE_WINSYS_RETURN capture_id=23 name=resource-create storage=0x0000000100596480 x0=0x0000000b0ac20a10 x1=0x000000016fdfddb8
AO46_AGX_PRIVATE_WINSYS_CALL name=resource-gpu-address capture_id=24 return_hook=1 x0=0x0000000b0ac20a10 x1=0x0000000b0ac20a10 x2=0x0000000000000000 x3=0x0000000b0ac20a88 x4=0x00000001000abc3f x5=0x000000016fdfd850
AO46_AGX_PRIVATE_WINSYS_RETURN capture_id=24 name=resource-gpu-address storage=0x0000000b0ac20a10 x0=0x0000010000031900 x1=0x0000000b0ac20a10
AO46_AGX_PRIVATE_WINSYS_CALL name=resource-create capture_id=25 return_hook=1 x0=0x0000000100596480 x1=0x000000016fdfdfb8 x2=0x0000000000000068 x3=0x0000000000000001 x4=0x0000000000000000 x5=0x000000016fdfdfb8
Selector 9, 2D03, 2D03
AGX_CALL selector=9 scalar_in=0 struct_in=104 scalar_out_capacity=0 struct_out_capacity=88
2D03: call 9 (out 0x16fdfddc0, 88), struct:
000000  80 00 00 00 00 00 00 00 01 00 01 00 01 00 00 00  | €...............
000010  01 01 00 01 30 0C 00 00 00 00 00 00 00 00 00 00  | ....0...........
000020  00 00 00 00 00 00 00 00 00 00 00 00 00 00 00 00  | ................
000030  00 00 00 00 00 00 00 00 00 DA D8 04 01 00 00 00  | ................
000040  00 C0 D8 04 01 00 00 00 00 00 02 00 00 00 00 00  | ................
000050  04 00 00 00 00 00 00 00 00 00 00 00 18 00 00 00  | ................
000060  A8 31 C7 0A 0B 00 00 00 
AGX_RESULT selector=9 status=0 scalar_out=0 struct_out=88
MODERN_ALLOCATE_MEM handle=13 gpu=10000031a00 cpu=0 size=1e600 attributes=80 storage=0xc30 write_combined=0 private=0 reused=0
MODERN_ALLOCATE_REQUEST size_units_candidate=2
MODERN_ALLOCATE_REQUEST bytes=8000000000000000010001000100000001010001300c0000000000000000000000000000000000000000000000000000000000000000000000dad8040100000000c0d80401000000000002000000000004000000000000000000000018000000a831c70a0b000000
AO46_AGX_PRIVATE_WINSYS_RETURN capture_id=25 name=resource-create storage=0x0000000100596480 x0=0x0000000b0ac20ab0 x1=0x000000016fdfddb8
AO46_AGX_PRIVATE_WINSYS_CALL name=resource-gpu-address capture_id=26 return_hook=1 x0=0x0000000b0ac20ab0 x1=0x0000000b0ac20ab0 x2=0x0000000000000000 x3=0x0000000b0ac20b28 x4=0x00000001000abc3f x5=0x000000016fdfd850
AO46_AGX_PRIVATE_WINSYS_RETURN capture_id=26 name=resource-gpu-address storage=0x0000000b0ac20ab0 x0=0x0000010000031a00 x1=0x0000000b0ac20ab0
AO46_AGX_PRIVATE_WINSYS_CALL name=resource-create capture_id=27 return_hook=1 x0=0x0000000100596480 x1=0x000000016fdfdfb8 x2=0x0000000000000068 x3=0x0000000000000001 x4=0x0000000000000000 x5=0x000000016fdfdfb8
Selector 9, 2D03, 2D03
AGX_CALL selector=9 scalar_in=0 struct_in=104 scalar_out_capacity=0 struct_out_capacity=88
2D03: call 9 (out 0x16fdfddc0, 88), struct:
000000  80 00 00 00 00 00 00 00 01 00 01 00 01 00 00 00  | €...............
000010  01 01 00 01 30 0C 00 00 00 00 00 00 00 00 00 00  | ....0...........
000020  00 00 00 00 00 00 00 00 00 00 00 00 00 00 00 00  | ................
000030  00 00 00 00 00 00 00 00 00 DB D8 04 01 00 00 00  | ................
000040  00 C0 D8 04 01 00 00 00 00 00 02 00 00 00 00 00  | ................
000050  04 00 00 00 00 00 00 00 00 00 00 00 18 00 00 00  | ................
000060  B0 34 C7 0A 0B 00 00 00 
AGX_RESULT selector=9 status=0 scalar_out=0 struct_out=88
MODERN_ALLOCATE_MEM handle=14 gpu=10000031b00 cpu=0 size=1e500 attributes=80 storage=0xc30 write_combined=0 private=0 reused=0
MODERN_ALLOCATE_REQUEST size_units_candidate=2
MODERN_ALLOCATE_REQUEST bytes=8000000000000000010001000100000001010001300c0000000000000000000000000000000000000000000000000000000000000000000000dbd8040100000000c0d80401000000000002000000000004000000000000000000000018000000b034c70a0b000000
AO46_AGX_PRIVATE_WINSYS_RETURN capture_id=27 name=resource-create storage=0x0000000100596480 x0=0x0000000b0ac20b50 x1=0x000000016fdfddb8
AO46_AGX_PRIVATE_WINSYS_CALL name=resource-gpu-address capture_id=28 return_hook=1 x0=0x0000000b0ac20b50 x1=0x0000000b0ac20b50 x2=0x0000000000000000 x3=0x0000000b0ac20bc8 x4=0x00000001000abc3f x5=0x000000016fdfd850
AO46_AGX_PRIVATE_WINSYS_RETURN capture_id=28 name=resource-gpu-address storage=0x0000000b0ac20b50 x0=0x0000010000031b00 x1=0x0000000b0ac20b50
AO46_AGX_PRIVATE_WINSYS_CALL name=resource-create capture_id=29 return_hook=1 x0=0x0000000100596480 x1=0x000000016fdfdfb8 x2=0x0000000000000068 x3=0x0000000000000001 x4=0x0000000000000000 x5=0x000000016fdfdfb8
Selector 9, 2D03, 2D03
AGX_CALL selector=9 scalar_in=0 struct_in=104 scalar_out_capacity=0 struct_out_capacity=88
2D03: call 9 (out 0x16fdfddc0, 88), struct:
000000  80 00 00 00 00 00 00 00 01 00 01 00 01 00 00 00  | €...............
000010  01 01 00 01 30 0C 00 00 00 00 00 00 00 00 00 00  | ....0...........
000020  00 00 00 00 00 00 00 00 00 00 00 00 00 00 00 00  | ................
000030  00 00 00 00 00 00 00 00 00 DC D8 04 01 00 00 00  | ................
000040  00 C0 D8 04 01 00 00 00 00 00 02 00 00 00 00 00  | ................
000050  04 00 00 00 00 00 00 00 00 00 00 00 18 00 00 00  | ................
000060  B8 37 C7 0A 0B 00 00 00 
AGX_RESULT selector=9 status=0 scalar_out=0 struct_out=88
MODERN_ALLOCATE_MEM handle=15 gpu=10000031c00 cpu=0 size=1e400 attributes=80 storage=0xc30 write_combined=0 private=0 reused=0
MODERN_ALLOCATE_REQUEST size_units_candidate=2
MODERN_ALLOCATE_REQUEST bytes=8000000000000000010001000100000001010001300c0000000000000000000000000000000000000000000000000000000000000000000000dcd8040100000000c0d80401000000000002000000000004000000000000000000000018000000b837c70a0b000000
AO46_AGX_PRIVATE_WINSYS_RETURN capture_id=29 name=resource-create storage=0x0000000100596480 x0=0x0000000b0ac20bf0 x1=0x000000016fdfddb8
AO46_AGX_PRIVATE_WINSYS_CALL name=resource-gpu-address capture_id=30 return_hook=1 x0=0x0000000b0ac20bf0 x1=0x0000000b0ac20bf0 x2=0x0000000000000000 x3=0x0000000b0ac20c68 x4=0x00000001000abc3f x5=0x000000016fdfd850
AO46_AGX_PRIVATE_WINSYS_RETURN capture_id=30 name=resource-gpu-address storage=0x0000000b0ac20bf0 x0=0x0000010000031c00 x1=0x0000000b0ac20bf0
AO46_AGX_PRIVATE_WINSYS_CALL name=resource-create capture_id=31 return_hook=1 x0=0x0000000100596480 x1=0x000000016fdfdfb8 x2=0x0000000000000068 x3=0x0000000000000001 x4=0x0000000000000000 x5=0x000000016fdfdfb8
Selector 9, 2D03, 2D03
AGX_CALL selector=9 scalar_in=0 struct_in=104 scalar_out_capacity=0 struct_out_capacity=88
2D03: call 9 (out 0x16fdfddc0, 88), struct:
000000  80 00 00 00 00 00 00 00 01 00 01 00 01 00 00 00  | €...............
000010  01 01 00 01 30 0C 00 00 00 00 00 00 00 00 00 00  | ....0...........
000020  00 00 00 00 00 00 00 00 00 00 00 00 00 00 00 00  | ................
000030  00 00 00 00 00 00 00 00 00 E4 D8 04 01 00 00 00  | ................
000040  00 C0 D8 04 01 00 00 00 00 00 02 00 00 00 00 00  | ................
000050  04 00 00 00 00 00 00 00 00 00 00 00 18 00 00 00  | ................
000060  C0 3A C7 0A 0B 00 00 00 
AGX_RESULT selector=9 status=0 scalar_out=0 struct_out=88
MODERN_ALLOCATE_MEM handle=16 gpu=10000032400 cpu=0 size=1dc00 attributes=80 storage=0xc30 write_combined=0 private=0 reused=0
MODERN_ALLOCATE_REQUEST size_units_candidate=2
MODERN_ALLOCATE_REQUEST bytes=8000000000000000010001000100000001010001300c0000000000000000000000000000000000000000000000000000000000000000000000e4d8040100000000c0d80401000000000002000000000004000000000000000000000018000000c03ac70a0b000000
AO46_AGX_PRIVATE_WINSYS_RETURN capture_id=31 name=resource-create storage=0x0000000100596480 x0=0x0000000b0ac20c90 x1=0x000000016fdfddb8
AO46_AGX_PRIVATE_WINSYS_CALL name=resource-gpu-address capture_id=32 return_hook=1 x0=0x0000000b0ac20c90 x1=0x0000000b0ac20c90 x2=0x0000000000000000 x3=0x0000000b0ac20d08 x4=0x00000001000abc3f x5=0x000000016fdfd850
AO46_AGX_PRIVATE_WINSYS_RETURN capture_id=32 name=resource-gpu-address storage=0x0000000b0ac20c90 x0=0x0000010000032400 x1=0x0000000b0ac20c90
AO46_AGX_PRIVATE_WINSYS_CALL name=resource-create capture_id=33 return_hook=1 x0=0x0000000100596480 x1=0x0000000b0ac71b28 x2=0x0000000000000068 x3=0x0000000000000001 x4=0x0000000000000000 x5=0x0000000b0ac71b28
Selector 9, 2D03, 2D03
AGX_CALL selector=9 scalar_in=0 struct_in=104 scalar_out_capacity=0 struct_out_capacity=88
2D03: call 9 (out 0x16fdfced0, 88), struct:
000000  00 00 00 00 00 00 00 00 01 00 01 00 01 00 00 00  | ................
000010  01 01 00 01 30 84 00 00 00 00 00 00 00 00 00 00  | ....0...........
000020  00 00 00 00 00 00 00 00 00 00 00 00 00 00 00 00  | ................
*
000040  00 00 00 00 00 00 00 00 00 00 01 00 00 00 00 00  | ................
000050  00 00 00 00 00 00 00 00 00 00 00 38 18 00 00 00  | ...........8....
000060  00 00 00 00 00 00 00 00 
AGX_RESULT selector=9 status=0 scalar_out=0 struct_out=88
MODERN_ALLOCATE_MEM handle=17 gpu=0 cpu=104dac000 size=10000 attributes=0 storage=0x8430 write_combined=0 private=0 reused=0
MODERN_ALLOCATE_REQUEST size_units_candidate=1
MODERN_ALLOCATE_REQUEST bytes=0000000000000000010001000100000001010001308400000000000000000000000000000000000000000000000000000000000000000000000000000000000000000000000000000000010000000000000000000000000000000038180000000000000000000000
AO46_AGX_PRIVATE_WINSYS_RETURN capture_id=33 name=resource-create storage=0x0000000100596480 x0=0x0000000b0ac20d30 x1=0x000000016fdfcec8
AO46_AGX_PRIVATE_WINSYS_CALL name=resource-gpu-address capture_id=34 return_hook=1 x0=0x0000000b0ac20d30 x1=0x0000000b0ac20d30 x2=0x0000000000000000 x3=0x0000000b0ac20da8 x4=0x00000001000abc3f x5=0x000000016fdfc960
AO46_AGX_PRIVATE_WINSYS_RETURN capture_id=34 name=resource-gpu-address storage=0x0000000b0ac20d30 x0=0x0000000000000000 x1=0x0000000b0ac20d30
AO46_AGX_PRIVATE_WINSYS_CALL name=resource-create capture_id=35 return_hook=1 x0=0x0000000100596480 x1=0x000000016fdfdd78 x2=0x0000000000000068 x3=0x0000000000000001 x4=0x0000000000000000 x5=0x000000016fdfdd78
Selector 9, 2D03, 2D03
AGX_CALL selector=9 scalar_in=0 struct_in=104 scalar_out_capacity=0 struct_out_capacity=88
2D03: call 9 (out 0x16fdfdb80, 88), struct:
000000  80 00 00 00 00 00 00 00 01 00 01 00 01 00 00 00  | €...............
000010  01 01 00 01 30 0C 00 00 00 00 00 00 00 00 00 00  | ....0...........
000020  00 00 00 00 00 00 00 00 00 00 00 00 00 00 00 00  | ................
000030  00 00 00 00 00 00 00 00 00 E5 D8 04 01 00 00 00  | ................
000040  00 C0 D8 04 01 00 00 00 00 00 02 00 00 00 00 00  | ................
000050  04 00 00 00 00 00 00 00 00 00 00 00 18 00 00 00  | ................
000060  C8 0A 0B 0E 01 00 00 00 
AGX_RESULT selector=9 status=0 scalar_out=0 struct_out=88
MODERN_ALLOCATE_MEM handle=18 gpu=10000032500 cpu=0 size=1db00 attributes=80 storage=0xc30 write_combined=0 private=0 reused=0
MODERN_ALLOCATE_REQUEST size_units_candidate=2
MODERN_ALLOCATE_REQUEST bytes=8000000000000000010001000100000001010001300c0000000000000000000000000000000000000000000000000000000000000000000000e5d8040100000000c0d80401000000000002000000000004000000000000000000000018000000c80a0b0e01000000
AO46_AGX_PRIVATE_WINSYS_RETURN capture_id=35 name=resource-create storage=0x0000000100596480 x0=0x0000000b0ac20e70 x1=0x000000016fdfdb78
AO46_AGX_PRIVATE_WINSYS_CALL name=resource-gpu-address capture_id=36 return_hook=1 x0=0x0000000b0ac20e70 x1=0x0000000b0ac20e70 x2=0x0000000000000000 x3=0x0000000b0ac20ee8 x4=0x00000001000abc3f x5=0x000000016fdfd610
AO46_AGX_PRIVATE_WINSYS_RETURN capture_id=36 name=resource-gpu-address storage=0x0000000b0ac20e70 x0=0x0000010000032500 x1=0x0000000b0ac20e70
AO46_AGX_PRIVATE_WINSYS_CALL name=resource-create capture_id=37 return_hook=1 x0=0x0000000100596480 x1=0x000000016fdfdd18 x2=0x0000000000000068 x3=0x0000000000000001 x4=0x0000000000020020 x5=0x000000016fdfdd18
Selector 9, 2D03, 2D03
AGX_CALL selector=9 scalar_in=0 struct_in=104 scalar_out_capacity=0 struct_out_capacity=88
2D03: call 9 (out 0x16fdfdae0, 88), struct:
000000  00 00 00 00 00 00 00 00 01 00 01 00 01 00 00 00  | ................
000010  01 01 00 01 70 04 00 00 00 00 00 00 00 00 00 00  | ....p...........
000020  00 00 00 00 00 00 00 00 00 00 00 00 00 00 00 00  | ................
000030  01 00 00 00 00 00 00 00 00 00 00 00 00 00 00 00  | ................
000040  00 00 00 00 00 00 00 00 00 00 02 00 00 00 00 00  | ................
000050  00 00 00 00 00 00 00 00 00 00 00 00 00 00 00 00  | ................
000060  C8 0A 0B 0E 01 00 00 00 
AGX_RESULT selector=9 status=0 scalar_out=0 struct_out=88
MODERN_ALLOCATE_MEM handle=19 gpu=10000058000 cpu=104dbc000 size=20000 attributes=0 storage=0x470 write_combined=0 private=0 reused=0
MODERN_ALLOCATE_REQUEST size_units_candidate=2
MODERN_ALLOCATE_REQUEST bytes=000000000000000001000100010000000101000170040000000000000000000000000000000000000000000000000000010000000000000000000000000000000000000000000000000002000000000000000000000000000000000000000000c80a0b0e01000000
AO46_AGX_PRIVATE_WINSYS_RETURN capture_id=37 name=resource-create storage=0x0000000100596480 x0=0x0000000b0ac20f10 x1=0x000000016fdfdad8
AO46_AGX_PRIVATE_WINSYS_CALL name=resource-gpu-address capture_id=38 return_hook=1 x0=0x0000000b0ac20f10 x1=0x0000000b0ac20f10 x2=0x0000000000000000 x3=0x0000000b0ac20f88 x4=0x00000001000abc3f x5=0x000000016fdfd570
AO46_AGX_PRIVATE_WINSYS_RETURN capture_id=38 name=resource-gpu-address storage=0x0000000b0ac20f10 x0=0x0000010000058000 x1=0x0000000b0ac20f10
AO46_AGX_PRIVATE_WINSYS_CALL name=resource-create capture_id=39 return_hook=1 x0=0x0000000100596480 x1=0x000000016fdfe008 x2=0x0000000000000068 x3=0x0000000000000001 x4=0x0000000000020020 x5=0x000000016fdfe008
Selector 9, 2D03, 2D03
AGX_CALL selector=9 scalar_in=0 struct_in=104 scalar_out_capacity=0 struct_out_capacity=88
2D03: call 9 (out 0x16fdfde10, 88), struct:
000000  80 00 00 00 00 00 00 00 01 00 01 00 01 00 00 00  | €...............
000010  01 01 00 01 30 0C 00 00 00 00 00 00 00 00 00 00  | ....0...........
000020  00 00 00 00 00 00 00 00 00 00 00 00 00 00 00 00  | ................
000030  00 00 00 00 00 00 00 00 00 C0 DB 04 01 00 00 00  | ................
000040  00 C0 DB 04 01 00 00 00 00 00 02 00 00 00 00 00  | ................
000050  13 00 00 00 00 00 00 00 00 00 00 00 18 00 00 00  | ................
000060  C8 0A 0B 0E 01 00 00 00 
AGX_RESULT selector=9 status=0 scalar_out=0 struct_out=88
MODERN_ALLOCATE_MEM handle=20 gpu=10000058000 cpu=0 size=20000 attributes=80 storage=0xc30 write_combined=0 private=0 reused=0
MODERN_ALLOCATE_REQUEST size_units_candidate=2
MODERN_ALLOCATE_REQUEST bytes=8000000000000000010001000100000001010001300c0000000000000000000000000000000000000000000000000000000000000000000000c0db040100000000c0db0401000000000002000000000013000000000000000000000018000000c80a0b0e01000000
AO46_AGX_PRIVATE_WINSYS_RETURN capture_id=39 name=resource-create storage=0x0000000100596480 x0=0x0000000b0ac20fb0 x1=0x000000016fdfde08
AO46_AGX_PRIVATE_WINSYS_CALL name=resource-gpu-address capture_id=40 return_hook=1 x0=0x0000000b0ac20fb0 x1=0x0000000b0ac20fb0 x2=0x0000000000000000 x3=0x0000000b0ac21028 x4=0x00000001000abc3f x5=0x000000016fdfd8a0
AO46_AGX_PRIVATE_WINSYS_RETURN capture_id=40 name=resource-gpu-address storage=0x0000000b0ac20fb0 x0=0x0000010000058000 x1=0x0000000b0ac20fb0
AO46_AGX_COMPUTE_RECORD allocate input-shared
AO46_AGX_PRIVATE_WINSYS_CALL name=resource-create capture_id=41 return_hook=1 x0=0x0000000100596480 x1=0x000000016fdfe4b8 x2=0x0000000000000068 x3=0x0000000000000001 x4=0x0000000000000000 x5=0x000000016fdfe4b8
Selector 9, 2D03, 2D03
AGX_CALL selector=9 scalar_in=0 struct_in=104 scalar_out_capacity=0 struct_out_capacity=88
2D03: call 9 (out 0x16fdfe2e0, 88), struct:
000000  80 00 00 00 00 00 00 00 01 00 01 00 01 00 00 00  | €...............
000010  01 01 00 01 30 0C 00 00 00 00 00 00 00 00 00 00  | ....0...........
000020  00 00 00 00 00 00 00 00 00 00 00 00 00 00 00 00  | ................
000030  00 00 00 00 00 00 00 00 00 05 D9 04 01 00 00 00  | ................
000040  00 C0 D8 04 01 00 00 00 00 00 02 00 00 00 00 00  | ................
000050  04 00 00 00 00 00 00 00 00 00 00 00 00 00 00 00  | ................
000060  C8 0A 0B 0E 01 00 00 00 
AGX_RESULT selector=9 status=0 scalar_out=0 struct_out=88
MODERN_ALLOCATE_MEM handle=21 gpu=10000034500 cpu=0 size=1bb00 attributes=80 storage=0xc30 write_combined=0 private=0 reused=0
MODERN_ALLOCATE_REQUEST size_units_candidate=2
MODERN_ALLOCATE_REQUEST bytes=8000000000000000010001000100000001010001300c000000000000000000000000000000000000000000000000000000000000000000000005d9040100000000c0d80401000000000002000000000004000000000000000000000000000000c80a0b0e01000000
AO46_AGX_PRIVATE_WINSYS_RETURN capture_id=41 name=resource-create storage=0x0000000100596480 x0=0x0000000b0ac21050 x1=0x000000016fdfe2d8
AO46_AGX_PRIVATE_WINSYS_CALL name=resource-gpu-address capture_id=42 return_hook=1 x0=0x0000000b0ac21050 x1=0x0000000b0ac21050 x2=0x0000000000000000 x3=0x0000000b0ac210c8 x4=0x00000001000abc3f x5=0x000000016fdfdd70
AO46_AGX_PRIVATE_WINSYS_RETURN capture_id=42 name=resource-gpu-address storage=0x0000000b0ac21050 x0=0x0000010000034500 x1=0x0000000b0ac21050
AO46_AGX_COMPUTE_RECORD allocate output-shared
AO46_AGX_PRIVATE_WINSYS_CALL name=resource-create capture_id=43 return_hook=1 x0=0x0000000100596480 x1=0x000000016fdfe4b8 x2=0x0000000000000068 x3=0x0000000000000001 x4=0x0000000000000000 x5=0x000000016fdfe4b8
Selector 9, 2D03, 2D03
AGX_CALL selector=9 scalar_in=0 struct_in=104 scalar_out_capacity=0 struct_out_capacity=88
2D03: call 9 (out 0x16fdfe2e0, 88), struct:
000000  80 00 00 00 00 00 00 00 01 00 01 00 01 00 00 00  | €...............
000010  01 01 00 01 30 0C 00 00 00 00 00 00 00 00 00 00  | ....0...........
000020  00 00 00 00 00 00 00 00 00 00 00 00 00 00 00 00  | ................
000030  00 00 00 00 00 00 00 00 00 15 D9 04 01 00 00 00  | ................
000040  00 C0 D8 04 01 00 00 00 00 00 02 00 00 00 00 00  | ................
000050  04 00 00 00 00 00 00 00 00 00 00 00 00 00 00 00  | ................
000060  58 80 7B EF 01 00 00 00 
AGX_RESULT selector=9 status=0 scalar_out=0 struct_out=88
MODERN_ALLOCATE_MEM handle=22 gpu=10000035500 cpu=0 size=1ab00 attributes=80 storage=0xc30 write_combined=0 private=0 reused=0
MODERN_ALLOCATE_REQUEST size_units_candidate=2
MODERN_ALLOCATE_REQUEST bytes=8000000000000000010001000100000001010001300c000000000000000000000000000000000000000000000000000000000000000000000015d9040100000000c0d8040100000000000200000000000400000000000000000000000000000058807bef01000000
AO46_AGX_PRIVATE_WINSYS_RETURN capture_id=43 name=resource-create storage=0x0000000100596480 x0=0x0000000b0ac210f0 x1=0x000000016fdfe2d8
AO46_AGX_PRIVATE_WINSYS_CALL name=resource-gpu-address capture_id=44 return_hook=1 x0=0x0000000b0ac210f0 x1=0x0000000b0ac210f0 x2=0x0000000000000000 x3=0x0000000b0ac21168 x4=0x00000001000abc3f x5=0x000000016fdfdd70
AO46_AGX_PRIVATE_WINSYS_RETURN capture_id=44 name=resource-gpu-address storage=0x0000000b0ac210f0 x0=0x0000010000035500 x1=0x0000000b0ac210f0
AO46_AGX_COMPUTE_RECORD public-resource name=input gpu_va=0x10000034500 bytes=4096
AO46_AGX_COMPUTE_RECORD public-resource name=output gpu_va=0x10000035500 bytes=4096
AO46_AGX_COMPUTE_RECORD dispatch transform-input-to-output elements=1024 threads_per_group=32
AO46_AGX_PRIVATE_WINSYS_CALL name=command-buffer-init capture_id=45 return_hook=1 x0=0x00000001005ac520 x1=0x00000001fe1359a8 x2=0x00000001005a8230 x3=0x0000000000000001 x4=0x0000000000000000 x5=0x0000000040000001
Selector 6, 2D03, 2D03
AGX_CALL selector=6 scalar_in=0 struct_in=0 scalar_out_capacity=0 struct_out_capacity=16
2D03: call 6 (out 0x16fdfe368, 16)
AGX_RESULT selector=6 status=0 scalar_out=0 struct_out=16
AO46_AGX_PRIVATE_WINSYS_CALL name=storage-pool-create capture_id=46 return_hook=1 x0=0x0000000100584600 x1=0x00000007a7a6602b x2=0x0000000000000001 x3=0x0000000000000103 x4=0x000000018376f757 x5=0x000000016fdfde40
AO46_AGX_PRIVATE_WINSYS_STORAGE_CREATE_PARAMS address=0x000000010059ce80 bytes=c082c40a0b0000008082c40a0b0000000083c40a0b0000000089090b0b0000002c000000000000008004c30a0b0000006000c30a0b0000004083c40a0b000000
AO46_AGX_PRIVATE_WINSYS_CALL name=command-storage-create capture_id=47 return_hook=1 x0=0x000000010059cba0 x1=0x000000010059ce80 x2=0x00000007a7a6602b x3=0x0000000000000001 x4=0x000000018376f757 x5=0x000000016fdfde40
Selector 14, 2D03, 2D03
AGX_CALL selector=14 scalar_in=2 struct_in=0 scalar_out_capacity=0 struct_out_capacity=16
2D03: call E (out 0x16fdfe230, 16) 4000 0
AGX_RESULT selector=14 status=0 scalar_out=0 struct_out=16
Selector 14, 2D03, 2D03
AGX_CALL selector=14 scalar_in=2 struct_in=0 scalar_out_capacity=0 struct_out_capacity=16
2D03: call E (out 0x16fdfe230, 16) 4000 1
AGX_RESULT selector=14 status=0 scalar_out=0 struct_out=16
AO46_AGX_PRIVATE_WINSYS_CALL name=begin-kernel-commands capture_id=48 return_hook=1 x0=0x00000001005aa2e0 x1=0x0000000104ddc000 x2=0xffffffffffffffec x3=0x0000000104ddc06c x4=0x0000000104ddc080 x5=0x000000016fdfdd50
AO46_AGX_PRIVATE_WINSYS_RETURN capture_id=48 name=begin-kernel-commands storage=0x00000001005aa2e0 x0=0x00000001005aa2e0 x1=0x0000000104ddc000
AO46_AGX_PRIVATE_WINSYS_RETURN capture_id=47 name=command-storage-create storage=0x000000010059cba0 x0=0x00000001005aa2e0 x1=0x0000000104ddc000
AO46_AGX_PRIVATE_WINSYS_RETURN capture_id=46 name=storage-pool-create storage=0x0000000100584600 x0=0x00000001005aa2e0 x1=0x0000000104ddc000
AO46_AGX_PRIVATE_WINSYS_RETURN capture_id=45 name=command-buffer-init storage=0x00000001005ac520 x0=0x00000001005ac520 x1=0x0000000104ddc000
AO46_AGX_PRIVATE_WINSYS_SEGMENT_POINTER storage=0x00000001005aa2e0 pointer=0x0000000104ddc0ac kernel_base=0x0000000104ddc000 kernel_delta=0xac
AO46_AGX_PRIVATE_WINSYS_CALL name=begin-segment capture_id=49 return_hook=1 x0=0x00000001005aa2e0 x1=0x0000000104ddc0ac x2=0x0000000000000000 x3=0xfffff0007fc00000 x4=0x00000001005ac900 x5=0x0000000000000000
AO46_AGX_PRIVATE_WINSYS_CALL name=resource-list-reset capture_id=0 return_hook=0 x0=0x00000001005aa370 x1=0x000000010048c048 x2=0x0000000000003fb8 x3=0x0000000000000001 x4=0x00000001005ac900 x5=0x0000000000000000
AO46_AGX_PRIVATE_WINSYS_RETURN capture_id=49 name=begin-segment storage=0x00000001005aa2e0 x0=0x000000064e400300 x1=0x0000000000000000
AO46_AGX_PRIVATE_WINSYS_SLOT phase=before storage=0x00000001005aa2e0 index=0x0000000000000003 count=44 slots=0x0000000b0b098900 records=0x00000001005b09a0 slot_descriptor=0x00000001005a78b0 record=0x00000001005b0a60 slot_descriptor_bytes=812cd2ef010000010000000000000000b8785a00010000000000000000000000c8785a00010000000000000000000000082cd2ef01000000a0cb59000100000020795a0001000000680000000000000000366e010000000000000000000000000000000000000000 record_bytes=00000000000000000000000000000000000000000000000000000000000000000000000000000000000000000000000000000000000000000000000000000000
AO46_AGX_PRIVATE_WINSYS_CALL name=alloc-resource-at-index capture_id=50 return_hook=1 x0=0x00000001005aa2e0 x1=0x0000000000000003 x2=0x0000000000000001 x3=0x000000064e4003c0 x4=0x000000064e400380 x5=0x0000000000000000
AO46_AGX_PRIVATE_WINSYS_CALL name=resource-pool-create-pooled-resource capture_id=51 return_hook=1 x0=0x00000001005a78b0 x1=0x000000016fdfe0ff x2=0x0000000000000001 x3=0x000000064e4003c0 x4=0x000000064e400380 x5=0x0000000000000000
AO46_AGX_PRIVATE_WINSYS_CALL name=resource-create capture_id=52 return_hook=1 x0=0x0000000100596480 x1=0x00000001005a7920 x2=0x0000000000000068 x3=0x0000000000000001 x4=0x0000000000000000 x5=0x00000001005a7920
Selector 9, 2D03, 2D03
AGX_CALL selector=9 scalar_in=0 struct_in=104 scalar_out_capacity=0 struct_out_capacity=88
2D03: call 9 (out 0x16fdfe000, 88), struct:
000000  00 00 00 00 00 00 00 00 00 80 01 00 01 00 00 00  | .........€......
000010  01 01 00 01 30 44 00 00 00 00 00 00 00 00 00 00  | ....0D..........
000020  00 00 00 00 00 00 00 00 00 00 00 00 00 00 00 00  | ................
*
000040  00 00 00 00 00 00 00 00 00 80 00 00 00 00 00 00  | .........€......
000050  00 00 00 00 00 00 00 00 00 00 00 08 48 00 00 00  | ............H...
000060  00 00 00 00 00 00 00 00 
AGX_RESULT selector=9 status=0 scalar_out=0 struct_out=88
MODERN_ALLOCATE_MEM handle=23 gpu=10000080000 cpu=104de0000 size=8000 attributes=0 storage=0x4430 write_combined=0 private=0 reused=0
MODERN_ALLOCATE_REQUEST size_units_candidate=0
MODERN_ALLOCATE_REQUEST bytes=0000000000000000008001000100000001010001304400000000000000000000000000000000000000000000000000000000000000000000000000000000000000000000000000000080000000000000000000000000000000000008480000000000000000000000
AO46_AGX_PRIVATE_WINSYS_RETURN capture_id=52 name=resource-create storage=0x0000000100596480 x0=0x0000000b0ac21190 x1=0x000000016fdfdff8
AO46_AGX_PRIVATE_WINSYS_CALL name=resource-gpu-address capture_id=53 return_hook=1 x0=0x0000000b0ac21190 x1=0x0000000b0ac21190 x2=0x0000000000000000 x3=0x0000000b0ac21208 x4=0x00000001000abc3f x5=0x000000016fdfda90
AO46_AGX_PRIVATE_WINSYS_RETURN capture_id=53 name=resource-gpu-address storage=0x0000000b0ac21190 x0=0x0000010000080000 x1=0x0000000b0ac21190
AO46_AGX_PRIVATE_WINSYS_RETURN capture_id=51 name=resource-pool-create-pooled-resource storage=0x00000001005a78b0 x0=0x0000000b0b1c0000 x1=0x0000000000000103
AO46_AGX_PRIVATE_WINSYS_RETURN capture_id=50 name=alloc-resource-at-index storage=0x00000001005aa2e0 x0=0x0000000000000000 x1=0x0000000000000103
AO46_AGX_PRIVATE_WINSYS_SLOT phase=after storage=0x00000001005aa2e0 index=0x0000000000000003 count=44 records=0x00000001005b09a0 record=0x00000001005b0a60 record_resource=0x0000000b0b1c0000 record_bytes=00000800000100000000de04010000000080de04010000000000de040100000000001c0b0b000000000000000000000000800000000000001700000000000000
AO46_AGX_PRIVATE_WINSYS_CALL name=resource-list-add-resource capture_id=0 return_hook=0 x0=0x00000001005aa370 x1=0x0000000b0b1c0040 x2=0x0000000000000001 x3=0x0000000000000103 x4=0x00000001000abc3f x5=0x000000016fdfda90
AO46_AGX_PRIVATE_WINSYS_SLOT phase=before storage=0x00000001005aa2e0 index=0x0000000000000005 count=44 slots=0x0000000b0b098900 records=0x00000001005b09a0 slot_descriptor=0x00000001005a72f0 record=0x00000001005b0ae0 slot_descriptor_bytes=812cd2ef010000010000000000000000f8725a0001000000000000000000000008735a00010000000000000000000000082cd2ef01000000a0cb59000100000060735a0001000000680000000000000000366e010000000000000000000000000000000000000000 record_bytes=00000000000000000000000000000000000000000000000000000000000000000000000000000000000000000000000000000000000000000000000000000000
AO46_AGX_PRIVATE_WINSYS_CALL name=alloc-resource-at-index capture_id=54 return_hook=1 x0=0x00000001005aa2e0 x1=0x0000000000000005 x2=0x0000000000000001 x3=0x0000000000000000 x4=0x00000001000abc3f x5=0x000000016fdfda90
AO46_AGX_PRIVATE_WINSYS_CALL name=resource-pool-create-pooled-resource capture_id=55 return_hook=1 x0=0x00000001005a72f0 x1=0x000000016fdfe0ff x2=0x0000000000000001 x3=0x0000000000000000 x4=0x00000001000abc3f x5=0x000000016fdfda90
AO46_AGX_PRIVATE_WINSYS_CALL name=resource-create capture_id=56 return_hook=1 x0=0x0000000100596480 x1=0x00000001005a7360 x2=0x0000000000000068 x3=0xfffff0007fc00000 x4=0x0000000b0ac40280 x5=0x0000000000000001
Selector 9, 2D03, 2D03
AGX_CALL selector=9 scalar_in=0 struct_in=104 scalar_out_capacity=0 struct_out_capacity=88
2D03: call 9 (out 0x16fdfe000, 88), struct:
000000  00 00 00 00 00 00 00 00 00 80 01 00 01 00 00 00  | .........€......
000010  01 01 00 01 30 44 00 00 00 00 00 00 00 00 00 00  | ....0D..........
000020  00 00 00 00 00 00 00 00 00 00 00 00 00 00 00 00  | ................
*
000040  00 00 00 00 00 00 00 00 00 80 00 00 00 00 00 00  | .........€......
000050  00 00 00 00 00 00 00 00 00 00 00 18 00 00 00 00  | ................
000060  00 00 00 00 00 00 00 00 
AGX_RESULT selector=9 status=0 scalar_out=0 struct_out=88
MODERN_ALLOCATE_MEM handle=24 gpu=10000090000 cpu=104de8000 size=8000 attributes=0 storage=0x4430 write_combined=0 private=0 reused=0
MODERN_ALLOCATE_REQUEST size_units_candidate=0
MODERN_ALLOCATE_REQUEST bytes=0000000000000000008001000100000001010001304400000000000000000000000000000000000000000000000000000000000000000000000000000000000000000000000000000080000000000000000000000000000000000018000000000000000000000000
AO46_AGX_PRIVATE_WINSYS_RETURN capture_id=56 name=resource-create storage=0x0000000100596480 x0=0x0000000b0ac21230 x1=0x000000016fdfdff8
AO46_AGX_PRIVATE_WINSYS_CALL name=resource-gpu-address capture_id=57 return_hook=1 x0=0x0000000b0ac21230 x1=0x0000000b0ac21230 x2=0x0000000000000000 x3=0x0000000b0ac212a8 x4=0x00000001000abc3f x5=0x000000016fdfda90
AO46_AGX_PRIVATE_WINSYS_RETURN capture_id=57 name=resource-gpu-address storage=0x0000000b0ac21230 x0=0x0000010000090000 x1=0x0000000b0ac21230
AO46_AGX_PRIVATE_WINSYS_RETURN capture_id=55 name=resource-pool-create-pooled-resource storage=0x00000001005a72f0 x0=0x0000000b0b1c0180 x1=0x0000000000000103
AO46_AGX_PRIVATE_WINSYS_RETURN capture_id=54 name=alloc-resource-at-index storage=0x00000001005aa2e0 x0=0x0000000000000000 x1=0x0000000000000103
AO46_AGX_PRIVATE_WINSYS_SLOT phase=after storage=0x00000001005aa2e0 index=0x0000000000000005 count=44 records=0x00000001005b09a0 record=0x00000001005b0ae0 record_resource=0x0000000b0b1c0180 record_bytes=00000900000100000080de04010000000000df04010000000080de040100000080011c0b0b000000000000000000000000800000000000001800000000000000
AO46_AGX_PRIVATE_WINSYS_CALL name=resource-list-add-resource capture_id=0 return_hook=0 x0=0x00000001005aa370 x1=0x0000000b0b1c01c0 x2=0x0000000000000001 x3=0x0000000000000103 x4=0x0000000b0b1c4080 x5=0x0000000000000001
AO46_AGX_PRIVATE_WINSYS_SLOT phase=before storage=0x00000001005aa2e0 index=0x000000000000000d count=44 slots=0x0000000b0b098900 records=0x00000001005b09a0 slot_descriptor=0x0000000b0b1ac150 record=0x00000001005b0ce0 slot_descriptor_bytes=812cd2ef01000001000000000000000058c11a0b0b000000000000000000000068c11a0b0b0000000000000000000000082cd2ef01000000a0cb5900010000000080444e06000000680000000000000000366e010000000000000000000000000000000000000000 record_bytes=00000000000000000000000000000000000000000000000000000000000000000000000000000000000000000000000000000000000000000000000000000000
AO46_AGX_PRIVATE_WINSYS_CALL name=alloc-resource-at-index capture_id=58 return_hook=1 x0=0x00000001005aa2e0 x1=0x000000000000000d x2=0x0000000000000001 x3=0x0000000000000000 x4=0x0000000b0b1c4080 x5=0x0000000000000001
AO46_AGX_PRIVATE_WINSYS_CALL name=resource-pool-create-pooled-resource capture_id=59 return_hook=1 x0=0x0000000b0b1ac150 x1=0x000000016fdfe0ff x2=0x0000000000000001 x3=0x0000000000000000 x4=0x0000000b0b1c4080 x5=0x0000000000000001
AO46_AGX_PRIVATE_WINSYS_CALL name=resource-create capture_id=60 return_hook=1 x0=0x0000000100596480 x1=0x000000064e448000 x2=0x0000000000000068 x3=0x0000000000000001 x4=0x0000000000000000 x5=0x000000064e448000
Selector 9, 2D03, 2D03
AGX_CALL selector=9 scalar_in=0 struct_in=104 scalar_out_capacity=0 struct_out_capacity=88
2D03: call 9 (out 0x16fdfe000, 88), struct:
000000  00 00 00 00 00 00 00 00 00 80 01 00 01 00 00 00  | .........€......
000010  01 01 00 01 30 44 00 00 00 00 00 00 00 00 00 00  | ....0D..........
000020  00 00 00 00 00 00 00 00 00 00 00 00 00 00 00 00  | ................
*
000040  00 00 00 00 00 00 00 00 00 80 00 00 00 00 00 00  | .........€......
000050  00 00 00 00 00 00 00 00 00 00 00 08 00 00 00 00  | ................
000060  00 00 00 00 00 00 00 00 
AGX_RESULT selector=9 status=0 scalar_out=0 struct_out=88
MODERN_ALLOCATE_MEM handle=25 gpu=100000a0000 cpu=104df0000 size=8000 attributes=0 storage=0x4430 write_combined=0 private=0 reused=0
MODERN_ALLOCATE_REQUEST size_units_candidate=0
MODERN_ALLOCATE_REQUEST bytes=0000000000000000008001000100000001010001304400000000000000000000000000000000000000000000000000000000000000000000000000000000000000000000000000000080000000000000000000000000000000000008000000000000000000000000
AO46_AGX_PRIVATE_WINSYS_RETURN capture_id=60 name=resource-create storage=0x0000000100596480 x0=0x0000000b0ac212d0 x1=0x000000016fdfdff8
AO46_AGX_PRIVATE_WINSYS_CALL name=resource-gpu-address capture_id=61 return_hook=1 x0=0x0000000b0ac212d0 x1=0x0000000b0ac212d0 x2=0x0000000000000000 x3=0x0000000b0ac21348 x4=0x00000001000abc3f x5=0x000000016fdfda90
AO46_AGX_PRIVATE_WINSYS_RETURN capture_id=61 name=resource-gpu-address storage=0x0000000b0ac212d0 x0=0x00000100000a0000 x1=0x0000000b0ac212d0
AO46_AGX_PRIVATE_WINSYS_RETURN capture_id=59 name=resource-pool-create-pooled-resource storage=0x0000000b0b1ac150 x0=0x0000000b0b1c0300 x1=0x0000000000000103
AO46_AGX_PRIVATE_WINSYS_RETURN capture_id=58 name=alloc-resource-at-index storage=0x00000001005aa2e0 x0=0x0000000000000000 x1=0x0000000000000103
AO46_AGX_PRIVATE_WINSYS_SLOT phase=after storage=0x00000001005aa2e0 index=0x000000000000000d count=44 records=0x00000001005b09a0 record=0x00000001005b0ce0 record_resource=0x0000000b0b1c0300 record_bytes=00000a00000100000000df04010000000080df04010000000000df040100000000031c0b0b000000000000000000000000800000000000001900000000000000
AO46_AGX_PRIVATE_WINSYS_CALL name=resource-list-add-resource capture_id=0 return_hook=0 x0=0x00000001005aa370 x1=0x0000000b0b1c0340 x2=0x0000000000000001 x3=0x0000000000000103 x4=0x0000000b0b1c4a80 x5=0x0000000000000001
AO46_AGX_PRIVATE_WINSYS_SLOT phase=before storage=0x00000001005aa2e0 index=0x0000000000000016 count=44 slots=0x0000000b0b098900 records=0x00000001005b09a0 slot_descriptor=0x0000000b0b1ac540 record=0x00000001005b0f20 slot_descriptor_bytes=812cd2ef01000001000000000000000048c51a0b0b000000000000000000000058c51a0b0b0000000000000000000000082cd2ef01000000a0cb590001000000f083444e06000000680000000000000000366e010000000000000000000000000000000000000000 record_bytes=00000000000000000000000000000000000000000000000000000000000000000000000000000000000000000000000000000000000000000000000000000000
AO46_AGX_PRIVATE_WINSYS_CALL name=alloc-resource-at-index capture_id=62 return_hook=1 x0=0x00000001005aa2e0 x1=0x0000000000000016 x2=0x0000000000000001 x3=0x0000000000000000 x4=0x0000000b0b1c4a80 x5=0x0000000000000001
AO46_AGX_PRIVATE_WINSYS_CALL name=resource-pool-create-pooled-resource capture_id=63 return_hook=1 x0=0x0000000b0b1ac540 x1=0x000000016fdfe0ff x2=0x0000000000000001 x3=0x0000000000000000 x4=0x0000000b0b1c4a80 x5=0x0000000000000001
AO46_AGX_PRIVATE_WINSYS_CALL name=resource-create capture_id=64 return_hook=1 x0=0x0000000100596480 x1=0x000000064e4483f0 x2=0x0000000000000068 x3=0x0000000000000001 x4=0x0000000000000000 x5=0x000000064e4483f0
Selector 9, 2D03, 2D03
AGX_CALL selector=9 scalar_in=0 struct_in=104 scalar_out_capacity=0 struct_out_capacity=88
2D03: call 9 (out 0x16fdfe000, 88), struct:
000000  00 00 00 00 00 00 00 00 00 80 01 00 01 00 00 00  | .........€......
000010  01 01 00 01 30 44 00 00 00 00 00 00 00 00 00 00  | ....0D..........
000020  00 00 00 00 00 00 00 00 00 00 00 00 00 00 00 00  | ................
*
000040  00 00 00 00 00 00 00 00 00 80 00 00 00 00 00 00  | .........€......
000050  00 00 00 00 00 00 00 00 00 00 00 08 40 00 00 00  | ............@...
000060  00 00 00 00 00 00 00 00 
AGX_RESULT selector=9 status=0 scalar_out=0 struct_out=88
MODERN_ALLOCATE_MEM handle=26 gpu=100000b0000 cpu=104df8000 size=8000 attributes=0 storage=0x4430 write_combined=0 private=0 reused=0
MODERN_ALLOCATE_REQUEST size_units_candidate=0
MODERN_ALLOCATE_REQUEST bytes=0000000000000000008001000100000001010001304400000000000000000000000000000000000000000000000000000000000000000000000000000000000000000000000000000080000000000000000000000000000000000008400000000000000000000000
AO46_AGX_PRIVATE_WINSYS_RETURN capture_id=64 name=resource-create storage=0x0000000100596480 x0=0x0000000b0ac21370 x1=0x000000016fdfdff8
AO46_AGX_PRIVATE_WINSYS_CALL name=resource-gpu-address capture_id=65 return_hook=1 x0=0x0000000b0ac21370 x1=0x0000000b0ac21370 x2=0x0000000000000000 x3=0x0000000b0ac213e8 x4=0x00000001000abc3f x5=0x000000016fdfda90
AO46_AGX_PRIVATE_WINSYS_RETURN capture_id=65 name=resource-gpu-address storage=0x0000000b0ac21370 x0=0x00000100000b0000 x1=0x0000000b0ac21370
AO46_AGX_PRIVATE_WINSYS_RETURN capture_id=63 name=resource-pool-create-pooled-resource storage=0x0000000b0b1ac540 x0=0x0000000b0b1c0480 x1=0x0000000000000103
AO46_AGX_PRIVATE_WINSYS_RETURN capture_id=62 name=alloc-resource-at-index storage=0x00000001005aa2e0 x0=0x0000000000000000 x1=0x0000000000000103
AO46_AGX_PRIVATE_WINSYS_SLOT phase=after storage=0x00000001005aa2e0 index=0x0000000000000016 count=44 records=0x00000001005b09a0 record=0x00000001005b0f20 record_resource=0x0000000b0b1c0480 record_bytes=00000b00000100000080df04010000000000e004010000000080df040100000080041c0b0b000000000000000000000000800000000000001a00000000000000
AO46_AGX_PRIVATE_WINSYS_CALL name=resource-list-add-resource capture_id=0 return_hook=0 x0=0x00000001005aa370 x1=0x0000000b0b1c04c0 x2=0x0000000000000001 x3=0x0000000000000103 x4=0x0000000b0b1c5480 x5=0x0000000000000001
AO46_AGX_PRIVATE_WINSYS_SLOT phase=before storage=0x00000001005aa2e0 index=0x000000000000001a count=44 slots=0x0000000b0b098900 records=0x00000001005b09a0 slot_descriptor=0x0000000b0b1ac700 record=0x00000001005b1020 slot_descriptor_bytes=812cd2ef01000001000000000000000008c71a0b0b000000000000000000000018c71a0b0b0000000000000000000000082cd2ef01000000a0cb590001000000b085444e06000000680000000000000000366e010000000000000000000000000000000000000000 record_bytes=00000000000000000000000000000000000000000000000000000000000000000000000000000000000000000000000000000000000000000000000000000000
AO46_AGX_PRIVATE_WINSYS_CALL name=alloc-resource-at-index capture_id=66 return_hook=1 x0=0x00000001005aa2e0 x1=0x000000000000001a x2=0x0000000000000001 x3=0x0000000000000000 x4=0x0000000b0b1c5480 x5=0x0000000000000001
AO46_AGX_PRIVATE_WINSYS_CALL name=resource-pool-create-pooled-resource capture_id=67 return_hook=1 x0=0x0000000b0b1ac700 x1=0x000000016fdfe0ff x2=0x0000000000000001 x3=0x0000000000000000 x4=0x0000000b0b1c5480 x5=0x0000000000000001
AO46_AGX_PRIVATE_WINSYS_CALL name=resource-create capture_id=68 return_hook=1 x0=0x0000000100596480 x1=0x000000064e4485b0 x2=0x0000000000000068 x3=0x0000000000000001 x4=0x0000000000000000 x5=0x000000064e4485b0
Selector 9, 2D03, 2D03
AGX_CALL selector=9 scalar_in=0 struct_in=104 scalar_out_capacity=0 struct_out_capacity=88
2D03: call 9 (out 0x16fdfe000, 88), struct:
000000  00 00 00 00 00 00 00 00 00 80 01 00 01 00 00 00  | .........€......
000010  01 01 00 01 30 44 00 00 00 00 00 00 00 00 00 00  | ....0D..........
000020  00 00 00 00 00 00 00 00 00 00 00 00 00 00 00 00  | ................
*
000040  00 00 00 00 00 00 00 00 00 80 00 00 00 00 00 00  | .........€......
000050  00 00 00 00 00 00 00 00 00 00 00 08 00 00 00 00  | ................
000060  00 00 00 00 00 00 00 00 
AGX_RESULT selector=9 status=0 scalar_out=0 struct_out=88
MODERN_ALLOCATE_MEM handle=27 gpu=100000c0000 cpu=104e00000 size=8000 attributes=0 storage=0x4430 write_combined=0 private=0 reused=0
MODERN_ALLOCATE_REQUEST size_units_candidate=0
MODERN_ALLOCATE_REQUEST bytes=0000000000000000008001000100000001010001304400000000000000000000000000000000000000000000000000000000000000000000000000000000000000000000000000000080000000000000000000000000000000000008000000000000000000000000
AO46_AGX_PRIVATE_WINSYS_RETURN capture_id=68 name=resource-create storage=0x0000000100596480 x0=0x0000000b0ac21410 x1=0x000000016fdfdff8
AO46_AGX_PRIVATE_WINSYS_CALL name=resource-gpu-address capture_id=69 return_hook=1 x0=0x0000000b0ac21410 x1=0x0000000b0ac21410 x2=0x0000000000000000 x3=0x0000000b0ac21488 x4=0x00000001000abc3f x5=0x000000016fdfda90
AO46_AGX_PRIVATE_WINSYS_RETURN capture_id=69 name=resource-gpu-address storage=0x0000000b0ac21410 x0=0x00000100000c0000 x1=0x0000000b0ac21410
AO46_AGX_PRIVATE_WINSYS_RETURN capture_id=67 name=resource-pool-create-pooled-resource storage=0x0000000b0b1ac700 x0=0x0000000b0b1c0600 x1=0x0000000000000103
AO46_AGX_PRIVATE_WINSYS_RETURN capture_id=66 name=alloc-resource-at-index storage=0x00000001005aa2e0 x0=0x0000000000000000 x1=0x0000000000000103
AO46_AGX_PRIVATE_WINSYS_SLOT phase=after storage=0x00000001005aa2e0 index=0x000000000000001a count=44 records=0x00000001005b09a0 record=0x00000001005b1020 record_resource=0x0000000b0b1c0600 record_bytes=00000c00000100000000e004010000000080e004010000000000e0040100000000061c0b0b000000000000000000000000800000000000001b00000000000000
AO46_AGX_PRIVATE_WINSYS_CALL name=resource-list-add-resource capture_id=0 return_hook=0 x0=0x00000001005aa370 x1=0x0000000b0b1c0640 x2=0x0000000000000001 x3=0x0000000000000103 x4=0x0000000b0b1c5e80 x5=0x0000000000000001
AO46_AGX_PRIVATE_WINSYS_SLOT phase=before storage=0x00000001005aa2e0 index=0x000000000000001b count=44 slots=0x0000000b0b098900 records=0x00000001005b09a0 slot_descriptor=0x0000000b0b1ac770 record=0x00000001005b1060 slot_descriptor_bytes=812cd2ef01000001000000000000000078c71a0b0b000000000000000000000088c71a0b0b0000000000000000000000082cd2ef01000000a0cb5900010000002086444e06000000680000000000000000366e010000000000000000000000000000000000000000 record_bytes=00000000000000000000000000000000000000000000000000000000000000000000000000000000000000000000000000000000000000000000000000000000
AO46_AGX_PRIVATE_WINSYS_CALL name=alloc-resource-at-index capture_id=70 return_hook=1 x0=0x00000001005aa2e0 x1=0x000000000000001b x2=0x0000000000000001 x3=0x0000000000000000 x4=0x0000000b0b1c5e80 x5=0x0000000000000001
AO46_AGX_PRIVATE_WINSYS_CALL name=resource-pool-create-pooled-resource capture_id=71 return_hook=1 x0=0x0000000b0b1ac770 x1=0x000000016fdfe0ff x2=0x0000000000000001 x3=0x0000000000000000 x4=0x0000000b0b1c5e80 x5=0x0000000000000001
AO46_AGX_PRIVATE_WINSYS_CALL name=resource-create capture_id=72 return_hook=1 x0=0x0000000100596480 x1=0x000000064e448620 x2=0x0000000000000068 x3=0x0000000000000001 x4=0x0000000000000000 x5=0x000000064e448620
Selector 9, 2D03, 2D03
AGX_CALL selector=9 scalar_in=0 struct_in=104 scalar_out_capacity=0 struct_out_capacity=88
2D03: call 9 (out 0x16fdfe000, 88), struct:
000000  00 00 00 00 00 00 00 00 00 80 01 00 01 00 00 00  | .........€......
000010  01 01 00 01 30 44 00 00 00 00 00 00 00 00 00 00  | ....0D..........
000020  00 00 00 00 00 00 00 00 00 00 00 00 00 00 00 00  | ................
*
000040  00 00 00 00 00 00 00 00 00 80 00 00 00 00 00 00  | .........€......
000050  00 00 00 00 00 00 00 00 00 00 00 08 00 00 00 00  | ................
000060  00 00 00 00 00 00 00 00 
AGX_RESULT selector=9 status=0 scalar_out=0 struct_out=88
MODERN_ALLOCATE_MEM handle=28 gpu=100000d0000 cpu=104e08000 size=8000 attributes=0 storage=0x4430 write_combined=0 private=0 reused=0
MODERN_ALLOCATE_REQUEST size_units_candidate=0
MODERN_ALLOCATE_REQUEST bytes=0000000000000000008001000100000001010001304400000000000000000000000000000000000000000000000000000000000000000000000000000000000000000000000000000080000000000000000000000000000000000008000000000000000000000000
AO46_AGX_PRIVATE_WINSYS_RETURN capture_id=72 name=resource-create storage=0x0000000100596480 x0=0x0000000b0ac214b0 x1=0x000000016fdfdff8
AO46_AGX_PRIVATE_WINSYS_CALL name=resource-gpu-address capture_id=73 return_hook=1 x0=0x0000000b0ac214b0 x1=0x0000000b0ac214b0 x2=0x0000000000000000 x3=0x0000000b0ac21528 x4=0x00000001000abc3f x5=0x000000016fdfda90
AO46_AGX_PRIVATE_WINSYS_RETURN capture_id=73 name=resource-gpu-address storage=0x0000000b0ac214b0 x0=0x00000100000d0000 x1=0x0000000b0ac214b0
AO46_AGX_PRIVATE_WINSYS_RETURN capture_id=71 name=resource-pool-create-pooled-resource storage=0x0000000b0b1ac770 x0=0x0000000b0b1c0780 x1=0x0000000000000103
AO46_AGX_PRIVATE_WINSYS_RETURN capture_id=70 name=alloc-resource-at-index storage=0x00000001005aa2e0 x0=0x0000000000000000 x1=0x0000000000000103
AO46_AGX_PRIVATE_WINSYS_SLOT phase=after storage=0x00000001005aa2e0 index=0x000000000000001b count=44 records=0x00000001005b09a0 record=0x00000001005b1060 record_resource=0x0000000b0b1c0780 record_bytes=00000d00000100000080e004010000000000e104010000000080e0040100000080071c0b0b000000000000000000000000800000000000001c00000000000000
AO46_AGX_PRIVATE_WINSYS_CALL name=resource-list-add-resource capture_id=0 return_hook=0 x0=0x00000001005aa370 x1=0x0000000b0b1c07c0 x2=0x0000000000000001 x3=0x0000000000000103 x4=0x00000001000abc3f x5=0x000000016fdfda90
AO46_AGX_PRIVATE_WINSYS_CALL name=resource-list-add-resource capture_id=0 return_hook=0 x0=0x00000001005aa370 x1=0x0000000b0b0ac040 x2=0x0000000000000080 x3=0x0000000000000000 x4=0x00000001000abc3f x5=0x000000016fdfda90
AO46_AGX_PRIVATE_WINSYS_SLOT phase=before storage=0x00000001005aa2e0 index=0x000000000000000a count=44 slots=0x0000000b0b098900 records=0x00000001005b09a0 slot_descriptor=0x0000000b0b1ac000 record=0x00000001005b0c20 slot_descriptor_bytes=812cd2ef01000001000000000000000008c01a0b0b000000000000000000000018c01a0b0b0000000000000000000000082cd2ef01000000a0cb59000100000050775a0001000000680000000000000000366e010000000000000000000000000000000000000000 record_bytes=00000000000000000000000000000000000000000000000000000000000000000000000000000000000000000000000000000000000000000000000000000000
AO46_AGX_PRIVATE_WINSYS_CALL name=alloc-resource-at-index capture_id=74 return_hook=1 x0=0x00000001005aa2e0 x1=0x000000000000000a x2=0x0000000000000000 x3=0x0000000104ddc39c x4=0x0000000104ddc1c0 x5=0x000000016fdfda90
AO46_AGX_PRIVATE_WINSYS_CALL name=resource-pool-create-pooled-resource capture_id=75 return_hook=1 x0=0x0000000b0b1ac000 x1=0x000000016fdfe0df x2=0x0000000000000000 x3=0x0000000104ddc39c x4=0x0000000104ddc1c0 x5=0x000000016fdfda90
AO46_AGX_PRIVATE_WINSYS_CALL name=resource-create capture_id=76 return_hook=1 x0=0x0000000100596480 x1=0x00000001005a7750 x2=0x0000000000000068 x3=0x0000000000000001 x4=0x0000000000000000 x5=0x00000001005a7750
Selector 9, 2D03, 2D03
AGX_CALL selector=9 scalar_in=0 struct_in=104 scalar_out_capacity=0 struct_out_capacity=88
2D03: call 9 (out 0x16fdfdfe0, 88), struct:
000000  00 00 00 00 00 00 00 00 80 9B 01 00 01 00 00 00  | ........€.......
000010  01 01 00 01 30 44 00 00 00 00 00 00 00 00 00 00  | ....0D..........
000020  00 00 00 00 00 00 00 00 00 00 00 00 00 00 00 00  | ................
*
000040  00 00 00 00 00 00 00 00 80 9B 00 00 00 00 00 00  | ........€.......
000050  00 00 00 00 00 00 00 00 00 00 00 18 00 00 00 00  | ................
000060  00 00 00 00 00 00 00 00 
AGX_RESULT selector=9 status=0 scalar_out=0 struct_out=88
MODERN_ALLOCATE_MEM handle=29 gpu=100000e0000 cpu=104e10000 size=c000 attributes=0 storage=0x4430 write_combined=0 private=0 reused=0
MODERN_ALLOCATE_REQUEST size_units_candidate=0
MODERN_ALLOCATE_REQUEST bytes=0000000000000000809b0100010000000101000130440000000000000000000000000000000000000000000000000000000000000000000000000000000000000000000000000000809b000000000000000000000000000000000018000000000000000000000000
AO46_AGX_PRIVATE_WINSYS_RETURN capture_id=76 name=resource-create storage=0x0000000100596480 x0=0x0000000b0ac21550 x1=0x000000016fdfdfd8
AO46_AGX_PRIVATE_WINSYS_CALL name=resource-gpu-address capture_id=77 return_hook=1 x0=0x0000000b0ac21550 x1=0x0000000b0ac21550 x2=0x0000000000000000 x3=0x0000000b0ac215c8 x4=0x00000001000abc3f x5=0x000000016fdfda70
AO46_AGX_PRIVATE_WINSYS_RETURN capture_id=77 name=resource-gpu-address storage=0x0000000b0ac21550 x0=0x00000100000e0000 x1=0x0000000b0ac21550
AO46_AGX_PRIVATE_WINSYS_RETURN capture_id=75 name=resource-pool-create-pooled-resource storage=0x0000000b0b1ac000 x0=0x0000000b0b1c0900 x1=0x0000000000000103
AO46_AGX_PRIVATE_WINSYS_RETURN capture_id=74 name=alloc-resource-at-index storage=0x00000001005aa2e0 x0=0x0000000000000000 x1=0x0000000000000103
AO46_AGX_PRIVATE_WINSYS_SLOT phase=after storage=0x00000001005aa2e0 index=0x000000000000000a count=44 records=0x00000001005b09a0 record=0x00000001005b0c20 record_resource=0x0000000b0b1c0900 record_bytes=00000e00000100000000e1040100000000c0e104010000000000e1040100000000091c0b0b000000000000000000000000c00000000000001d00000000000000
AO46_AGX_PRIVATE_WINSYS_CALL name=resource-list-add-resource capture_id=0 return_hook=0 x0=0x00000001005aa370 x1=0x0000000b0b1c0940 x2=0x0000000000000001 x3=0x0000000000000103 x4=0x0000000b0b1c6880 x5=0x0000000000000001
AO46_AGX_PRIVATE_WINSYS_CALL name=resource-list-add-resource capture_id=0 return_hook=0 x0=0x00000001005aa370 x1=0x0000000b0b0ac2c0 x2=0x0000000000000080 x3=0x0000000000000000 x4=0x0000000b0b1c6880 x5=0x0000000000000001
AO46_AGX_PRIVATE_WINSYS_CALL name=resource-list-add-resource capture_id=0 return_hook=0 x0=0x00000001005aa370 x1=0x0000000b0ae78c80 x2=0x0000000000000080 x3=0x0000000000000000 x4=0x0000000b0b1c6880 x5=0x0000000000000001
AO46_AGX_PRIVATE_WINSYS_CALL name=resource-list-add-resource capture_id=0 return_hook=0 x0=0x00000001005aa370 x1=0x0000000b0ae783c0 x2=0x0000000000000080 x3=0x0000000000000103 x4=0x0000000000000000 x5=0x0000000000000001
AO46_AGX_PRIVATE_WINSYS_CALL name=resource-list-add-resource capture_id=0 return_hook=0 x0=0x00000001005aa370 x1=0x0000000b0ae78200 x2=0x0000000000000080 x3=0x0000000000000103 x4=0x0000000000000000 x5=0x0000000000000001
AO46_AGX_PRIVATE_WINSYS_CALL name=resource-list-add-resource capture_id=0 return_hook=0 x0=0x00000001005aa370 x1=0x0000000b0b0ac040 x2=0x0000000000000080 x3=0x000000016fdfe28c x4=0x0000000000000000 x5=0x0000000000000001
AO46_AGX_PRIVATE_WINSYS_CALL name=resource-list-add-resource capture_id=0 return_hook=0 x0=0x00000001005aa370 x1=0x0000000b0b0ac180 x2=0x0000000000000080 x3=0x000000016fdfe28c x4=0x0000000000000000 x5=0x0000000000000001
AO46_AGX_PRIVATE_WINSYS_CALL name=resource-list-add-resource capture_id=0 return_hook=0 x0=0x00000001005aa370 x1=0x0000000b0ae79000 x2=0x0000000000000001 x3=0x0000000000000008 x4=0x0000000000000000 x5=0x0000000000001120
AO46_AGX_PRIVATE_WINSYS_CALL name=resource-list-add-resource capture_id=0 return_hook=0 x0=0x00000001005aa370 x1=0x0000000b0ae791c0 x2=0x0000000000000003 x3=0x0000000000000003 x4=0x0000000000000000 x5=0x0000000000001120
AO46_AGX_PRIVATE_WINSYS_CALL name=resource-list-add-resource capture_id=0 return_hook=0 x0=0x00000001005aa370 x1=0x0000000b0b1c0040 x2=0x0000000000000001 x3=0x0000000000000000 x4=0x0000000000000000 x5=0x0000000000001120
AO46_AGX_PRIVATE_WINSYS_CALL name=end-segment capture_id=0 return_hook=0 x0=0x00000001005aa2e0 x1=0x0000000000000103 x2=0x0000000000000103 x3=0x0000000000000103 x4=0x000000016fdfe028 x5=0x000000016fdfe024
AO46_AGX_PRIVATE_WINSYS_CALL name=command-buffer-fill capture_id=0 return_hook=0 x0=0x00000001005ac520 x1=0x00000001fd6d92a8 x2=0x000000016ff12190 x3=0x00000001005a8230 x4=0x000000016ff12200 x5=0x0000000000000000
AO46_AGX_PRIVATE_WINSYS_CALL name=queue-submit capture_id=0 return_hook=0 x0=0x0000000b0ac681a0 x1=0x0000000000000000 x2=0x0000000000000001 x3=0x000000016ff12190 x4=0x0000000000000040 x5=0x000000016ff12214
MODERN_TRAP4_TRANSPORT queue=1 index=0 descriptor_bytes=64 carrier_offset=132 carrier_prefix=256 valid=1
MODERN_SUBMIT queue=1 header=2/1 completion0=b0ae545d0 completion1=b0ae54540
MODERN_RESOURCE_REFERENCE source_handle=23 source_offset=0x50 target_handle=13 gpu_delta=0
MODERN_RESOURCE_REFERENCE source_handle=23 source_offset=0x58 target_handle=12 gpu_delta=0
MODERN_RESOURCE_REFERENCE source_handle=29 source_offset=0x1ba0 target_handle=21 gpu_delta=0
MODERN_RESOURCE_REFERENCE source_handle=29 source_offset=0x1ba8 target_handle=22 gpu_delta=0
MODERN_RESOURCE_SCAN mapped=10 changed=10 references=4 bytes_per_resource=65536
MODERN_SUBMIT_AUX pointer=0x16ff12214 descriptor_offset=132 readable_prefix=256
MODERN_SUBMIT_CARRIER queue=1 offset=132 prefix=256 fingerprint=b5a8b20ce77e84a8
000000  00 00 00 00 D1 00 89 D2 45 53 60 EC 00 00 00 00  | ........ES`.....
000010  00 00 00 00 00 00 00 00 00 00 00 00 20 00 00 00  | ............ ...
000020  00 00 00 00 70 00 00 00 00 00 00 00 30 00 00 00  | ....p.......0...
000030  00 00 00 00 00 23 F1 6F 01 00 00 00 E1 FF FF FF  | .....#.o........
000040  FF FF FF FF 20 00 00 00 00 00 00 00 00 00 00 00  | .... ...........
000050  00 00 00 00 30 82 5A 00 01 00 00 00 00 23 F1 6F  | ....0.Z......#.o
000060  01 00 00 00 01 00 00 00 00 00 00 00 C0 22 F1 6F  | .............".o
000070  01 00 00 00 E8 49 A2 A8 01 00 00 00 01 00 00 00  | .....I..........
000080  00 00 00 00 00 00 00 00 00 00 00 00 A8 0C 24 ED  | ..............$.
000090  01 00 00 00 01 00 00 00 00 00 00 00 30 82 5A 00  | ............0.Z.
0000A0  01 00 00 00 28 00 00 00 00 00 00 00 60 27 F1 6F  | ....(.......`'.o
0000B0  01 00 00 00 18 27 EF 8F 01 00 00 00 00 00 00 00  | .....'..........
0000C0  00 00 00 00 30 82 5A 00 01 00 00 00 01 00 00 00  | ....0.Z.........
0000D0  00 00 00 00 01 00 00 00 00 00 00 00 30 00 00 00  | ............0...
0000E0  00 00 00 00 00 00 00 00 00 00 00 00 20 C5 5A 00  | ............ .Z.
0000F0  01 00 00 00 00 00 00 00 00 00 00 00 00 00 00 00  | ................

MODERN_SUBMIT_AUX_DIFF queue=1 baseline=256
MODERN_SUBMIT_AUX_EXTENDED bytes=4096
MODERN_SUBMIT_CARRIER_EXTENDED queue=1 prefix=4096 opaque_slot=0x1ff800000
AO46_AGX_PRIVATE_WINSYS_CALL name=trap4 capture_id=0 return_hook=0 x0=0x0000000000002d03 x1=0x0000000000000000 x2=0x0000000000000001 x3=0x0000000000000040 x4=0x000000016ff12190 x5=0x000000016ff12214
Trap4 connect=2D03, index=0, p1=1, p2=40, p3=16ff12190, p4=16ff12214, result=0
Dequeueing (dataQueue=0x100488000, data=0x16fe86510, buffer 40)
Return "(os/kern) successful", got 40 bytes
MODERN_COMPLETION queue=1 token=b0ae545d0 bytes=40
D0 45 E5 0A 0B 00 00 00 F0 0B 75 8C 6A 57 02 00 99 97 A9 8C 6A 57 02 00 00 00 00 00 00 00 00 00 00 00 00 00 00 00 00 00 
Dequeueing (dataQueue=0x100488000, data=0x16fe86510, buffer 40)
Return "(iokit/common) data underrun", got 40 bytes
Dequeueing (dataQueue=0x100488000, data=0x16fe86510, buffer 40)
Return "(os/kern) successful", got 40 bytes
MODERN_COMPLETION queue=1 token=b0ae54540 bytes=40
40 45 E5 0A 0B 00 00 00 D2 8F B2 8C 6A 57 02 00 59 BF B2 8C 6A 57 02 00 00 00 00 00 00 00 00 00 00 00 00 00 00 00 00 00 
AO46_AGX_COMPUTE_RECORD complete elements=1024 bytes=4096
Dequeueing (dataQueue=0x100488000, data=0x16fe86510, buffer 40)
Return "(iokit/common) data underrun", got 40 bytes
AO46_AGX_PRIVATE_WINSYS_CALL name=resource-release capture_id=0 return_hook=0 x0=0x0000000b0ac210f0 x1=0x00000001fd95aea8 x2=0x0000000b0ae79180 x3=0x0000000000000001 x4=0x0000000b0ae54060 x5=0x0000000000000002
Trap1 connect=2D03, index=1, p1=16, result=0
AO46_AGX_PRIVATE_WINSYS_CALL name=resource-release capture_id=0 return_hook=0 x0=0x0000000b0ac21050 x1=0x00000001fd95aea8 x2=0x0000000b0ae78fc0 x3=0x0000000000000001 x4=0x0000000b0ae54060 x5=0x0000000000000002
Trap1 connect=2D03, index=1, p1=15, result=0
Selector 8, 2D03, 2D03
AGX_CALL selector=8 scalar_in=1 struct_in=0 scalar_out_capacity=0 struct_out_capacity=0
2D03: call 8 (out 0x0, 0) 1
MODERN_NOTIFICATION_PORT_STATE phase=before selector=8 connect=2D03 id=1 port=3C07 right=1 refs=1 result=0
MODERN_NOTIFICATION_PORT_STATE phase=before selector=8 connect=2D03 id=1 port=3C07 right=0 refs=0 result=0
MODERN_NOTIFICATION_PORT_STATE phase=before selector=8 connect=2D03 id=1 port=3C07 right=2 refs=0 result=0
Selector 17, 2D03, 2D03
AGX_CALL selector=17 scalar_in=1 struct_in=0 scalar_out_capacity=0 struct_out_capacity=0
2D03: call 11 (out 0x0, 0) 1
MODERN_NOTIFICATION_PORT_STATE phase=before selector=17 connect=2D03 id=1 port=3C07 right=1 refs=0 result=0xf
MODERN_NOTIFICATION_PORT_STATE phase=before selector=17 connect=2D03 id=1 port=3C07 right=0 refs=0 result=0xf
MODERN_NOTIFICATION_PORT_STATE phase=before selector=17 connect=2D03 id=1 port=3C07 right=2 refs=0 result=0xf
MODERN_NOTIFICATION_PORT_STATE phase=after selector=17 connect=2D03 id=1 port=3C07 right=1 refs=0 result=0xf
MODERN_NOTIFICATION_PORT_STATE phase=after selector=17 connect=2D03 id=1 port=3C07 right=0 refs=0 result=0xf
MODERN_NOTIFICATION_PORT_STATE phase=after selector=17 connect=2D03 id=1 port=3C07 right=2 refs=0 result=0xf
AGX_RESULT selector=17 status=0 scalar_out=0 struct_out=0
MODERN_QUEUE_LIFECYCLE selector=17 id=1
MODERN_NOTIFICATION_PORT_STATE phase=after selector=8 connect=2D03 id=1 port=3C07 right=1 refs=0 result=0xf
MODERN_NOTIFICATION_PORT_STATE phase=after selector=8 connect=2D03 id=1 port=3C07 right=0 refs=0 result=0xf
MODERN_NOTIFICATION_PORT_STATE phase=after selector=8 connect=2D03 id=1 port=3C07 right=2 refs=0 result=0xf
AGX_RESULT selector=8 status=0 scalar_out=0 struct_out=0
MODERN_QUEUE_LIFECYCLE selector=8 id=1
Selector 15, 2D03, 2D03
AGX_CALL selector=15 scalar_in=1 struct_in=0 scalar_out_capacity=0 struct_out_capacity=0
2D03: call F (out 0x0, 0) 2
AGX_RESULT selector=15 status=0 scalar_out=0 struct_out=0
MODERN_OPAQUE_LIFECYCLE selector=15 value=2
Selector 15, 2D03, 2D03
AGX_CALL selector=15 scalar_in=1 struct_in=0 scalar_out_capacity=0 struct_out_capacity=0
2D03: call F (out 0x0, 0) 1
AGX_RESULT selector=15 status=0 scalar_out=0 struct_out=0
MODERN_OPAQUE_LIFECYCLE selector=15 value=1
AO46_AGX_PRIVATE_WINSYS_CALL name=resource-release capture_id=0 return_hook=0 x0=0x0000000b0ac21190 x1=0x00000001fd95aea8 x2=0x0000000b0b1c0000 x3=0x0000000000000001 x4=0x000000016fdfe130 x5=0x000000016fdfe18f
Trap1 connect=2D03, index=1, p1=17, result=0
AO46_AGX_PRIVATE_WINSYS_CALL name=resource-release capture_id=0 return_hook=0 x0=0x0000000b0ac21230 x1=0x00000001fd95aea8 x2=0x0000000b0b1c0180 x3=0x0000000000000001 x4=0x0000000b0b1c0080 x5=0x000000016fdfe040
Trap1 connect=2D03, index=1, p1=18, result=0
AO46_AGX_PRIVATE_WINSYS_CALL name=resource-release capture_id=0 return_hook=0 x0=0x0000000b0ac21550 x1=0x00000001fd95aea8 x2=0x0000000b0b1c0900 x3=0x0000000000000001 x4=0x0000000b0b1c0200 x5=0x000000016fdfe040
Trap1 connect=2D03, index=1, p1=1d, result=0
AO46_AGX_PRIVATE_WINSYS_CALL name=resource-release capture_id=0 return_hook=0 x0=0x0000000b0ac212d0 x1=0x00000001fd95aea8 x2=0x0000000b0b1c0300 x3=0x0000000000000001 x4=0x0000000b0b1c0980 x5=0x000000016fdfe040
Trap1 connect=2D03, index=1, p1=19, result=0
AO46_AGX_PRIVATE_WINSYS_CALL name=resource-release capture_id=0 return_hook=0 x0=0x0000000b0ac21370 x1=0x00000001fd95aea8 x2=0x0000000b0b1c0480 x3=0x0000000000000001 x4=0x0000000b0b1c0380 x5=0x000000016fdfe040
Trap1 connect=2D03, index=1, p1=1a, result=0
AO46_AGX_PRIVATE_WINSYS_CALL name=resource-release capture_id=0 return_hook=0 x0=0x0000000b0ac21410 x1=0x00000001fd95aea8 x2=0x0000000b0b1c0600 x3=0x0000000000000001 x4=0x0000000b0b1c0500 x5=0x000000016fdfe040
Trap1 connect=2D03, index=1, p1=1b, result=0
AO46_AGX_PRIVATE_WINSYS_CALL name=resource-release capture_id=0 return_hook=0 x0=0x0000000b0ac214b0 x1=0x00000001fd95aea8 x2=0x0000000b0b1c0780 x3=0x0000000000000001 x4=0x0000000b0b1c0680 x5=0x000000016fdfe040
Trap1 connect=2D03, index=1, p1=1c, result=0
Process 9944 launched: '/Users/gitanshchakravarty/MGL/Khronos_AppleICDs/OpenGL_4.6(Core Profile)/mesa/build-ao46-asahi-arm64/src/asahi/lib/asahi_macos_compute_resource_record_trace' (arm64)
Process 9944 exited with status = 0 (0x00000000)
