java version "25.0.2" 2026-01-20 LTS
Java(TM) SE Runtime Environment (build 25.0.2+10-LTS-69)
Java HotSpot(TM) 64-Bit Server VM (build 25.0.2+10-LTS-69, mixed mode)
INFO  Using log config file: jar:file:/opt/homebrew/Cellar/ghidra/12.1.2/libexec/Ghidra/Framework/Generic/lib/Generic.jar!/generic.log4j.xml (LoggingInitialization)
INFO  Using log file: <USER_HOME>/<GHIDRA_HOME>/ghidra_12.1.2_PUBLIC/application.log (LoggingInitialization)
INFO  Loading user preferences: <USER_HOME>/<GHIDRA_HOME>/ghidra_12.1.2_PUBLIC/preferences (Preferences)
INFO  Loading previous preferences: <USER_HOME>/<GHIDRA_HOME>/ghidra_12.0.3_PUBLIC/preferences (Preferences)
INFO  Searching for classes... (ClassSearcher)
INFO  Class search complete (302 ms) (ClassSearcher)
INFO  Initializing SSL Context (DefaultSSLContextInitializer)
INFO  Initializing Random Number Generator... (SecureRandomFactory)
INFO  Random Number Generator initialization complete: NativePRNGNonBlocking (SecureRandomFactory)
INFO  Trust manager disabled, cacerts have not been set (DefaultTrustManagerFactory)
INFO  Headless startup complete (777 ms) (AnalyzeHeadless)
INFO  Class searcher loaded 59 extension points (20 false positives) (ClassSearcher)
WARNING: A terminally deprecated method in sun.misc.Unsafe has been called
WARNING: sun.misc.Unsafe::staticFieldOffset has been called by org.apache.felix.framework.util.SecureAction (file:/opt/homebrew/Cellar/ghidra/12.1.2/libexec/Ghidra/Features/Base/lib/org.apache.felix.framework-7.0.5.jar)
WARNING: Please consider reporting this to the maintainers of class org.apache.felix.framework.util.SecureAction
WARNING: sun.misc.Unsafe::staticFieldOffset will be removed in a future release
INFO  HEADLESS Script Paths:
    /opt/homebrew/Cellar/ghidra/12.1.2/libexec/Ghidra/Features/SystemEmulation/ghidra_scripts
    /opt/homebrew/Cellar/ghidra/12.1.2/libexec/Ghidra/Features/Base/ghidra_scripts
    /opt/homebrew/Cellar/ghidra/12.1.2/libexec/Ghidra/Features/FunctionID/ghidra_scripts
    /opt/homebrew/Cellar/ghidra/12.1.2/libexec/Ghidra/Features/WildcardAssembler/ghidra_scripts
    /opt/homebrew/Cellar/ghidra/12.1.2/libexec/Ghidra/Features/MicrosoftCodeAnalyzer/ghidra_scripts
    /opt/homebrew/Cellar/ghidra/12.1.2/libexec/Ghidra/Features/FileFormats/ghidra_scripts
    /opt/homebrew/Cellar/ghidra/12.1.2/libexec/Ghidra/Processors/Atmel/ghidra_scripts
    /opt/homebrew/Cellar/ghidra/12.1.2/libexec/Ghidra/Features/DecompilerDependent/ghidra_scripts
    /opt/homebrew/Cellar/ghidra/12.1.2/libexec/Ghidra/Processors/8051/ghidra_scripts
    /opt/homebrew/Cellar/ghidra/12.1.2/libexec/Ghidra/Processors/DATA/ghidra_scripts
    /opt/homebrew/Cellar/ghidra/12.1.2/libexec/Ghidra/Processors/JVM/ghidra_scripts
    <USER_HOME>/MGL/Khronos_AppleICDs/OpenGL_4.6(Core Profile)/Apple_ICD/scripts/ghidra
    /opt/homebrew/Cellar/ghidra/12.1.2/libexec/Ghidra/Features/GnuDemangler/ghidra_scripts
    /opt/homebrew/Cellar/ghidra/12.1.2/libexec/Ghidra/Debug/Debugger/ghidra_scripts
    /opt/homebrew/Cellar/ghidra/12.1.2/libexec/Ghidra/Features/BSim/ghidra_scripts
    /opt/homebrew/Cellar/ghidra/12.1.2/libexec/Ghidra/Features/BytePatterns/ghidra_scripts
    /opt/homebrew/Cellar/ghidra/12.1.2/libexec/Ghidra/Features/PyGhidra/ghidra_scripts
    /opt/homebrew/Cellar/ghidra/12.1.2/libexec/Ghidra/Debug/Debugger-rmi-trace/ghidra_scripts
    /opt/homebrew/Cellar/ghidra/12.1.2/libexec/Ghidra/Features/Decompiler/ghidra_scripts
    /opt/homebrew/Cellar/ghidra/12.1.2/libexec/Ghidra/Features/SwiftDemangler/ghidra_scripts
    /opt/homebrew/Cellar/ghidra/12.1.2/libexec/Ghidra/Features/VersionTracking/ghidra_scripts
    /opt/homebrew/Cellar/ghidra/12.1.2/libexec/Ghidra/Features/PDB/ghidra_scripts
    /opt/homebrew/Cellar/ghidra/12.1.2/libexec/Ghidra/Processors/PIC/ghidra_scripts (HeadlessAnalyzer)
INFO  HEADLESS: execution starts (HeadlessAnalyzer)
INFO  Opening existing project: <TMPDIR>/ao46-ghidra-agx-g16x.F6jwBn/project/AO46AGXResidency (HeadlessAnalyzer)
INFO  Opening project: <TMPDIR>/ao46-ghidra-agx-g16x.F6jwBn/project/AO46AGXResidency (HeadlessProject)
INFO  REPORT: Processing project file: /AGXMetalG16X.arm64e (HeadlessAnalyzer)
INFO  REPORT: Execute script: AO46ImportAndExportIOGPU.java '/System/Volumes/Preboot/Cryptexes/OS/System/Library/dyld/dyld_shared_cache_arm64e' '/System/Library/PrivateFrameworks/IOGPU.framework/Versions/A/IOGPU' '<TMPDIR>/ao46-ghidra-agx-g16x.F6jwBn/output/iogpu-constructor-candidates.txt'  (HeadlessAnalyzer)
INFO  SCRIPT: <USER_HOME>/MGL/Khronos_AppleICDs/OpenGL_4.6(Core Profile)/Apple_ICD/scripts/ghidra/AO46ImportAndExportIOGPU.java (HeadlessAnalyzer)
INFO  Using Loader: Extracted DYLD Component (ProgramLoader)
INFO  Using Language/Compiler: AARCH64:LE:64:AppleSilicon:default (ProgramLoader)
INFO  Using Library Search Path: [., /System/Library/dyld/dyld_shared_cache_arm64e, /System/Library/dyld/dyld_shared_cache_x86_64, /System/Library/dyld/dyld_shared_cache_x86_64h, /System/Cryptexes/OS/System/Library/dyld/dyld_shared_cache_arm64e, /System/Cryptexes/OS/System/Library/dyld/dyld_shared_cache_x86_64, /System/Cryptexes/OS/System/Library/dyld/dyld_shared_cache_x86_64h, <USER_HOME>/Library/Java/Extensions, /Library/Java/Extensions, /Network/Library/Java/Extensions, /System/Library/Java/Extensions, /usr/lib/java] (ProgramLoader)
INFO  Additional info:
Loading file:///System/Volumes/Preboot/Cryptexes/OS/System/Library/dyld/dyld_shared_cache_arm64e?MD5=668ee4d698ad9972b88d96cdb62e0f12|dyldcachev1:///System/Library/PrivateFrameworks/IOGPU.framework/Versions/A/IOGPU?MD5=d2bb4e649411f5c82c3e6b49fbfbfb21...
IOGPU: installed 8 objc SpecExtensions
------------------------------------------------

 (ProgramLoader)
INFO  hit non-returning function, restarting decompiler switch analyzer later (DecompilerSwitchAnalyzer)
INFO  Packed database cache: <VARTMP>/<USER>-ghidra/packed-db-cache (PackedDatabaseCache)
INFO  Applied data type archive: generic_clib_64 (ApplyDataArchiveAnalyzer)
WARN  Unable to fully apply external demangled Address Table at 1a56aed900: std::length_error::typeinfo (DemangledAddressTable)
WARN  Unable to fully apply external demangled Address Table at 1a56aeda00: std::bad_array_new_length::typeinfo (DemangledAddressTable)
WARN  Unable to fully apply external demangled Address Table at 1a56aedb00: std::length_error::vtable (DemangledAddressTable)
WARN  Unable to fully apply external demangled Address Table: <EXTERNAL>::std::length_error::typeinfo (DemangledAddressTable)
WARN  Unable to fully apply external demangled Address Table: <EXTERNAL>::std::bad_array_new_length::typeinfo (DemangledAddressTable)
WARN  Unable to fully apply external demangled Address Table: <EXTERNAL>::std::length_error::vtable (DemangledAddressTable)
INFO  Applied data type archive: generic_clib_64 (ApplyDataArchiveAnalyzer)
INFO  -----------------------------------------------------
    AARCH64 ELF PLT Thunks                     0.000 secs
    ASCII Strings                             81.284 secs
    Apply Data Archives                        0.234 secs
    Basic Constant Reference Analyzer          1.439 secs
    CFStrings                                  0.033 secs
    Call Convention ID                         5.722 secs
    Call-Fixup Installer                       0.025 secs
    Create Address Tables                      0.233 secs
    Create Address Tables - One Time           5.317 secs
    Create Function                            0.167 secs
    Data Reference                             0.280 secs
    Decompiler Switch Analysis                 7.309 secs
    Decompiler Switch Analysis - One Time      2.621 secs
    Demangler GNU                              0.360 secs
    Disassemble                                0.418 secs
    Disassemble Entry Points                   0.400 secs
    Disassemble Entry Points - One Time        0.086 secs
    Embedded Media                             0.303 secs
    External Entry References                  0.000 secs
    Function ID                                0.019 secs
    Function Start Search                      0.058 secs
    Function Start Search After Code           0.041 secs
    Function Start Search After Data           0.050 secs
    Function Start Search delayed - One Time   0.039 secs
    Non-Returning Functions - Discovered       0.219 secs
    Objective-C Message Analyzer               9.825 secs
    Objective-C Type Metadata Analyzer         1.360 secs
    Reference                                  0.105 secs
    Shared Return Calls                        0.178 secs
    Stack                                      1.436 secs
    Subroutine References                      0.062 secs
    Subroutine References - One Time           0.000 secs
-----------------------------------------------------
     Total Time   119 secs
-----------------------------------------------------
 (AutoAnalysisManager)
INFO  REPORT: Save succeeded for processed file: /AGXMetalG16X.arm64e (HeadlessAnalyzer)
