java version "25.0.2" 2026-01-20 LTS
Java(TM) SE Runtime Environment (build 25.0.2+10-LTS-69)
Java HotSpot(TM) 64-Bit Server VM (build 25.0.2+10-LTS-69, mixed mode)
INFO  Using log config file: jar:file:/opt/homebrew/Cellar/ghidra/12.1.2/libexec/Ghidra/Framework/Generic/lib/Generic.jar!/generic.log4j.xml (LoggingInitialization)
INFO  Using log file: <USER_HOME>/<GHIDRA_HOME>/ghidra_12.1.2_PUBLIC/application.log (LoggingInitialization)
INFO  Loading user preferences: <USER_HOME>/<GHIDRA_HOME>/ghidra_12.1.2_PUBLIC/preferences (Preferences)
INFO  Loading previous preferences: <USER_HOME>/<GHIDRA_HOME>/ghidra_12.0.3_PUBLIC/preferences (Preferences)
INFO  Searching for classes... (ClassSearcher)
INFO  Class search complete (306 ms) (ClassSearcher)
INFO  Initializing SSL Context (DefaultSSLContextInitializer)
INFO  Initializing Random Number Generator... (SecureRandomFactory)
INFO  Random Number Generator initialization complete: NativePRNGNonBlocking (SecureRandomFactory)
INFO  Trust manager disabled, cacerts have not been set (DefaultTrustManagerFactory)
INFO  Headless startup complete (960 ms) (AnalyzeHeadless)
INFO  Class searcher loaded 59 extension points (20 false positives) (ClassSearcher)
WARNING: A terminally deprecated method in sun.misc.Unsafe has been called
WARNING: sun.misc.Unsafe::staticFieldOffset has been called by org.apache.felix.framework.util.SecureAction (file:/opt/homebrew/Cellar/ghidra/12.1.2/libexec/Ghidra/Features/Base/lib/org.apache.felix.framework-7.0.5.jar)
WARNING: Please consider reporting this to the maintainers of class org.apache.felix.framework.util.SecureAction
WARNING: sun.misc.Unsafe::staticFieldOffset will be removed in a future release
INFO  HEADLESS Script Paths:
    /opt/homebrew/Cellar/ghidra/12.1.2/libexec/Ghidra/Features/SystemEmulation/ghidra_scripts
    /opt/homebrew/Cellar/ghidra/12.1.2/libexec/Ghidra/Features/Base/ghidra_scripts
    /opt/homebrew/Cellar/ghidra/12.1.2/libexec/Ghidra/Features/FunctionID/ghidra_scripts
    /opt/homebrew/Cellar/ghidra/12.1.2/libexec/Ghidra/Features/WildcardAssembler/ghidra_scripts
    /opt/homebrew/Cellar/ghidra/12.1.2/libexec/Ghidra/Features/MicrosoftCodeAnalyzer/ghidra_scripts
    /opt/homebrew/Cellar/ghidra/12.1.2/libexec/Ghidra/Features/FileFormats/ghidra_scripts
    /opt/homebrew/Cellar/ghidra/12.1.2/libexec/Ghidra/Processors/Atmel/ghidra_scripts
    /opt/homebrew/Cellar/ghidra/12.1.2/libexec/Ghidra/Features/DecompilerDependent/ghidra_scripts
    /opt/homebrew/Cellar/ghidra/12.1.2/libexec/Ghidra/Processors/8051/ghidra_scripts
    /opt/homebrew/Cellar/ghidra/12.1.2/libexec/Ghidra/Processors/DATA/ghidra_scripts
    /opt/homebrew/Cellar/ghidra/12.1.2/libexec/Ghidra/Processors/JVM/ghidra_scripts
    <USER_HOME>/MGL/Khronos_AppleICDs/OpenGL_4.6(Core Profile)/Apple_ICD/scripts/ghidra
    /opt/homebrew/Cellar/ghidra/12.1.2/libexec/Ghidra/Features/GnuDemangler/ghidra_scripts
    /opt/homebrew/Cellar/ghidra/12.1.2/libexec/Ghidra/Debug/Debugger/ghidra_scripts
    /opt/homebrew/Cellar/ghidra/12.1.2/libexec/Ghidra/Features/BSim/ghidra_scripts
    /opt/homebrew/Cellar/ghidra/12.1.2/libexec/Ghidra/Features/BytePatterns/ghidra_scripts
    /opt/homebrew/Cellar/ghidra/12.1.2/libexec/Ghidra/Features/PyGhidra/ghidra_scripts
    /opt/homebrew/Cellar/ghidra/12.1.2/libexec/Ghidra/Debug/Debugger-rmi-trace/ghidra_scripts
    /opt/homebrew/Cellar/ghidra/12.1.2/libexec/Ghidra/Features/Decompiler/ghidra_scripts
    /opt/homebrew/Cellar/ghidra/12.1.2/libexec/Ghidra/Features/SwiftDemangler/ghidra_scripts
    /opt/homebrew/Cellar/ghidra/12.1.2/libexec/Ghidra/Features/VersionTracking/ghidra_scripts
    /opt/homebrew/Cellar/ghidra/12.1.2/libexec/Ghidra/Features/PDB/ghidra_scripts
    /opt/homebrew/Cellar/ghidra/12.1.2/libexec/Ghidra/Processors/PIC/ghidra_scripts (HeadlessAnalyzer)
INFO  HEADLESS: execution starts (HeadlessAnalyzer)
INFO  Creating project: <TMPDIR>/ao46-ghidra-agx-g16x.F6jwBn/project/AO46AGXResidency (HeadlessAnalyzer)
INFO  Creating project: <TMPDIR>/ao46-ghidra-agx-g16x.F6jwBn/project/AO46AGXResidency (DefaultProject)
INFO  REPORT: Processing input files:  (HeadlessAnalyzer)
INFO       project: <TMPDIR>/ao46-ghidra-agx-g16x.F6jwBn/project/AO46AGXResidency (HeadlessAnalyzer)
INFO  IMPORTING: file://<TMPDIR>/ao46-ghidra-agx-g16x.F6jwBn/AGXMetalG16X.arm64e (HeadlessAnalyzer)
INFO  Using Loader: Mac OS X Mach-O (ProgramLoader)
INFO  Using Language/Compiler: AARCH64:LE:64:AppleSilicon:default (ProgramLoader)
INFO  Using Library Search Path: [., /System/Library/dyld/dyld_shared_cache_arm64e, /System/Library/dyld/dyld_shared_cache_x86_64, /System/Library/dyld/dyld_shared_cache_x86_64h, /System/Cryptexes/OS/System/Library/dyld/dyld_shared_cache_arm64e, /System/Cryptexes/OS/System/Library/dyld/dyld_shared_cache_x86_64, /System/Cryptexes/OS/System/Library/dyld/dyld_shared_cache_x86_64h, <USER_HOME>/Library/Java/Extensions, /Library/Java/Extensions, /Network/Library/Java/Extensions, /System/Library/Java/Extensions, /usr/lib/java] (ProgramLoader)
INFO  Additional info:
Loading file://<TMPDIR>/ao46-ghidra-agx-g16x.F6jwBn/AGXMetalG16X.arm64e?MD5=0cb23989f0b73c483853e2fe08b6d147...
Discovered 15377 DYLD_CHAINED_PTR_ARM64E_USERLAND24 chained pointers.
Fixed up 15377 chained pointers.
AGXMetalG16X.arm64e: installed 8 objc SpecExtensions
------------------------------------------------

Linking the External Programs of 'AGXMetalG16X.arm64e' to imported libraries...
  [/System/Library/PrivateFrameworks/AggregateDictionary.framework/Versions/A/AggregateDictionary] -> not found in project
  [/System/Library/PrivateFrameworks/CoreAnalytics.framework/Versions/A/CoreAnalytics] -> not found in project
  [/System/Library/Frameworks/Foundation.framework/Versions/C/Foundation] -> not found in project
  [/System/Library/PrivateFrameworks/GPURawCounter.framework/Versions/A/GPURawCounter] -> not found in project
  [/System/Library/PrivateFrameworks/IOGPU.framework/Versions/A/IOGPU] -> not found in project
  [/System/Library/Frameworks/IOKit.framework/Versions/A/IOKit] -> not found in project
  [/System/Library/Frameworks/IOSurface.framework/Versions/A/IOSurface] -> not found in project
  [/usr/lib/libcompression.dylib] -> not found in project
  [/usr/lib/libMobileGestalt.dylib] -> not found in project
  [/System/Library/Frameworks/Metal.framework/Versions/A/Metal] -> not found in project
  [/usr/lib/libobjc.A.dylib] -> not found in project
  [/usr/lib/libc++.1.dylib] -> not found in project
  [/usr/lib/libSystem.B.dylib] -> not found in project
  [/System/Library/Frameworks/CoreFoundation.framework/Versions/A/CoreFoundation] -> not found in project
------------------------------------------------

 (ProgramLoader)
INFO  IMPORTING: Loaded 0 additional files (HeadlessAnalyzer)
INFO  ANALYZING all memory and code: file://<TMPDIR>/ao46-ghidra-agx-g16x.F6jwBn/AGXMetalG16X.arm64e (HeadlessAnalyzer)
INFO  hit non-returning function, restarting decompiler switch analyzer later (DecompilerSwitchAnalyzer)
ERROR VarnodeContext: out of address spaces at @0020cb5c for: d20-0020cb5c (VarnodeContext)
INFO  Packed database cache: <VARTMP>/<USER>-ghidra/packed-db-cache (PackedDatabaseCache)
INFO  Applied data type archive: mac_osx (ApplyDataArchiveAnalyzer)
WARN  Unable to fully apply external demangled Address Table at 00b48900: std::ifstream::VTT (DemangledAddressTable)
WARN  Unable to fully apply external demangled Address Table at 00b48a00: std::stringstream::VTT (DemangledAddressTable)
WARN  Unable to fully apply external demangled Address Table at 00b48b00: std::ifstream::vtable (DemangledAddressTable)
WARN  Unable to fully apply external demangled Address Table at 00b48c00: std::streambuf::vtable (DemangledAddressTable)
WARN  Unable to fully apply external demangled Address Table at 00b48d00: std::stringbuf::vtable (DemangledAddressTable)
WARN  Unable to fully apply external demangled Address Table at 00b48e00: std::stringstream::vtable (DemangledAddressTable)
WARN  Unable to fully apply external demangled Address Table: /usr/lib/libc++.1.dylib::std::ifstream::VTT (DemangledAddressTable)
WARN  Unable to fully apply external demangled Address Table: /usr/lib/libc++.1.dylib::std::stringstream::VTT (DemangledAddressTable)
WARN  Unable to fully apply external demangled Address Table: /usr/lib/libc++.1.dylib::std::ifstream::vtable (DemangledAddressTable)
WARN  Unable to fully apply external demangled Address Table: /usr/lib/libc++.1.dylib::std::streambuf::vtable (DemangledAddressTable)
WARN  Unable to fully apply external demangled Address Table: /usr/lib/libc++.1.dylib::std::stringbuf::vtable (DemangledAddressTable)
WARN  Unable to fully apply external demangled Address Table: /usr/lib/libc++.1.dylib::std::stringstream::vtable (DemangledAddressTable)
ERROR VarnodeContext: out of address spaces at @0020cb8c for: x17-0020cb8c (VarnodeContext)
INFO  -----------------------------------------------------
    AARCH64 ELF PLT Thunks                     0.000 secs
    ASCII Strings                              0.516 secs
    Apply Data Archives                        0.232 secs
    Basic Constant Reference Analyzer         24.034 secs
    CFStrings                                  0.032 secs
    Call Convention ID                        97.625 secs
    Call-Fixup Installer                       0.180 secs
    Create Address Tables                      0.908 secs
    Create Address Tables - One Time           0.195 secs
    Create Function                            1.259 secs
    Data Reference                             0.827 secs
    Decompiler Switch Analysis                16.550 secs
    Decompiler Switch Analysis - One Time     15.286 secs
    Demangler GNU                              1.767 secs
    Disassemble                                7.034 secs
    Disassemble Entry Points                  11.258 secs
    Disassemble Entry Points - One Time        8.871 secs
    Embedded Media                             0.046 secs
    External Entry References                  0.001 secs
    Function ID                                0.024 secs
    Function Start Search                      0.197 secs
    Function Start Search After Code           0.213 secs
    Function Start Search After Data           0.319 secs
    Function Start Search delayed - One Time   0.592 secs
    Mach-O Function Starts                     6.006 secs
    Non-Returning Functions - Discovered       0.965 secs
    Non-Returning Functions - Known            0.017 secs
    Objective-C Message Analyzer             122.043 secs
    Objective-C Type Metadata Analyzer         7.460 secs
    Reference                                  0.692 secs
    Shared Return Calls                        1.000 secs
    Stack                                     30.783 secs
    Subroutine References                      0.392 secs
    Subroutine References - One Time           0.009 secs
-----------------------------------------------------
     Total Time   357 secs
-----------------------------------------------------
 (AutoAnalysisManager)
INFO  REPORT: Analysis succeeded for file: file://<TMPDIR>/ao46-ghidra-agx-g16x.F6jwBn/AGXMetalG16X.arm64e (HeadlessAnalyzer)
INFO  REPORT: Execute script: AO46ExportAGXResidency.java '<TMPDIR>/ao46-ghidra-agx-g16x.F6jwBn/output/agx-residency-decompile.txt'  (HeadlessAnalyzer)
INFO  SCRIPT: <USER_HOME>/MGL/Khronos_AppleICDs/OpenGL_4.6(Core Profile)/Apple_ICD/scripts/ghidra/AO46ExportAGXResidency.java (HeadlessAnalyzer)
INFO  ANALYZING changes made by post scripts: file://<TMPDIR>/ao46-ghidra-agx-g16x.F6jwBn/AGXMetalG16X.arm64e (HeadlessAnalyzer)
INFO  REPORT: Post-analysis succeeded for file: file://<TMPDIR>/ao46-ghidra-agx-g16x.F6jwBn/AGXMetalG16X.arm64e (HeadlessAnalyzer)
INFO  /AGXMetalG16X.arm64e: file created (<USER>) (LocalFileSystem)
INFO  REPORT: Save succeeded for: /AGXMetalG16X.arm64e (AO46AGXResidency:/AGXMetalG16X.arm64e) (HeadlessAnalyzer)
INFO  REPORT: Import succeeded (HeadlessAnalyzer)
