java version "25.0.2" 2026-01-20 LTS
Java(TM) SE Runtime Environment (build 25.0.2+10-LTS-69)
Java HotSpot(TM) 64-Bit Server VM (build 25.0.2+10-LTS-69, mixed mode)
INFO  Using log config file: jar:file:/opt/homebrew/Cellar/ghidra/12.1.2/libexec/Ghidra/Framework/Generic/lib/Generic.jar!/generic.log4j.xml (LoggingInitialization)  
INFO  Using log file: /Users/gitanshchakravarty/Library/ghidra/ghidra_12.1.2_PUBLIC/application.log (LoggingInitialization)  
INFO  Loading user preferences: /Users/gitanshchakravarty/Library/ghidra/ghidra_12.1.2_PUBLIC/preferences (Preferences)  
INFO  Loading previous preferences: /Users/gitanshchakravarty/Library/ghidra/ghidra_12.0.3_PUBLIC/preferences (Preferences)  
INFO  Searching for classes... (ClassSearcher)  
INFO  Class search complete (313 ms) (ClassSearcher)  
INFO  Initializing SSL Context (DefaultSSLContextInitializer)  
INFO  Initializing Random Number Generator... (SecureRandomFactory)  
INFO  Random Number Generator initialization complete: NativePRNGNonBlocking (SecureRandomFactory)  
INFO  Trust manager disabled, cacerts have not been set (DefaultTrustManagerFactory)  
INFO  Headless startup complete (859 ms) (AnalyzeHeadless)  
INFO  Class searcher loaded 59 extension points (20 false positives) (ClassSearcher)  
WARNING: A terminally deprecated method in sun.misc.Unsafe has been called
WARNING: sun.misc.Unsafe::staticFieldOffset has been called by org.apache.felix.framework.util.SecureAction (file:/opt/homebrew/Cellar/ghidra/12.1.2/libexec/Ghidra/Features/Base/lib/org.apache.felix.framework-7.0.5.jar)
WARNING: Please consider reporting this to the maintainers of class org.apache.felix.framework.util.SecureAction
WARNING: sun.misc.Unsafe::staticFieldOffset will be removed in a future release
INFO  HEADLESS Script Paths:
    /opt/homebrew/Cellar/ghidra/12.1.2/libexec/Ghidra/Features/SystemEmulation/ghidra_scripts
    /opt/homebrew/Cellar/ghidra/12.1.2/libexec/Ghidra/Features/Base/ghidra_scripts
    /opt/homebrew/Cellar/ghidra/12.1.2/libexec/Ghidra/Features/FunctionID/ghidra_scripts
    /opt/homebrew/Cellar/ghidra/12.1.2/libexec/Ghidra/Features/WildcardAssembler/ghidra_scripts
    /opt/homebrew/Cellar/ghidra/12.1.2/libexec/Ghidra/Features/MicrosoftCodeAnalyzer/ghidra_scripts
    /opt/homebrew/Cellar/ghidra/12.1.2/libexec/Ghidra/Features/FileFormats/ghidra_scripts
    /opt/homebrew/Cellar/ghidra/12.1.2/libexec/Ghidra/Processors/Atmel/ghidra_scripts
    /opt/homebrew/Cellar/ghidra/12.1.2/libexec/Ghidra/Features/DecompilerDependent/ghidra_scripts
    /opt/homebrew/Cellar/ghidra/12.1.2/libexec/Ghidra/Processors/8051/ghidra_scripts
    /opt/homebrew/Cellar/ghidra/12.1.2/libexec/Ghidra/Processors/DATA/ghidra_scripts
    /opt/homebrew/Cellar/ghidra/12.1.2/libexec/Ghidra/Processors/JVM/ghidra_scripts
    /Users/gitanshchakravarty/MGL/Khronos_AppleICDs/OpenGL_4.6(Core Profile)/Apple_ICD/scripts/ghidra
    /opt/homebrew/Cellar/ghidra/12.1.2/libexec/Ghidra/Features/GnuDemangler/ghidra_scripts
    /opt/homebrew/Cellar/ghidra/12.1.2/libexec/Ghidra/Debug/Debugger/ghidra_scripts
    /opt/homebrew/Cellar/ghidra/12.1.2/libexec/Ghidra/Features/BSim/ghidra_scripts
    /opt/homebrew/Cellar/ghidra/12.1.2/libexec/Ghidra/Features/BytePatterns/ghidra_scripts
    /opt/homebrew/Cellar/ghidra/12.1.2/libexec/Ghidra/Features/PyGhidra/ghidra_scripts
    /opt/homebrew/Cellar/ghidra/12.1.2/libexec/Ghidra/Debug/Debugger-rmi-trace/ghidra_scripts
    /opt/homebrew/Cellar/ghidra/12.1.2/libexec/Ghidra/Features/Decompiler/ghidra_scripts
    /opt/homebrew/Cellar/ghidra/12.1.2/libexec/Ghidra/Features/SwiftDemangler/ghidra_scripts
    /opt/homebrew/Cellar/ghidra/12.1.2/libexec/Ghidra/Features/VersionTracking/ghidra_scripts
    /opt/homebrew/Cellar/ghidra/12.1.2/libexec/Ghidra/Features/PDB/ghidra_scripts
    /opt/homebrew/Cellar/ghidra/12.1.2/libexec/Ghidra/Processors/PIC/ghidra_scripts (HeadlessAnalyzer)  
INFO  HEADLESS: execution starts (HeadlessAnalyzer)  
INFO  Opening existing project: /private/tmp/ao46-ghidra-agx-g16x.F6jwBn/project/AO46AGXResidency (HeadlessAnalyzer)  
INFO  Opening project: /private/tmp/ao46-ghidra-agx-g16x.F6jwBn/project/AO46AGXResidency (HeadlessProject)  
INFO  REPORT: Processing project file: /AGXMetalG16X.arm64e (HeadlessAnalyzer)  
INFO  REPORT: Execute script: AO46ExtractDyldComponent.java '/System/Volumes/Preboot/Cryptexes/OS/System/Library/dyld/dyld_shared_cache_arm64e' '/System/Library/PrivateFrameworks/IOGPU.framework/Versions/A/IOGPU' '/private/tmp/ao46-ghidra-agx-g16x.F6jwBn/IOGPU.arm64e'  (HeadlessAnalyzer)  
INFO  SCRIPT: /Users/gitanshchakravarty/MGL/Khronos_AppleICDs/OpenGL_4.6(Core Profile)/Apple_ICD/scripts/ghidra/AO46ExtractDyldComponent.java (HeadlessAnalyzer)  
ERROR Abort due to Headless analyzer error: Java heap space (HeadlessAnalyzer) java.lang.OutOfMemoryError: Java heap space
	at java.base/java.lang.Long.valueOf(Long.java:1000)
	at ghidra.app.util.bin.FileByteProvider.getBufferFor(FileByteProvider.java:308)
	at ghidra.app.util.bin.FileByteProvider.readBytes(FileByteProvider.java:161)
	at ghidra.app.util.bin.FileByteProvider.readBytes(FileByteProvider.java:136)
	at ghidra.formats.gfilesystem.RefdByteProvider.readBytes(RefdByteProvider.java:95)
	at ghidra.app.util.bin.ByteProviderWrapper.readBytes(ByteProviderWrapper.java:131)
	at ghidra.app.util.bin.BinaryReader.readLong(BinaryReader.java:1105)
	at ghidra.app.util.bin.BinaryReader.readLong(BinaryReader.java:1094)
	at ghidra.app.util.bin.format.macho.dyld.DyldChainedPtr.getChainValue(DyldChainedPtr.java:143)
	at ghidra.app.util.bin.format.macho.dyld.DyldCacheSlideInfo5.processPointerChain(DyldCacheSlideInfo5.java:137)
	at ghidra.app.util.bin.format.macho.dyld.DyldCacheSlideInfo5.getSlideFixups(DyldCacheSlideInfo5.java:108)
	at ghidra.file.formats.ios.dyldcache.DyldCacheExtractor.getSlideFixups(DyldCacheExtractor.java:175)
	at ghidra.file.formats.ios.dyldcache.DyldCacheFileSystem.getByteProvider(DyldCacheFileSystem.java:143)
	at AO46ExtractDyldComponent.run(AO46ExtractDyldComponent.java:37)
	at ghidra.app.script.GhidraScript.executeNormal(GhidraScript.java:460)
	at ghidra.app.script.GhidraScript.doExecute(GhidraScript.java:314)
	at ghidra.app.script.GhidraScript.execute(GhidraScript.java:290)
	at ghidra.app.util.headless.HeadlessAnalyzer.runScript(HeadlessAnalyzer.java:597)
	at ghidra.app.util.headless.HeadlessAnalyzer.runScriptsList(HeadlessAnalyzer.java:941)
	at ghidra.app.util.headless.HeadlessAnalyzer.analyzeProgram(HeadlessAnalyzer.java:1097)
	at ghidra.app.util.headless.HeadlessAnalyzer.processFileNoImport(HeadlessAnalyzer.java:1195)
	at ghidra.app.util.headless.HeadlessAnalyzer.processFolderNoImport(HeadlessAnalyzer.java:1367)
	at ghidra.app.util.headless.HeadlessAnalyzer.processNoImport(HeadlessAnalyzer.java:1396)
	at ghidra.app.util.headless.HeadlessAnalyzer.processLocal(HeadlessAnalyzer.java:461)
	at ghidra.app.util.headless.AnalyzeHeadless.launch(AnalyzeHeadless.java:199)
	at ghidra.GhidraLauncher.launch(GhidraLauncher.java:81)
	at ghidra.Ghidra.main(Ghidra.java:54)
 
