java version "25.0.2" 2026-01-20 LTS
Java(TM) SE Runtime Environment (build 25.0.2+10-LTS-69)
Java HotSpot(TM) 64-Bit Server VM (build 25.0.2+10-LTS-69, mixed mode)
INFO  Using log config file: jar:file:/opt/homebrew/Cellar/ghidra/12.1.2/libexec/Ghidra/Framework/Generic/lib/Generic.jar!/generic.log4j.xml (LoggingInitialization)  
INFO  Using log file: /Users/gitanshchakravarty/Library/ghidra/ghidra_12.1.2_PUBLIC/application.log (LoggingInitialization)  
INFO  Loading user preferences: /Users/gitanshchakravarty/Library/ghidra/ghidra_12.1.2_PUBLIC/preferences (Preferences)  
INFO  Loading previous preferences: /Users/gitanshchakravarty/Library/ghidra/ghidra_12.0.3_PUBLIC/preferences (Preferences)  
INFO  Searching for classes... (ClassSearcher)  
INFO  Class search complete (517 ms) (ClassSearcher)  
INFO  Initializing SSL Context (DefaultSSLContextInitializer)  
INFO  Initializing Random Number Generator... (SecureRandomFactory)  
INFO  Random Number Generator initialization complete: NativePRNGNonBlocking (SecureRandomFactory)  
INFO  Trust manager disabled, cacerts have not been set (DefaultTrustManagerFactory)  
INFO  Headless startup complete (1023 ms) (AnalyzeHeadless)  
INFO  Class searcher loaded 59 extension points (20 false positives) (ClassSearcher)  
WARNING: A terminally deprecated method in sun.misc.Unsafe has been called
WARNING: sun.misc.Unsafe::staticFieldOffset has been called by org.apache.felix.framework.util.SecureAction (file:/opt/homebrew/Cellar/ghidra/12.1.2/libexec/Ghidra/Features/Base/lib/org.apache.felix.framework-7.0.5.jar)
WARNING: Please consider reporting this to the maintainers of class org.apache.felix.framework.util.SecureAction
WARNING: sun.misc.Unsafe::staticFieldOffset will be removed in a future release
INFO  HEADLESS Script Paths:
    /opt/homebrew/Cellar/ghidra/12.1.2/libexec/Ghidra/Features/SystemEmulation/ghidra_scripts
    /opt/homebrew/Cellar/ghidra/12.1.2/libexec/Ghidra/Features/Base/ghidra_scripts
    /opt/homebrew/Cellar/ghidra/12.1.2/libexec/Ghidra/Features/FunctionID/ghidra_scripts
    /opt/homebrew/Cellar/ghidra/12.1.2/libexec/Ghidra/Features/WildcardAssembler/ghidra_scripts
    /opt/homebrew/Cellar/ghidra/12.1.2/libexec/Ghidra/Features/MicrosoftCodeAnalyzer/ghidra_scripts
    /opt/homebrew/Cellar/ghidra/12.1.2/libexec/Ghidra/Features/FileFormats/ghidra_scripts
    /opt/homebrew/Cellar/ghidra/12.1.2/libexec/Ghidra/Processors/Atmel/ghidra_scripts
    /opt/homebrew/Cellar/ghidra/12.1.2/libexec/Ghidra/Features/DecompilerDependent/ghidra_scripts
    /opt/homebrew/Cellar/ghidra/12.1.2/libexec/Ghidra/Processors/8051/ghidra_scripts
    /opt/homebrew/Cellar/ghidra/12.1.2/libexec/Ghidra/Processors/DATA/ghidra_scripts
    /opt/homebrew/Cellar/ghidra/12.1.2/libexec/Ghidra/Processors/JVM/ghidra_scripts
    /Users/gitanshchakravarty/MGL/Khronos_AppleICDs/OpenGL_4.6(Core Profile)/Apple_ICD/scripts/ghidra
    /opt/homebrew/Cellar/ghidra/12.1.2/libexec/Ghidra/Features/GnuDemangler/ghidra_scripts
    /opt/homebrew/Cellar/ghidra/12.1.2/libexec/Ghidra/Debug/Debugger/ghidra_scripts
    /opt/homebrew/Cellar/ghidra/12.1.2/libexec/Ghidra/Features/BSim/ghidra_scripts
    /opt/homebrew/Cellar/ghidra/12.1.2/libexec/Ghidra/Features/BytePatterns/ghidra_scripts
    /opt/homebrew/Cellar/ghidra/12.1.2/libexec/Ghidra/Features/PyGhidra/ghidra_scripts
    /opt/homebrew/Cellar/ghidra/12.1.2/libexec/Ghidra/Debug/Debugger-rmi-trace/ghidra_scripts
    /opt/homebrew/Cellar/ghidra/12.1.2/libexec/Ghidra/Features/Decompiler/ghidra_scripts
    /opt/homebrew/Cellar/ghidra/12.1.2/libexec/Ghidra/Features/SwiftDemangler/ghidra_scripts
    /opt/homebrew/Cellar/ghidra/12.1.2/libexec/Ghidra/Features/VersionTracking/ghidra_scripts
    /opt/homebrew/Cellar/ghidra/12.1.2/libexec/Ghidra/Features/PDB/ghidra_scripts
    /opt/homebrew/Cellar/ghidra/12.1.2/libexec/Ghidra/Processors/PIC/ghidra_scripts (HeadlessAnalyzer)  
INFO  HEADLESS: execution starts (HeadlessAnalyzer)  
INFO  Opening existing project: /private/tmp/ao46-ghidra-agx-g16x.F6jwBn/project/AO46AGXResidency (HeadlessAnalyzer)  
INFO  Opening project: /private/tmp/ao46-ghidra-agx-g16x.F6jwBn/project/AO46AGXResidency (HeadlessProject)  
INFO  REPORT: Processing project file: /AGXMetalG16X.arm64e (HeadlessAnalyzer)  
INFO  REPORT: Execute script: AO46ImportAndExportIOGPU.java '/System/Volumes/Preboot/Cryptexes/OS/System/Library/dyld/dyld_shared_cache_arm64e' '/System/Library/PrivateFrameworks/IOGPU.framework/Versions/A/IOGPU' '/private/tmp/ao46-ghidra-agx-g16x.F6jwBn/output/iogpu-resource-queue-commit-decompile.txt'  (HeadlessAnalyzer)  
INFO  SCRIPT: /Users/gitanshchakravarty/MGL/Khronos_AppleICDs/OpenGL_4.6(Core Profile)/Apple_ICD/scripts/ghidra/AO46ImportAndExportIOGPU.java (HeadlessAnalyzer)  
INFO  Using Loader: Extracted DYLD Component (ProgramLoader)  
INFO  Using Language/Compiler: AARCH64:LE:64:AppleSilicon:default (ProgramLoader)  
INFO  Using Library Search Path: [., /System/Library/dyld/dyld_shared_cache_arm64e, /System/Library/dyld/dyld_shared_cache_x86_64, /System/Library/dyld/dyld_shared_cache_x86_64h, /System/Cryptexes/OS/System/Library/dyld/dyld_shared_cache_arm64e, /System/Cryptexes/OS/System/Library/dyld/dyld_shared_cache_x86_64, /System/Cryptexes/OS/System/Library/dyld/dyld_shared_cache_x86_64h, /Users/gitanshchakravarty/Library/Java/Extensions, /Library/Java/Extensions, /Network/Library/Java/Extensions, /System/Library/Java/Extensions, /usr/lib/java] (ProgramLoader)  
INFO  Additional info:
Loading file:///System/Volumes/Preboot/Cryptexes/OS/System/Library/dyld/dyld_shared_cache_arm64e?MD5=668ee4d698ad9972b88d96cdb62e0f12|dyldcachev1:///System/Library/PrivateFrameworks/IOGPU.framework/Versions/A/IOGPU?MD5=d2bb4e649411f5c82c3e6b49fbfbfb21...
IOGPU: installed 8 objc SpecExtensions
------------------------------------------------

 (ProgramLoader)  
INFO  hit non-returning function, restarting decompiler switch analyzer later (DecompilerSwitchAnalyzer)  
INFO  Packed database cache: /var/tmp/gitanshchakravarty-ghidra/packed-db-cache (PackedDatabaseCache)  
INFO  Applied data type archive: generic_clib_64 (ApplyDataArchiveAnalyzer)  
WARN  Unable to fully apply external demangled Address Table at 1a56aed900: std::length_error::typeinfo (DemangledAddressTable)  
WARN  Unable to fully apply external demangled Address Table at 1a56aeda00: std::bad_array_new_length::typeinfo (DemangledAddressTable)  
WARN  Unable to fully apply external demangled Address Table at 1a56aedb00: std::length_error::vtable (DemangledAddressTable)  
WARN  Unable to fully apply external demangled Address Table: <EXTERNAL>::std::length_error::typeinfo (DemangledAddressTable)  
WARN  Unable to fully apply external demangled Address Table: <EXTERNAL>::std::bad_array_new_length::typeinfo (DemangledAddressTable)  
WARN  Unable to fully apply external demangled Address Table: <EXTERNAL>::std::length_error::vtable (DemangledAddressTable)  
INFO  Applied data type archive: generic_clib_64 (ApplyDataArchiveAnalyzer)  
INFO  -----------------------------------------------------
    AARCH64 ELF PLT Thunks                     0.000 secs
    ASCII Strings                             83.362 secs
    Apply Data Archives                        0.248 secs
    Basic Constant Reference Analyzer          1.484 secs
    CFStrings                                  0.036 secs
    Call Convention ID                         5.717 secs
    Call-Fixup Installer                       0.027 secs
    Create Address Tables                      0.245 secs
    Create Address Tables - One Time           5.877 secs
    Create Function                            0.154 secs
    Data Reference                             0.305 secs
    Decompiler Switch Analysis                 7.334 secs
    Decompiler Switch Analysis - One Time      2.673 secs
    Demangler GNU                              0.348 secs
    Disassemble                                0.455 secs
    Disassemble Entry Points                   0.488 secs
    Disassemble Entry Points - One Time        0.107 secs
    Embedded Media                             0.350 secs
    External Entry References                  0.000 secs
    Function ID                                0.019 secs
    Function Start Search                      0.057 secs
    Function Start Search After Code           0.046 secs
    Function Start Search After Data           0.059 secs
    Function Start Search delayed - One Time   0.038 secs
    Non-Returning Functions - Discovered       0.224 secs
    Objective-C Message Analyzer               9.725 secs
    Objective-C Type Metadata Analyzer         1.422 secs
    Reference                                  0.100 secs
    Shared Return Calls                        0.150 secs
    Stack                                      1.544 secs
    Subroutine References                      0.051 secs
    Subroutine References - One Time           0.001 secs
-----------------------------------------------------
     Total Time   122 secs
-----------------------------------------------------
 (AutoAnalysisManager)  
INFO  REPORT: Save succeeded for processed file: /AGXMetalG16X.arm64e (HeadlessAnalyzer)  
